Archive member included to satisfy reference by file (symbol)

C:\Users\poorn\SimplicityStudio\v4_workspace\soc-thermometer\platform\radio\rail_lib\autogen\librail_release\librail_efr32xg13_gcc_release.a(rail_pti.o)
                              ./pti.o (RAIL_ConfigPti)
C:\Users\poorn\SimplicityStudio\v4_workspace\soc-thermometer\platform\radio\rail_lib\autogen\librail_release\librail_efr32xg13_gcc_release.a(rail_rf_hal.o)
                              C:\Users\poorn\SimplicityStudio\v4_workspace\soc-thermometer\platform\radio\rail_lib\autogen\librail_release\librail_efr32xg13_gcc_release.a(rail_pti.o) (RFHAL_ConfigPti)
C:\Users\poorn\SimplicityStudio\v4_workspace\soc-thermometer\platform\radio\rail_lib\autogen\librail_release\librail_efr32xg13_gcc_release.a(rail_ieee802154_rf_hal.o)
                              C:\Users\poorn\SimplicityStudio\v4_workspace\soc-thermometer\platform\radio\rail_lib\autogen\librail_release\librail_efr32xg13_gcc_release.a(rail_rf_hal.o) (RFHAL_IEEE802154IsEnabled)
C:\Users\poorn\SimplicityStudio\v4_workspace\soc-thermometer\platform\radio\rail_lib\autogen\librail_release\librail_efr32xg13_gcc_release.a(ieee802154_efr32xg13_configurator_out.o)
                              C:\Users\poorn\SimplicityStudio\v4_workspace\soc-thermometer\platform\radio\rail_lib\autogen\librail_release\librail_efr32xg13_gcc_release.a(rail_ieee802154_rf_hal.o) (ieee802154_coherent_min)
C:\Users\poorn\SimplicityStudio\v4_workspace\soc-thermometer\platform\radio\rail_lib\autogen\librail_release\librail_efr32xg13_gcc_release.a(ieee802154_gb868_efr32xg13_configurator_out.o)
                              C:\Users\poorn\SimplicityStudio\v4_workspace\soc-thermometer\platform\radio\rail_lib\autogen\librail_release\librail_efr32xg13_gcc_release.a(rail_ieee802154_rf_hal.o) (ieee802154_gb868_config_915_min)
C:\Users\poorn\SimplicityStudio\v4_workspace\soc-thermometer\platform\radio\rail_lib\autogen\librail_release\librail_efr32xg13_gcc_release.a(rail_ble_rf_hal.o)
                              C:\Users\poorn\SimplicityStudio\v4_workspace\soc-thermometer\platform\radio\rail_lib\autogen\librail_release\librail_efr32xg13_gcc_release.a(rail_rf_hal.o) (RFHAL_IsBleLongRangeEnabled)
C:\Users\poorn\SimplicityStudio\v4_workspace\soc-thermometer\platform\radio\rail_lib\autogen\librail_release\librail_efr32xg13_gcc_release.a(ble_efr32xg13_configurator_out.o)
                              C:\Users\poorn\SimplicityStudio\v4_workspace\soc-thermometer\platform\radio\rail_lib\autogen\librail_release\librail_efr32xg13_gcc_release.a(rail_ble_rf_hal.o) (ble_viterbi2M_min)
C:\Users\poorn\SimplicityStudio\v4_workspace\soc-thermometer\platform\radio\rail_lib\autogen\librail_release\librail_efr32xg13_gcc_release.a(rail_singleprotocol.o)
                              C:\Users\poorn\SimplicityStudio\v4_workspace\soc-thermometer\platform\radio\rail_lib\autogen\librail_release\librail_efr32xg13_gcc_release.a(rail_rf_hal.o) (RAIL_ActiveHandle)
C:\Users\poorn\SimplicityStudio\v4_workspace\soc-thermometer\platform\radio\rail_lib\autogen\librail_release\librail_efr32xg13_gcc_release.a(rail_rf.o)
                              C:\Users\poorn\SimplicityStudio\v4_workspace\soc-thermometer\platform\radio\rail_lib\autogen\librail_release\librail_efr32xg13_gcc_release.a(rail_singleprotocol.o) (RAILCore_Init)
C:\Users\poorn\SimplicityStudio\v4_workspace\soc-thermometer\platform\radio\rail_lib\autogen\librail_release\librail_efr32xg13_gcc_release.a(rail_rx.o)
                              C:\Users\poorn\SimplicityStudio\v4_workspace\soc-thermometer\platform\radio\rail_lib\autogen\librail_release\librail_efr32xg13_gcc_release.a(rail_rf_hal.o) (RAILCore_StartRx)
C:\Users\poorn\SimplicityStudio\v4_workspace\soc-thermometer\platform\radio\rail_lib\autogen\librail_release\librail_efr32xg13_gcc_release.a(rail_tx.o)
                              C:\Users\poorn\SimplicityStudio\v4_workspace\soc-thermometer\platform\radio\rail_lib\autogen\librail_release\librail_efr32xg13_gcc_release.a(rail_singleprotocol.o) (RAILCore_StartTxStream)
C:\Users\poorn\SimplicityStudio\v4_workspace\soc-thermometer\platform\radio\rail_lib\autogen\librail_release\librail_efr32xg13_gcc_release.a(rail_calibration.o)
                              C:\Users\poorn\SimplicityStudio\v4_workspace\soc-thermometer\platform\radio\rail_lib\autogen\librail_release\librail_efr32xg13_gcc_release.a(rail_rf_hal.o) (RAILInt_PendCal)
C:\Users\poorn\SimplicityStudio\v4_workspace\soc-thermometer\platform\radio\rail_lib\autogen\librail_release\librail_efr32xg13_gcc_release.a(rail_data.o)
                              C:\Users\poorn\SimplicityStudio\v4_workspace\soc-thermometer\platform\radio\rail_lib\autogen\librail_release\librail_efr32xg13_gcc_release.a(rail_rf_hal.o) (RAILCb_SetupRxFifo)
C:\Users\poorn\SimplicityStudio\v4_workspace\soc-thermometer\platform\radio\rail_lib\autogen\librail_release\librail_efr32xg13_gcc_release.a(rail_assert.o)
[...]
Memory Configuration

Name             Origin             Length             Attributes
FLASH_BOOTLOADER 0x0fe10000         0x00004000         xr
FLASH            0x00000000         0x0007f000         xr
RAM              0x20000000         0x00010000         xrw
*default*        0x00000000         0xffffffff

Linker script and memory map

LOAD c:/siliconlabs/simplicitystudio/v4/developer/toolchains/gnu_arm/7.2_2017q4/bin/../lib/gcc/arm-none-eabi/7.2.1/thumb/v7e-m/fpv4-sp/softfp/crti.o
LOAD c:/siliconlabs/simplicitystudio/v4/developer/toolchains/gnu_arm/7.2_2017q4/bin/../lib/gcc/arm-none-eabi/7.2.1/thumb/v7e-m/fpv4-sp/softfp/crtbegin.o
LOAD c:/siliconlabs/simplicitystudio/v4/developer/toolchains/gnu_arm/7.2_2017q4/bin/../lib/gcc/arm-none-eabi/7.2.1/../../../../arm-none-eabi/lib/thumb/v7e-m/fpv4-sp/softfp/crt0.o
START GROUP
LOAD ./application_properties.o
LOAD ./gatt_db.o
LOAD ./init_app.o
LOAD ./init_board.o
LOAD ./init_mcu.o
LOAD ./main.o
LOAD ./pti.o
LOAD ./hardware/kit/common/bsp/bsp_stk.o
LOAD ./hardware/kit/common/drivers/i2cspm.o
LOAD ./hardware/kit/common/drivers/mx25flash_spi.o
LOAD ./hardware/kit/common/drivers/si7013.o
LOAD ./hardware/kit/common/drivers/tempsens.o
LOAD ./hardware/kit/common/drivers/udelay.o
LOAD ./platform/Device/SiliconLabs/EFR32BG13P/Source/GCC/startup_efr32bg13p.o
LOAD ./platform/Device/SiliconLabs/EFR32BG13P/Source/system_efr32bg13p.o
LOAD ./platform/emdrv/sleep/src/sleep.o
LOAD ./platform/emlib/src/em_cmu.o
LOAD ./platform/emlib/src/em_core.o
LOAD ./platform/emlib/src/em_cryotimer.o
LOAD ./platform/emlib/src/em_crypto.o
LOAD ./platform/emlib/src/em_emu.o
LOAD ./platform/emlib/src/em_gpio.o
LOAD ./platform/emlib/src/em_i2c.o
LOAD ./platform/emlib/src/em_msc.o
LOAD ./platform/emlib/src/em_rmu.o
LOAD ./platform/emlib/src/em_rtcc.o
LOAD ./platform/emlib/src/em_system.o
LOAD ./platform/emlib/src/em_timer.o
LOAD ./platform/emlib/src/em_usart.o
LOAD C:\Users\poorn\SimplicityStudio\v4_workspace\soc-thermometer\protocol\bluetooth\lib\EFR32BG13P\GCC\libpsstore.a
LOAD C:\Users\poorn\SimplicityStudio\v4_workspace\soc-thermometer\platform\radio\rail_lib\autogen\librail_release\librail_efr32xg13_gcc_release.a
LOAD C:\Users\poorn\SimplicityStudio\v4_workspace\soc-thermometer\protocol\bluetooth\lib\EFR32BG13P\GCC\libmbedtls.a
LOAD C:\Users\poorn\SimplicityStudio\v4_workspace\soc-thermometer\protocol\bluetooth\lib\EFR32BG13P\GCC\binapploader.o
LOAD C:\Users\poorn\SimplicityStudio\v4_workspace\soc-thermometer\protocol\bluetooth\lib\EFR32BG13P\GCC\libbluetooth.a
LOAD c:/siliconlabs/simplicitystudio/v4/developer/toolchains/gnu_arm/7.2_2017q4/bin/../lib/gcc/arm-none-eabi/7.2.1/../../../../arm-none-eabi/lib/thumb/v7e-m/fpv4-sp/softfp\libm.a
END GROUP
START GROUP
LOAD c:/siliconlabs/simplicitystudio/v4/developer/toolchains/gnu_arm/7.2_2017q4/bin/../lib/gcc/arm-none-eabi/7.2.1/thumb/v7e-m/fpv4-sp/softfp\libgcc.a
LOAD c:/siliconlabs/simplicitystudio/v4/developer/toolchains/gnu_arm/7.2_2017q4/bin/../lib/gcc/arm-none-eabi/7.2.1/../../../../arm-none-eabi/lib/thumb/v7e-m/fpv4-sp/softfp\libc_nano.a
LOAD c:/siliconlabs/simplicitystudio/v4/developer/toolchains/gnu_arm/7.2_2017q4/bin/../lib/gcc/arm-none-eabi/7.2.1/../../../../arm-none-eabi/lib/thumb/v7e-m/fpv4-sp/softfp\libnosys.a
END GROUP
START GROUP
LOAD c:/siliconlabs/simplicitystudio/v4/developer/toolchains/gnu_arm/7.2_2017q4/bin/../lib/gcc/arm-none-eabi/7.2.1/thumb/v7e-m/fpv4-sp/softfp\libgcc.a
LOAD c:/siliconlabs/simplicitystudio/v4/developer/toolchains/gnu_arm/7.2_2017q4/bin/../lib/gcc/arm-none-eabi/7.2.1/../../../../arm-none-eabi/lib/thumb/v7e-m/fpv4-sp/softfp\libg_nano.a
LOAD c:/siliconlabs/simplicitystudio/v4/developer/toolchains/gnu_arm/7.2_2017q4/bin/../lib/gcc/arm-none-eabi/7.2.1/../../../../arm-none-eabi/lib/thumb/v7e-m/fpv4-sp/softfp\libc_nano.a
END GROUP
START GROUP
LOAD c:/siliconlabs/simplicitystudio/v4/developer/toolchains/gnu_arm/7.2_2017q4/bin/../lib/gcc/arm-none-eabi/7.2.1/thumb/v7e-m/fpv4-sp/softfp\libgcc.a
LOAD c:/siliconlabs/simplicitystudio/v4/developer/toolchains/gnu_arm/7.2_2017q4/bin/../lib/gcc/arm-none-eabi/7.2.1/../../../../arm-none-eabi/lib/thumb/v7e-m/fpv4-sp/softfp\libc_nano.a
END GROUP
LOAD c:/siliconlabs/simplicitystudio/v4/developer/toolchains/gnu_arm/7.2_2017q4/bin/../lib/gcc/arm-none-eabi/7.2.1/thumb/v7e-m/fpv4-sp/softfp/crtend.o
LOAD c:/siliconlabs/simplicitystudio/v4/developer/toolchains/gnu_arm/7.2_2017q4/bin/../lib/gcc/arm-none-eabi/7.2.1/thumb/v7e-m/fpv4-sp/softfp/crtn.o

.text_bootloader
                0x0fe10000        0x0
 *(.binbootloader*)
                0x0fe10000                . = ALIGN (0x4000)

.text_apploader
                0x00000000     0x8fc0
 *(.binapploader*)
 .binapploader  0x00000000     0x8fc0 C:\Users\poorn\SimplicityStudio\v4_workspace\soc-thermometer\protocol\bluetooth\lib\EFR32BG13P\GCC\binapploader.o

.text_signature
                0x00008fc0       0x40
                0x00009000                . = ALIGN (0x800)
 *fill*         0x00008fc0       0x40 
                0x00009000                __text_start__ = .

.text_application
                0x00009000    0x211f8
 *(.vectors)
 .vectors       0x00009000       0xfc ./platform/Device/SiliconLabs/EFR32BG13P/Source/GCC/startup_efr32bg13p.o
                0x00009000                __Vectors
                0x000090fc                __Vectors_End = .
                0x000000fc                __Vectors_Size = (__Vectors_End - __Vectors)
                0x000090fc                __end__ = .
 *(.application_properties)
 .application_properties
                0x000090fc       0x38 ./application_properties.o
                0x000090fc                applicationProperties
 *(.gecko_configuration)
 *(.xo_configuration)
 *(.gatt_header)
 .gatt_header   0x00009134       0x34 ./gatt_db.o
                0x00009134                bg_gattdb_data
 *(.gatt_data)
 .gatt_data     0x00009168      0x1c6 ./gatt_db.o
                0x00009168                bg_gattdb_data_adv_uuid128_map
                0x0000916c                bg_gattdb_data_adv_uuid16_map
                0x00009170                bg_gattdb_data_attributes_dynamic_mapping_map
                0x00009178                bg_gattdb_data_attributes_map
                0x0000925c                bg_gattdb_data_attribute_field_0
                0x00009260                bg_gattdb_data_attribute_field_1
                0x00009268                bg_gattdb_data_attribute_field_2
                0x00009270                bg_gattdb_data_attribute_field_4
                0x00009274                bg_gattdb_data_attribute_field_5
                0x0000927c                bg_gattdb_data_attribute_field_6
                0x00009284                bg_gattdb_data_attribute_field_7
                0x0000928c                bg_gattdb_data_attribute_field_8
                0x00009290                bg_gattdb_data_attribute_field_9
                0x00009294                bg_gattdb_data_attribute_field_10
                0x0000929c                bg_gattdb_data_attribute_field_11
                0x000092ac                bg_gattdb_data_attribute_field_12
                0x000092b0                bg_gattdb_data_attribute_field_13
                0x000092b8                bg_gattdb_data_attribute_field_14
                0x000092c0                bg_gattdb_data_attribute_field_16
                0x000092d4                bg_gattdb_data_attribute_field_17
                0x000092ec                bg_gattdb_data_attribute_field_18
                0x000092f4                bg_gattdb_data_uuidtable_128_map
                0x00009314                bg_gattdb_data_uuidtable_16_map
 *(.text*)
 *fill*         0x0000932e        0x2 
 .text          0x00009330       0x40 c:/siliconlabs/simplicitystudio/v4/developer/toolchains/gnu_arm/7.2_2017q4/bin/../lib/gcc/arm-none-eabi/7.2.1/thumb/v7e-m/fpv4-sp/softfp/crtbegin.o
 .text          0x00009370       0x74 c:/siliconlabs/simplicitystudio/v4/developer/toolchains/gnu_arm/7.2_2017q4/bin/../lib/gcc/arm-none-eabi/7.2.1/../../../../arm-none-eabi/lib/thumb/v7e-m/fpv4-sp/softfp/crt0.o
                0x00009370                _start
                0x00009370                _mainCRTStartup
 .text.initApp  0x000093e4       0x40 ./init_app.o
                0x000093e4                initApp
 .text.initBoard
                0x00009424       0x48 ./init_board.o
                0x00009424                initBoard
 .text.initMcu  0x0000946c      0x104 ./init_mcu.o
                0x0000946c                initMcu
 .text.temperatureMeasure
                0x00009570       0x70 ./main.o
                0x00009570                temperatureMeasure
 .text.startup.main
                0x000095e0      0x2a0 ./main.o
                0x000095e0                main
 .text.configEnablePti
                0x00009880       0x30 ./pti.o
                0x00009880                configEnablePti
 .text.I2CSPM_Init
                0x000098b0       0xb4 ./hardware/kit/common/drivers/i2cspm.o
                0x000098b0                I2CSPM_Init
 .text.I2CSPM_Transfer
                0x00009964       0x24 ./hardware/kit/common/drivers/i2cspm.o
                0x00009964                I2CSPM_Transfer
 .text.MX25_init
                0x00009988       0xa4 ./hardware/kit/common/drivers/mx25flash_spi.o
                0x00009988                MX25_init
 .text.MX25_DP  0x00009a2c       0x60 ./hardware/kit/common/drivers/mx25flash_spi.o
                0x00009a2c                MX25_DP
 .text.Si7013_Measure
                0x00009a8c       0x50 ./hardware/kit/common/drivers/si7013.o
 .text.Si7013_MeasureRHAndTemp
                0x00009adc       0x58 ./hardware/kit/common/drivers/si7013.o
                0x00009adc                Si7013_MeasureRHAndTemp
 .text.Si7013_Detect
                0x00009b34       0x50 ./hardware/kit/common/drivers/si7013.o
                0x00009b34                Si7013_Detect
 .text.Default_Handler
                0x00009b84        0x4 ./platform/Device/SiliconLabs/EFR32BG13P/Source/GCC/startup_efr32bg13p.o
                0x00009b84                DebugMon_Handler
                0x00009b84                USART0_TX_IRQHandler
                0x00009b84                I2C0_IRQHandler
                0x00009b84                HardFault_Handler
                0x00009b84                SysTick_Handler
                0x00009b84                USART1_RX_IRQHandler
                0x00009b84                PendSV_Handler
                0x00009b84                NMI_Handler
                0x00009b84                I2C1_IRQHandler
                0x00009b84                WTIMER0_IRQHandler
                0x00009b84                CRYPTO0_IRQHandler
                0x00009b84                WDOG0_IRQHandler
                0x00009b84                USART1_TX_IRQHandler
                0x00009b84                SMU_IRQHandler
                0x00009b84                MSC_IRQHandler
                0x00009b84                ADC0_IRQHandler
                0x00009b84                UsageFault_Handler
                0x00009b84                WDOG1_IRQHandler
                0x00009b84                LEUART0_IRQHandler
                0x00009b84                FPUEH_IRQHandler
                0x00009b84                GPIO_EVEN_IRQHandler
                0x00009b84                VDAC0_IRQHandler
                0x00009b84                LDMA_IRQHandler
                0x00009b84                CSEN_IRQHandler
                0x00009b84                CRYPTO1_IRQHandler
                0x00009b84                TIMER0_IRQHandler
                0x00009b84                LETIMER0_IRQHandler
                0x00009b84                TIMER1_IRQHandler
                0x00009b84                TRNG0_IRQHandler
                0x00009b84                USART2_RX_IRQHandler
                0x00009b84                Default_Handler
                0x00009b84                EMU_IRQHandler
                0x00009b84                CRYOTIMER_IRQHandler
                0x00009b84                PCNT0_IRQHandler
                0x00009b84                ACMP0_IRQHandler
                0x00009b84                USART0_RX_IRQHandler
                0x00009b84                MemManage_Handler
                0x00009b84                SVC_Handler
                0x00009b84                RTCC_IRQHandler
                0x00009b84                CMU_IRQHandler
                0x00009b84                GPIO_ODD_IRQHandler
                0x00009b84                LESENSE_IRQHandler
                0x00009b84                BusFault_Handler
                0x00009b84                USART2_TX_IRQHandler
                0x00009b84                IDAC0_IRQHandler
 .text.Reset_Handler
                0x00009b88       0x2c ./platform/Device/SiliconLabs/EFR32BG13P/Source/GCC/startup_efr32bg13p.o
                0x00009b88                Reset_Handler
 .text.SystemMaxCoreClockGet
                0x00009bb4        0x8 ./platform/Device/SiliconLabs/EFR32BG13P/Source/system_efr32bg13p.o
                0x00009bb4                SystemMaxCoreClockGet
 .text.SystemHFClockGet
                0x00009bbc       0x50 ./platform/Device/SiliconLabs/EFR32BG13P/Source/system_efr32bg13p.o
                0x00009bbc                SystemHFClockGet
 .text.SystemCoreClockGet
                0x00009c0c       0x24 ./platform/Device/SiliconLabs/EFR32BG13P/Source/system_efr32bg13p.o
                0x00009c0c                SystemCoreClockGet
 .text.SystemHFXOClockGet
                0x00009c30        0xc ./platform/Device/SiliconLabs/EFR32BG13P/Source/system_efr32bg13p.o
                0x00009c30                SystemHFXOClockGet
 .text.SystemHFXOClockSet
                0x00009c3c       0x3c ./platform/Device/SiliconLabs/EFR32BG13P/Source/system_efr32bg13p.o
                0x00009c3c                SystemHFXOClockSet
 .text.SystemInit
                0x00009c78       0x14 ./platform/Device/SiliconLabs/EFR32BG13P/Source/system_efr32bg13p.o
                0x00009c78                SystemInit
 .text.SystemLFRCOClockGet
                0x00009c8c        0x8 ./platform/Device/SiliconLabs/EFR32BG13P/Source/system_efr32bg13p.o
                0x00009c8c                SystemLFRCOClockGet
 .text.SystemULFRCOClockGet
                0x00009c94        0x8 ./platform/Device/SiliconLabs/EFR32BG13P/Source/system_efr32bg13p.o
                0x00009c94                SystemULFRCOClockGet
 .text.SystemLFXOClockGet
                0x00009c9c        0xc ./platform/Device/SiliconLabs/EFR32BG13P/Source/system_efr32bg13p.o
                0x00009c9c                SystemLFXOClockGet
 .text.SystemLFXOClockSet
                0x00009ca8       0x3c ./platform/Device/SiliconLabs/EFR32BG13P/Source/system_efr32bg13p.o
                0x00009ca8                SystemLFXOClockSet
 .text.sleepCallbackWrapper
                0x00009ce4       0x14 ./platform/emdrv/sleep/src/sleep.o
 .text.enterEMx
                0x00009cf8       0x54 ./platform/emdrv/sleep/src/sleep.o
 .text.SLEEP_Init
                0x00009d4c       0x40 ./platform/emdrv/sleep/src/sleep.o
                0x00009d4c                SLEEP_Init
 .text.SLEEP_Sleep
                0x00009d8c       0x70 ./platform/emdrv/sleep/src/sleep.o
                0x00009d8c                SLEEP_Sleep
 .text.SLEEP_SleepBlockBegin
                0x00009dfc       0x28 ./platform/emdrv/sleep/src/sleep.o
                0x00009dfc                SLEEP_SleepBlockBegin
 .text.SLEEP_SleepBlockEnd
                0x00009e24       0x2c ./platform/emdrv/sleep/src/sleep.o
                0x00009e24                SLEEP_SleepBlockEnd
 .text.SLEEP_LowestEnergyModeGet
                0x00009e50       0x1c ./platform/emdrv/sleep/src/sleep.o
                0x00009e50                SLEEP_LowestEnergyModeGet
 .text.flashWaitStateControl
                0x00009e6c       0x5c ./platform/emlib/src/em_cmu.o
 .text.flashWaitStateMax
                0x00009ec8       0x24 ./platform/emlib/src/em_cmu.o
 .text.CMU_OscillatorTuningSet.part.2
                0x00009eec       0x3c ./platform/emlib/src/em_cmu.o
 .text.CMU_UpdateWaitStates
                0x00009f28       0x1c ./platform/emlib/src/em_cmu.o
                0x00009f28                CMU_UpdateWaitStates
 .text.CMU_ClockEnable
                0x00009f44       0x94 ./platform/emlib/src/em_cmu.o
                0x00009f44                CMU_ClockEnable
 .text.CMU_ClockSelectGet
                0x00009fd8       0xc4 ./platform/emlib/src/em_cmu.o
                0x00009fd8                CMU_ClockSelectGet
 .text.lfClkGet
                0x0000a09c       0x94 ./platform/emlib/src/em_cmu.o
 .text.CMU_ClockFreqGet
                0x0000a130      0x1a8 ./platform/emlib/src/em_cmu.o
                0x0000a130                CMU_ClockFreqGet
 .text.CMU_HFXOAutostartEnable
                0x0000a2d8       0xc4 ./platform/emlib/src/em_cmu.o
                0x0000a2d8                CMU_HFXOAutostartEnable
 .text.CMU_HFXOInit
                0x0000a39c       0x84 ./platform/emlib/src/em_cmu.o
                0x0000a39c                CMU_HFXOInit
 .text.CMU_LFXOInit
                0x0000a420       0x50 ./platform/emlib/src/em_cmu.o
                0x0000a420                CMU_LFXOInit
 .text.CMU_OscillatorTuningWait
                0x0000a470       0x48 ./platform/emlib/src/em_cmu.o
                0x0000a470                CMU_OscillatorTuningWait
 .text.CMU_OscillatorEnable
                0x0000a4b8      0x110 ./platform/emlib/src/em_cmu.o
                0x0000a4b8                CMU_OscillatorEnable
 .text.CMU_ClockSelectSet
                0x0000a5c8      0x278 ./platform/emlib/src/em_cmu.o
                0x0000a5c8                CMU_ClockSelectSet
 .text.CORE_EnterCritical
                0x0000a840        0x8 ./platform/emlib/src/em_core.o
                0x0000a840                CORE_EnterCritical
 .text.CORE_ExitCritical
                0x0000a848        0x8 ./platform/emlib/src/em_core.o
                0x0000a848                CORE_ExitCritical
 .text.CORE_EnterAtomic
                0x0000a850        0x8 ./platform/emlib/src/em_core.o
                0x0000a850                CORE_EnterAtomic
 .text.CORE_ExitAtomic
                0x0000a858        0x4 ./platform/emlib/src/em_core.o
                0x0000a858                CORE_ExitAtomic
 .text.CORE_SetNvicRamTableHandler
                0x0000a85c       0x10 ./platform/emlib/src/em_core.o
                0x0000a85c                CORE_SetNvicRamTableHandler
 .text.CORE_InitNvicVectorTable
                0x0000a86c       0x44 ./platform/emlib/src/em_core.o
                0x0000a86c                CORE_InitNvicVectorTable
 .text.CRYPTO_ModulusSet
                0x0000a8b0       0x38 ./platform/emlib/src/em_crypto.o
                0x0000a8b0                CRYPTO_ModulusSet
 .text.CRYPTO_KeyRead
                0x0000a8e8       0x2c ./platform/emlib/src/em_crypto.o
                0x0000a8e8                CRYPTO_KeyRead
 .text.lpGetDevinfoVrefLowHigh
                0x0000a914       0xdc ./platform/emlib/src/em_emu.o
 .text.vScaleDownEM23Setup
                0x0000a9f0       0x30 ./platform/emlib/src/em_emu.o
 .text.vScaleAfterWakeup.part.1
                0x0000aa20       0x20 ./platform/emlib/src/em_emu.o
 .text.lpCmpHystCalibrationLoad.isra.2
                0x0000aa40       0x60 ./platform/emlib/src/em_emu.o
 .text.emState.part.3
                0x0000aaa0       0xc0 ./platform/emlib/src/em_emu.o
 .text.emState.constprop.5
                0x0000ab60       0x50 ./platform/emlib/src/em_emu.o
 .text.EMU_EnterEM2
                0x0000abb0       0x4c ./platform/emlib/src/em_emu.o
                0x0000abb0                EMU_EnterEM2
 .text.EMU_EnterEM3
                0x0000abfc       0x70 ./platform/emlib/src/em_emu.o
                0x0000abfc                EMU_EnterEM3
 .text.EMU_Save
                0x0000ac6c        0x4 ./platform/emlib/src/em_emu.o
                0x0000ac6c                EMU_Save
 .text.EMU_Restore
                0x0000ac70        0x4 ./platform/emlib/src/em_emu.o
                0x0000ac70                EMU_Restore
 .text.EMU_EnterEM4
                0x0000ac74       0x30 ./platform/emlib/src/em_emu.o
                0x0000ac74                EMU_EnterEM4
 .text.EMU_VScaleEM01
                0x0000aca4       0x78 ./platform/emlib/src/em_emu.o
                0x0000aca4                EMU_VScaleEM01
 .text.EMU_VScaleEM01ByClock
                0x0000ad1c       0x50 ./platform/emlib/src/em_emu.o
                0x0000ad1c                EMU_VScaleEM01ByClock
 .text.EMU_EM01Init
                0x0000ad6c       0x14 ./platform/emlib/src/em_emu.o
                0x0000ad6c                EMU_EM01Init
 .text.EMU_EM23Init
                0x0000ad80       0x18 ./platform/emlib/src/em_emu.o
                0x0000ad80                EMU_EM23Init
 .text.EMU_DCDCModeSet
                0x0000ad98       0x84 ./platform/emlib/src/em_emu.o
                0x0000ad98                EMU_DCDCModeSet
 .text.EMU_DCDCOutputVoltageSet
                0x0000ae1c      0x16c ./platform/emlib/src/em_emu.o
                0x0000ae1c                EMU_DCDCOutputVoltageSet
 .text.EMU_DCDCOptimizeSlice
                0x0000af88       0xf8 ./platform/emlib/src/em_emu.o
                0x0000af88                EMU_DCDCOptimizeSlice
 .text.EMU_DCDCInit
                0x0000b080      0x10c ./platform/emlib/src/em_emu.o
                0x0000b080                EMU_DCDCInit
 .text.EMU_DCDCLnRcoBandSet
                0x0000b18c       0x24 ./platform/emlib/src/em_emu.o
                0x0000b18c                EMU_DCDCLnRcoBandSet
 .text.GPIO_PinModeSet
                0x0000b1b0       0x94 ./platform/emlib/src/em_gpio.o
                0x0000b1b0                GPIO_PinModeSet
 .text.I2C_BusFreqSet.part.0
                0x0000b244       0x5c ./platform/emlib/src/em_i2c.o
 .text.I2C_Init
                0x0000b2a0       0x38 ./platform/emlib/src/em_i2c.o
                0x0000b2a0                I2C_Init
 .text.I2C_Transfer
                0x0000b2d8      0x238 ./platform/emlib/src/em_i2c.o
                0x0000b2d8                I2C_Transfer
 .text.I2C_TransferInit
                0x0000b510       0x7c ./platform/emlib/src/em_i2c.o
                0x0000b510                I2C_TransferInit
 .text.MSC_Init
                0x0000b58c       0x20 ./platform/emlib/src/em_msc.o
                0x0000b58c                MSC_Init
 .text.MSC_Deinit
                0x0000b5ac       0x14 ./platform/emlib/src/em_msc.o
                0x0000b5ac                MSC_Deinit
 .text.RMU_ResetCauseClear
                0x0000b5c0        0xc ./platform/emlib/src/em_rmu.o
                0x0000b5c0                RMU_ResetCauseClear
 .text.RMU_ResetCauseGet
                0x0000b5cc       0x60 ./platform/emlib/src/em_rmu.o
                0x0000b5cc                RMU_ResetCauseGet
 .text.RTCC_Init
                0x0000b62c       0x64 ./platform/emlib/src/em_rtcc.o
                0x0000b62c                RTCC_Init
 .text.SYSTEM_ChipRevisionGet
                0x0000b690       0x34 ./platform/emlib/src/em_system.o
                0x0000b690                SYSTEM_ChipRevisionGet
 .text.USART_InitSync
                0x0000b6c4       0xdc ./platform/emlib/src/em_usart.o
                0x0000b6c4                USART_InitSync
 .text.USART_Reset
                0x0000b7a0       0x58 ./platform/emlib/src/em_usart.o
                0x0000b7a0                USART_Reset
 .text.USART_SpiTransfer
                0x0000b7f8       0x14 ./platform/emlib/src/em_usart.o
                0x0000b7f8                USART_SpiTransfer
 .text.RAIL_ConfigPti
                0x0000b80c        0x6 C:\Users\poorn\SimplicityStudio\v4_workspace\soc-thermometer\platform\radio\rail_lib\autogen\librail_release\librail_efr32xg13_gcc_release.a(rail_pti.o)
                0x0000b80c                RAIL_ConfigPti
 .text.RAIL_EnablePti
                0x0000b812        0x6 C:\Users\poorn\SimplicityStudio\v4_workspace\soc-thermometer\platform\radio\rail_lib\autogen\librail_release\librail_efr32xg13_gcc_release.a(rail_pti.o)
                0x0000b812                RAIL_EnablePti
 .text.eventDefault
                0x0000b818        0x2 C:\Users\poorn\SimplicityStudio\v4_workspace\soc-thermometer\platform\radio\rail_lib\autogen\librail_release\librail_efr32xg13_gcc_release.a(rail_rf_hal.o)
 *fill*         0x0000b81a        0x2 
 .text.RFHAL_NotifyUserOfIrCal
                0x0000b81c       0x78 C:\Users\poorn\SimplicityStudio\v4_workspace\soc-thermometer\platform\radio\rail_lib\autogen\librail_release\librail_efr32xg13_gcc_release.a(rail_rf_hal.o)
 *fill*         0x0000b894        0x4 
 .text.GENERIC_PHY_EventCallback
                0x0000b898      0x194 C:\Users\poorn\SimplicityStudio\v4_workspace\soc-thermometer\platform\radio\rail_lib\autogen\librail_release\librail_efr32xg13_gcc_release.a(rail_rf_hal.o)
                0x0000b898                GENERIC_PHY_EventCallback
 .text.RFHAL_IntEnable
                0x0000ba2c       0x58 C:\Users\poorn\SimplicityStudio\v4_workspace\soc-thermometer\platform\radio\rail_lib\autogen\librail_release\librail_efr32xg13_gcc_release.a(rail_rf_hal.o)
                0x0000ba2c                RFHAL_IntEnable
 .text.RFHAL_SetEventCallback
                0x0000ba84       0x18 C:\Users\poorn\SimplicityStudio\v4_workspace\soc-thermometer\platform\radio\rail_lib\autogen\librail_release\librail_efr32xg13_gcc_release.a(rail_rf_hal.o)
                0x0000ba84                RFHAL_SetEventCallback
 .text.RFHAL_SetPtiProtocol
                0x0000ba9c       0x20 C:\Users\poorn\SimplicityStudio\v4_workspace\soc-thermometer\platform\radio\rail_lib\autogen\librail_release\librail_efr32xg13_gcc_release.a(rail_rf_hal.o)
                0x0000ba9c                RFHAL_SetPtiProtocol
 .text.RFHAL_Idle
                0x0000babc       0x2a C:\Users\poorn\SimplicityStudio\v4_workspace\soc-thermometer\platform\radio\rail_lib\autogen\librail_release\librail_efr32xg13_gcc_release.a(rail_rf_hal.o)
                0x0000babc                RFHAL_Idle
 *fill*         0x0000bae6        0x2 
 .text.RFHAL_GetRadioState
                0x0000bae8       0x48 C:\Users\poorn\SimplicityStudio\v4_workspace\soc-thermometer\platform\radio\rail_lib\autogen\librail_release\librail_efr32xg13_gcc_release.a(rail_rf_hal.o)
                0x0000bae8                RFHAL_GetRadioState
 .text.RFHAL_OkToTransmit
                0x0000bb30       0x18 C:\Users\poorn\SimplicityStudio\v4_workspace\soc-thermometer\platform\radio\rail_lib\autogen\librail_release\librail_efr32xg13_gcc_release.a(rail_rf_hal.o)
                0x0000bb30                RFHAL_OkToTransmit
 .text.RFHAL_ScheduleRx
                0x0000bb48       0x5a C:\Users\poorn\SimplicityStudio\v4_workspace\soc-thermometer\platform\radio\rail_lib\autogen\librail_release\librail_efr32xg13_gcc_release.a(rail_rf_hal.o)
                0x0000bb48                RFHAL_ScheduleRx
 *fill*         0x0000bba2        0x2 
 .text.RFHAL_EnableRxRawCapture
                0x0000bba4       0x58 C:\Users\poorn\SimplicityStudio\v4_workspace\soc-thermometer\platform\radio\rail_lib\autogen\librail_release\librail_efr32xg13_gcc_release.a(rail_rf_hal.o)
                0x0000bba4                RFHAL_EnableRxRawCapture
 .text.RFHAL_DisableRxRawCapture
                0x0000bbfc       0x50 C:\Users\poorn\SimplicityStudio\v4_workspace\soc-thermometer\platform\radio\rail_lib\autogen\librail_release\librail_efr32xg13_gcc_release.a(rail_rf_hal.o)
                0x0000bbfc                RFHAL_DisableRxRawCapture
 .text.RFHAL_AcceptCrcErrors
                0x0000bc4c       0x18 C:\Users\poorn\SimplicityStudio\v4_workspace\soc-thermometer\platform\radio\rail_lib\autogen\librail_release\librail_efr32xg13_gcc_release.a(rail_rf_hal.o)
                0x0000bc4c                RFHAL_AcceptCrcErrors
 .text.RFHAL_ConfigRxOptions
                0x0000bc64      0x124 C:\Users\poorn\SimplicityStudio\v4_workspace\soc-thermometer\platform\radio\rail_lib\autogen\librail_release\librail_efr32xg13_gcc_release.a(rail_rf_hal.o)
                0x0000bc64                RFHAL_ConfigRxOptions
 .text.RFHAL_GetTimer
                0x0000bd88        0xc C:\Users\poorn\SimplicityStudio\v4_workspace\soc-thermometer\platform\radio\rail_lib\autogen\librail_release\librail_efr32xg13_gcc_release.a(rail_rf_hal.o)
                0x0000bd88                RFHAL_GetTimer
 .text.RFHAL_CancelTimer
                0x0000bd94       0x28 C:\Users\poorn\SimplicityStudio\v4_workspace\soc-thermometer\platform\radio\rail_lib\autogen\librail_release\librail_efr32xg13_gcc_release.a(rail_rf_hal.o)
                0x0000bd94                RFHAL_CancelTimer
 .text.RFHAL_SetTimer
                0x0000bdbc       0x7c C:\Users\poorn\SimplicityStudio\v4_workspace\soc-thermometer\platform\radio\rail_lib\autogen\librail_release\librail_efr32xg13_gcc_release.a(rail_rf_hal.o)
                0x0000bdbc                RFHAL_SetTimer
 .text.RFHAL_IsTimerExpired
                0x0000be38       0x1c C:\Users\poorn\SimplicityStudio\v4_workspace\soc-thermometer\platform\radio\rail_lib\autogen\librail_release\librail_efr32xg13_gcc_release.a(rail_rf_hal.o)
                0x0000be38                RFHAL_IsTimerExpired
 .text.RFHAL_IsTimerRunning
                0x0000be54        0x6 C:\Users\poorn\SimplicityStudio\v4_workspace\soc-thermometer\platform\radio\rail_lib\autogen\librail_release\librail_efr32xg13_gcc_release.a(rail_rf_hal.o)
                0x0000be54                RFHAL_IsTimerRunning
 *fill*         0x0000be5a        0x2 
 .text.RFHAL_CalcBitRate
                0x0000be5c        0xc C:\Users\poorn\SimplicityStudio\v4_workspace\soc-thermometer\platform\radio\rail_lib\autogen\librail_release\librail_efr32xg13_gcc_release.a(rail_rf_hal.o)
                0x0000be5c                RFHAL_CalcBitRate
 .text.RFHAL_GetBitRate
                0x0000be68       0x22 C:\Users\poorn\SimplicityStudio\v4_workspace\soc-thermometer\platform\radio\rail_lib\autogen\librail_release\librail_efr32xg13_gcc_release.a(rail_rf_hal.o)
                0x0000be68                RFHAL_GetBitRate
 *fill*         0x0000be8a        0x2 
 .text.RFHAL_SetTxTransitions
                0x0000be8c       0x1c C:\Users\poorn\SimplicityStudio\v4_workspace\soc-thermometer\platform\radio\rail_lib\autogen\librail_release\librail_efr32xg13_gcc_release.a(rail_rf_hal.o)
                0x0000be8c                RFHAL_SetTxTransitions
 .text.RFHAL_SetRxTransitions
                0x0000bea8       0x1c C:\Users\poorn\SimplicityStudio\v4_workspace\soc-thermometer\platform\radio\rail_lib\autogen\librail_release\librail_efr32xg13_gcc_release.a(rail_rf_hal.o)
                0x0000bea8                RFHAL_SetRxTransitions
 .text.RFHAL_SetCRCInitVal
                0x0000bec4        0x4 C:\Users\poorn\SimplicityStudio\v4_workspace\soc-thermometer\platform\radio\rail_lib\autogen\librail_release\librail_efr32xg13_gcc_release.a(rail_rf_hal.o)
                0x0000bec4                RFHAL_SetCRCInitVal
 .text.RFHAL_ConfigTxPower
                0x0000bec8        0xc C:\Users\poorn\SimplicityStudio\v4_workspace\soc-thermometer\platform\radio\rail_lib\autogen\librail_release\librail_efr32xg13_gcc_release.a(rail_rf_hal.o)
                0x0000bec8                RFHAL_ConfigTxPower
 .text.RFHAL_SetTxPowerUnchecked
                0x0000bed4       0x18 C:\Users\poorn\SimplicityStudio\v4_workspace\soc-thermometer\platform\radio\rail_lib\autogen\librail_release\librail_efr32xg13_gcc_release.a(rail_rf_hal.o)
                0x0000bed4                RFHAL_SetTxPowerUnchecked
 .text.RFHAL_SetTxPower
                0x0000beec       0x40 C:\Users\poorn\SimplicityStudio\v4_workspace\soc-thermometer\platform\radio\rail_lib\autogen\librail_release\librail_efr32xg13_gcc_release.a(rail_rf_hal.o)
                0x0000beec                RFHAL_SetTxPower
 .text.RFHAL_GetTxPowerConfig
                0x0000bf2c        0xc C:\Users\poorn\SimplicityStudio\v4_workspace\soc-thermometer\platform\radio\rail_lib\autogen\librail_release\librail_efr32xg13_gcc_release.a(rail_rf_hal.o)
                0x0000bf2c                RFHAL_GetTxPowerConfig
 .text.RFHAL_GetTxPower
                0x0000bf38        0x4 C:\Users\poorn\SimplicityStudio\v4_workspace\soc-thermometer\platform\radio\rail_lib\autogen\librail_release\librail_efr32xg13_gcc_release.a(rail_rf_hal.o)
                0x0000bf38                RFHAL_GetTxPower
 .text.RFHAL_SetChannel
                0x0000bf3c       0xc4 C:\Users\poorn\SimplicityStudio\v4_workspace\soc-thermometer\platform\radio\rail_lib\autogen\librail_release\librail_efr32xg13_gcc_release.a(rail_rf_hal.o)
                0x0000bf3c                RFHAL_SetChannel
 .text.RFHAL_IsAutoAckEnabled
                0x0000c000        0x6 C:\Users\poorn\SimplicityStudio\v4_workspace\soc-thermometer\platform\radio\rail_lib\autogen\librail_release\librail_efr32xg13_gcc_release.a(rail_rf_hal.o)
                0x0000c000                RFHAL_IsAutoAckEnabled
 *fill*         0x0000c006        0x2 
 .text.RFHAL_AutoAckWaitForAck
                0x0000c008       0x18 C:\Users\poorn\SimplicityStudio\v4_workspace\soc-thermometer\platform\radio\rail_lib\autogen\librail_release\librail_efr32xg13_gcc_release.a(rail_rf_hal.o)
                0x0000c008                RFHAL_AutoAckWaitForAck
 .text.preTxOps
                0x0000c020       0xf4 C:\Users\poorn\SimplicityStudio\v4_workspace\soc-thermometer\platform\radio\rail_lib\autogen\librail_release\librail_efr32xg13_gcc_release.a(rail_rf_hal.o)
 .text.RFHAL_StartTx
                0x0000c114       0x12 C:\Users\poorn\SimplicityStudio\v4_workspace\soc-thermometer\platform\radio\rail_lib\autogen\librail_release\librail_efr32xg13_gcc_release.a(rail_rf_hal.o)
                0x0000c114                RFHAL_StartTx
 .text.RFHAL_StartScheduledTx
                0x0000c126       0x3c C:\Users\poorn\SimplicityStudio\v4_workspace\soc-thermometer\platform\radio\rail_lib\autogen\librail_release\librail_efr32xg13_gcc_release.a(rail_rf_hal.o)
                0x0000c126                RFHAL_StartScheduledTx
 *fill*         0x0000c162        0x2 
 .text.RFHAL_GetRxPacketInfo
                0x0000c164       0x48 C:\Users\poorn\SimplicityStudio\v4_workspace\soc-thermometer\platform\radio\rail_lib\autogen\librail_release\librail_efr32xg13_gcc_release.a(rail_rf_hal.o)
                0x0000c164                RFHAL_GetRxPacketInfo
 .text.RFHAL_GetRxPacketDetailsAlt
                0x0000c1ac       0x98 C:\Users\poorn\SimplicityStudio\v4_workspace\soc-thermometer\platform\radio\rail_lib\autogen\librail_release\librail_efr32xg13_gcc_release.a(rail_rf_hal.o)
                0x0000c1ac                RFHAL_GetRxPacketDetailsAlt
 .text.RFHAL_GetRxPacketDetails
                0x0000c244       0x22 C:\Users\poorn\SimplicityStudio\v4_workspace\soc-thermometer\platform\radio\rail_lib\autogen\librail_release\librail_efr32xg13_gcc_release.a(rail_rf_hal.o)
                0x0000c244                RFHAL_GetRxPacketDetails
 .text.RFHAL_SetTxBuffer
                0x0000c266       0x34 C:\Users\poorn\SimplicityStudio\v4_workspace\soc-thermometer\platform\radio\rail_lib\autogen\librail_release\librail_efr32xg13_gcc_release.a(rail_rf_hal.o)
                0x0000c266                RFHAL_SetTxBuffer
 .text.RFHAL_SetRxBuffer
                0x0000c29a       0x2c C:\Users\poorn\SimplicityStudio\v4_workspace\soc-thermometer\platform\radio\rail_lib\autogen\librail_release\librail_efr32xg13_gcc_release.a(rail_rf_hal.o)
                0x0000c29a                RFHAL_SetRxBuffer
 *fill*         0x0000c2c6        0x2 
 .text.RFHAL_ResetTxFifo
                0x0000c2c8       0x2c C:\Users\poorn\SimplicityStudio\v4_workspace\soc-thermometer\platform\radio\rail_lib\autogen\librail_release\librail_efr32xg13_gcc_release.a(rail_rf_hal.o)
                0x0000c2c8                RFHAL_ResetTxFifo
 .text.RFHAL_WriteTxFifo
                0x0000c2f4       0x4c C:\Users\poorn\SimplicityStudio\v4_workspace\soc-thermometer\platform\radio\rail_lib\autogen\librail_release\librail_efr32xg13_gcc_release.a(rail_rf_hal.o)
                0x0000c2f4                RFHAL_WriteTxFifo
 .text.RFHAL_ResetRxFifo
                0x0000c340       0x40 C:\Users\poorn\SimplicityStudio\v4_workspace\soc-thermometer\platform\radio\rail_lib\autogen\librail_release\librail_efr32xg13_gcc_release.a(rail_rf_hal.o)
                0x0000c340                RFHAL_ResetRxFifo
 .text.RFHAL_ConfigData
                0x0000c380       0x7c C:\Users\poorn\SimplicityStudio\v4_workspace\soc-thermometer\platform\radio\rail_lib\autogen\librail_release\librail_efr32xg13_gcc_release.a(rail_rf_hal.o)
                0x0000c380                RFHAL_ConfigData
 .text.RFHAL_SetAbortScheduledTxDuringRx
                0x0000c3fc       0x18 C:\Users\poorn\SimplicityStudio\v4_workspace\soc-thermometer\platform\radio\rail_lib\autogen\librail_release\librail_efr32xg13_gcc_release.a(rail_rf_hal.o)
                0x0000c3fc                RFHAL_SetAbortScheduledTxDuringRx
 .text.RFHAL_ConfigRadio
                0x0000c414       0xac C:\Users\poorn\SimplicityStudio\v4_workspace\soc-thermometer\platform\radio\rail_lib\autogen\librail_release\librail_efr32xg13_gcc_release.a(rail_rf_hal.o)
                0x0000c414                RFHAL_ConfigRadio
 .text.RFHAL_ConfigFrameTypeLength
                0x0000c4c0       0x70 C:\Users\poorn\SimplicityStudio\v4_workspace\soc-thermometer\platform\radio\rail_lib\autogen\librail_release\librail_efr32xg13_gcc_release.a(rail_rf_hal.o)
                0x0000c4c0                RFHAL_ConfigFrameTypeLength
 .text.RFHAL_GetTime
                0x0000c530        0x4 C:\Users\poorn\SimplicityStudio\v4_workspace\soc-thermometer\platform\radio\rail_lib\autogen\librail_release\librail_efr32xg13_gcc_release.a(rail_rf_hal.o)
                0x0000c530                RFHAL_GetTime
 .text.RFHAL_ResetAddressFilter
                0x0000c534       0x10 C:\Users\poorn\SimplicityStudio\v4_workspace\soc-thermometer\platform\radio\rail_lib\autogen\librail_release\librail_efr32xg13_gcc_release.a(rail_rf_hal.o)
                0x0000c534                RFHAL_ResetAddressFilter
 .text.RFHAL_Init
                0x0000c544       0xa8 C:\Users\poorn\SimplicityStudio\v4_workspace\soc-thermometer\platform\radio\rail_lib\autogen\librail_release\librail_efr32xg13_gcc_release.a(rail_rf_hal.o)
                0x0000c544                RFHAL_Init
 .text.RFHAL_GetRadioEntropy
                0x0000c5ec        0x4 C:\Users\poorn\SimplicityStudio\v4_workspace\soc-thermometer\platform\radio\rail_lib\autogen\librail_release\librail_efr32xg13_gcc_release.a(rail_rf_hal.o)
                0x0000c5ec                RFHAL_GetRadioEntropy
 .text.RFHAL_SetStateTiming
                0x0000c5f0       0x56 C:\Users\poorn\SimplicityStudio\v4_workspace\soc-thermometer\platform\radio\rail_lib\autogen\librail_release\librail_efr32xg13_gcc_release.a(rail_rf_hal.o)
                0x0000c5f0                RFHAL_SetStateTiming
 .text.RFHAL_ConfigPti
                0x0000c646        0x4 C:\Users\poorn\SimplicityStudio\v4_workspace\soc-thermometer\platform\radio\rail_lib\autogen\librail_release\librail_efr32xg13_gcc_release.a(rail_rf_hal.o)
                0x0000c646                RFHAL_ConfigPti
 .text.RFHAL_EnablePti
                0x0000c64a        0x4 C:\Users\poorn\SimplicityStudio\v4_workspace\soc-thermometer\platform\radio\rail_lib\autogen\librail_release\librail_efr32xg13_gcc_release.a(rail_rf_hal.o)
                0x0000c64a                RFHAL_EnablePti
 .text.RFHAL_IEEE802154IsEnabled
                0x0000c64e        0x6 C:\Users\poorn\SimplicityStudio\v4_workspace\soc-thermometer\platform\radio\rail_lib\autogen\librail_release\librail_efr32xg13_gcc_release.a(rail_ieee802154_rf_hal.o)
                0x0000c64e                RFHAL_IEEE802154IsEnabled
 .text.RFHAL_ConfigBle2MbpsViterbi
                0x0000c654       0x28 C:\Users\poorn\SimplicityStudio\v4_workspace\soc-thermometer\platform\radio\rail_lib\autogen\librail_release\librail_efr32xg13_gcc_release.a(rail_ble_rf_hal.o)
                0x0000c654                RFHAL_ConfigBle2MbpsViterbi
 .text.RFHAL_ConfigBle1MbpsViterbi
                0x0000c67c       0x28 C:\Users\poorn\SimplicityStudio\v4_workspace\soc-thermometer\platform\radio\rail_lib\autogen\librail_release\librail_efr32xg13_gcc_release.a(rail_ble_rf_hal.o)
                0x0000c67c                RFHAL_ConfigBle1MbpsViterbi
 .text.RFHAL_ConfigBleCoded
                0x0000c6a4       0x34 C:\Users\poorn\SimplicityStudio\v4_workspace\soc-thermometer\platform\radio\rail_lib\autogen\librail_release\librail_efr32xg13_gcc_release.a(rail_ble_rf_hal.o)
                0x0000c6a4                RFHAL_ConfigBleCoded
 .text.RFHAL_BleReinit
                0x0000c6d8       0x1c C:\Users\poorn\SimplicityStudio\v4_workspace\soc-thermometer\platform\radio\rail_lib\autogen\librail_release\librail_efr32xg13_gcc_release.a(rail_ble_rf_hal.o)
                0x0000c6d8                RFHAL_BleReinit
 .text.RFHAL_BleInit
                0x0000c6f4       0x12 C:\Users\poorn\SimplicityStudio\v4_workspace\soc-thermometer\platform\radio\rail_lib\autogen\librail_release\librail_efr32xg13_gcc_release.a(rail_ble_rf_hal.o)
                0x0000c6f4                RFHAL_BleInit
 *fill*         0x0000c706        0x2 
 .text.RFHAL_IsBleLongRangeEnabled
                0x0000c708       0x18 C:\Users\poorn\SimplicityStudio\v4_workspace\soc-thermometer\platform\radio\rail_lib\autogen\librail_release\librail_efr32xg13_gcc_release.a(rail_ble_rf_hal.o)
                0x0000c708                RFHAL_IsBleLongRangeEnabled
 .text.RFHAL_BLEPreambleSyncWordSet
                0x0000c720       0x44 C:\Users\poorn\SimplicityStudio\v4_workspace\soc-thermometer\platform\radio\rail_lib\autogen\librail_release\librail_efr32xg13_gcc_release.a(rail_ble_rf_hal.o)
                0x0000c720                RFHAL_BLEPreambleSyncWordSet
 .text.RFHAL_BLEWhiteningSet
                0x0000c764       0x68 C:\Users\poorn\SimplicityStudio\v4_workspace\soc-thermometer\platform\radio\rail_lib\autogen\librail_release\librail_efr32xg13_gcc_release.a(rail_ble_rf_hal.o)
                0x0000c764                RFHAL_BLEWhiteningSet
 .text.setMultiTimer
                0x0000c7cc        0x4 C:\Users\poorn\SimplicityStudio\v4_workspace\soc-thermometer\platform\radio\rail_lib\autogen\librail_release\librail_efr32xg13_gcc_release.a(rail_singleprotocol.o)
 .text.cancelMultiTimer
                0x0000c7d0        0x4 C:\Users\poorn\SimplicityStudio\v4_workspace\soc-thermometer\platform\radio\rail_lib\autogen\librail_release\librail_efr32xg13_gcc_release.a(rail_singleprotocol.o)
 .text.isMultiTimerExpired
                0x0000c7d4        0x4 C:\Users\poorn\SimplicityStudio\v4_workspace\soc-thermometer\platform\radio\rail_lib\autogen\librail_release\librail_efr32xg13_gcc_release.a(rail_singleprotocol.o)
 .text.getMultiTimer
                0x0000c7d8        0x4 C:\Users\poorn\SimplicityStudio\v4_workspace\soc-thermometer\platform\radio\rail_lib\autogen\librail_release\librail_efr32xg13_gcc_release.a(rail_singleprotocol.o)
 .text.getActiveTimerCb
                0x0000c7dc       0x18 C:\Users\poorn\SimplicityStudio\v4_workspace\soc-thermometer\platform\radio\rail_lib\autogen\librail_release\librail_efr32xg13_gcc_release.a(rail_singleprotocol.o)
 .text.isMultiTimerRunning
                0x0000c7f4        0x4 C:\Users\poorn\SimplicityStudio\v4_workspace\soc-thermometer\platform\radio\rail_lib\autogen\librail_release\librail_efr32xg13_gcc_release.a(rail_singleprotocol.o)
 .text.RAIL_Init
                0x0000c7f8       0x20 C:\Users\poorn\SimplicityStudio\v4_workspace\soc-thermometer\platform\radio\rail_lib\autogen\librail_release\librail_efr32xg13_gcc_release.a(rail_singleprotocol.o)
                0x0000c7f8                RAIL_Init
 .text.RAIL_GetSchedulerStatus
                0x0000c818        0x4 C:\Users\poorn\SimplicityStudio\v4_workspace\soc-thermometer\platform\radio\rail_lib\autogen\librail_release\librail_efr32xg13_gcc_release.a(rail_singleprotocol.o)
                0x0000c818                RAIL_GetSchedulerStatus
 .text.RAIL_Idle
                0x0000c81c        0x8 C:\Users\poorn\SimplicityStudio\v4_workspace\soc-thermometer\platform\radio\rail_lib\autogen\librail_release\librail_efr32xg13_gcc_release.a(rail_singleprotocol.o)
                0x0000c81c                RAIL_Idle
 .text.RAIL_YieldRadio
                0x0000c824        0x2 C:\Users\poorn\SimplicityStudio\v4_workspace\soc-thermometer\platform\radio\rail_lib\autogen\librail_release\librail_efr32xg13_gcc_release.a(rail_singleprotocol.o)
                0x0000c824                RAIL_YieldRadio
 .text.RAIL_GetRadioEntropy
                0x0000c826        0x8 C:\Users\poorn\SimplicityStudio\v4_workspace\soc-thermometer\platform\radio\rail_lib\autogen\librail_release\librail_efr32xg13_gcc_release.a(rail_singleprotocol.o)
                0x0000c826                RAIL_GetRadioEntropy
 .text.RAIL_SetTimer
                0x0000c82e       0x1c C:\Users\poorn\SimplicityStudio\v4_workspace\soc-thermometer\platform\radio\rail_lib\autogen\librail_release\librail_efr32xg13_gcc_release.a(rail_singleprotocol.o)
                0x0000c82e                RAIL_SetTimer
 .text.RAIL_CancelTimer
                0x0000c84a        0xe C:\Users\poorn\SimplicityStudio\v4_workspace\soc-thermometer\platform\radio\rail_lib\autogen\librail_release\librail_efr32xg13_gcc_release.a(rail_singleprotocol.o)
                0x0000c84a                RAIL_CancelTimer
 .text.RAIL_StartTx
                0x0000c858        0x6 C:\Users\poorn\SimplicityStudio\v4_workspace\soc-thermometer\platform\radio\rail_lib\autogen\librail_release\librail_efr32xg13_gcc_release.a(rail_singleprotocol.o)
                0x0000c858                RAIL_StartTx
 .text.RAIL_StartScheduledTx
                0x0000c85e        0x6 C:\Users\poorn\SimplicityStudio\v4_workspace\soc-thermometer\platform\radio\rail_lib\autogen\librail_release\librail_efr32xg13_gcc_release.a(rail_singleprotocol.o)
                0x0000c85e                RAIL_StartScheduledTx
 .text.RAIL_ScheduleRx
                0x0000c864        0x6 C:\Users\poorn\SimplicityStudio\v4_workspace\soc-thermometer\platform\radio\rail_lib\autogen\librail_release\librail_efr32xg13_gcc_release.a(rail_singleprotocol.o)
                0x0000c864                RAIL_ScheduleRx
 .text.radioConfigChangedDefault
                0x0000c86a        0x2 C:\Users\poorn\SimplicityStudio\v4_workspace\soc-thermometer\platform\radio\rail_lib\autogen\librail_release\librail_efr32xg13_gcc_release.a(rail_rf.o)
 .text.isTransitionState
                0x0000c86c       0x12 C:\Users\poorn\SimplicityStudio\v4_workspace\soc-thermometer\platform\radio\rail_lib\autogen\librail_release\librail_efr32xg13_gcc_release.a(rail_rf.o)
 .text.RAILCore_Init
                0x0000c87e       0x12 C:\Users\poorn\SimplicityStudio\v4_workspace\soc-thermometer\platform\radio\rail_lib\autogen\librail_release\librail_efr32xg13_gcc_release.a(rail_rf.o)
                0x0000c87e                RAILCore_Init
 .text.RAILInt_SetCallbackConfig
                0x0000c890       0x20 C:\Users\poorn\SimplicityStudio\v4_workspace\soc-thermometer\platform\radio\rail_lib\autogen\librail_release\librail_efr32xg13_gcc_release.a(rail_rf.o)
                0x0000c890                RAILInt_SetCallbackConfig
 .text.RAILCore_Idle
                0x0000c8b0       0x14 C:\Users\poorn\SimplicityStudio\v4_workspace\soc-thermometer\platform\radio\rail_lib\autogen\librail_release\librail_efr32xg13_gcc_release.a(rail_rf.o)
                0x0000c8b0                RAILCore_Idle
 .text.RAILCb_CalcBitRate
                0x0000c8c4        0x6 C:\Users\poorn\SimplicityStudio\v4_workspace\soc-thermometer\platform\radio\rail_lib\autogen\librail_release\librail_efr32xg13_gcc_release.a(rail_rf.o)
                0x0000c8c4                RAILCb_CalcBitRate
 .text.RAIL_SetStateTiming
                0x0000c8ca        0x6 C:\Users\poorn\SimplicityStudio\v4_workspace\soc-thermometer\platform\radio\rail_lib\autogen\librail_release\librail_efr32xg13_gcc_release.a(rail_rf.o)
                0x0000c8ca                RAIL_SetStateTiming
 .text.RAILInt_IsPowerInRange
                0x0000c8d0       0x3c C:\Users\poorn\SimplicityStudio\v4_workspace\soc-thermometer\platform\radio\rail_lib\autogen\librail_release\librail_efr32xg13_gcc_release.a(rail_rf.o)
                0x0000c8d0                RAILInt_IsPowerInRange
 .text.RAILInt_SetChannel
                0x0000c90c      0x1c0 C:\Users\poorn\SimplicityStudio\v4_workspace\soc-thermometer\platform\radio\rail_lib\autogen\librail_release\librail_efr32xg13_gcc_release.a(rail_rf.o)
                0x0000c90c                RAILInt_SetChannel
 .text.RAILCore_ConfigChannels
                0x0000cacc       0x60 C:\Users\poorn\SimplicityStudio\v4_workspace\soc-thermometer\platform\radio\rail_lib\autogen\librail_release\librail_efr32xg13_gcc_release.a(rail_rf.o)
                0x0000cacc                RAILCore_ConfigChannels
 .text.RAILInt_GetChannel
                0x0000cb2c        0x4 C:\Users\poorn\SimplicityStudio\v4_workspace\soc-thermometer\platform\radio\rail_lib\autogen\librail_release\librail_efr32xg13_gcc_release.a(rail_rf.o)
                0x0000cb2c                RAILInt_GetChannel
 .text.RAILCore_SetTxTransitions
                0x0000cb30       0x3c C:\Users\poorn\SimplicityStudio\v4_workspace\soc-thermometer\platform\radio\rail_lib\autogen\librail_release\librail_efr32xg13_gcc_release.a(rail_rf.o)
                0x0000cb30                RAILCore_SetTxTransitions
 .text.RAIL_SetTxTransitions
                0x0000cb6c        0x6 C:\Users\poorn\SimplicityStudio\v4_workspace\soc-thermometer\platform\radio\rail_lib\autogen\librail_release\librail_efr32xg13_gcc_release.a(rail_rf.o)
                0x0000cb6c                RAIL_SetTxTransitions
 .text.RAILCore_SetRxTransitions
                0x0000cb72       0x38 C:\Users\poorn\SimplicityStudio\v4_workspace\soc-thermometer\platform\radio\rail_lib\autogen\librail_release\librail_efr32xg13_gcc_release.a(rail_rf.o)
                0x0000cb72                RAILCore_SetRxTransitions
 .text.RAIL_SetRxTransitions
                0x0000cbaa        0x6 C:\Users\poorn\SimplicityStudio\v4_workspace\soc-thermometer\platform\radio\rail_lib\autogen\librail_release\librail_efr32xg13_gcc_release.a(rail_rf.o)
                0x0000cbaa                RAIL_SetRxTransitions
 .text.RAIL_ConfigEvents
                0x0000cbb0        0x6 C:\Users\poorn\SimplicityStudio\v4_workspace\soc-thermometer\platform\radio\rail_lib\autogen\librail_release\librail_efr32xg13_gcc_release.a(rail_rf.o)
                0x0000cbb0                RAIL_ConfigEvents
 .text.RAIL_ConfigRxOptions
                0x0000cbb6        0x6 C:\Users\poorn\SimplicityStudio\v4_workspace\soc-thermometer\platform\radio\rail_lib\autogen\librail_release\librail_efr32xg13_gcc_release.a(rail_rx.o)
                0x0000cbb6                RAIL_ConfigRxOptions
 .text.RAILCore_ScheduleRx
                0x0000cbbc       0x2c C:\Users\poorn\SimplicityStudio\v4_workspace\soc-thermometer\platform\radio\rail_lib\autogen\librail_release\librail_efr32xg13_gcc_release.a(rail_rx.o)
                0x0000cbbc                RAILCore_ScheduleRx
 .text.RAILCb_ConfigFrameTypeLength
                0x0000cbe8        0x6 C:\Users\poorn\SimplicityStudio\v4_workspace\soc-thermometer\platform\radio\rail_lib\autogen\librail_release\librail_efr32xg13_gcc_release.a(rail_rx.o)
                0x0000cbe8                RAILCb_ConfigFrameTypeLength
 .text.RAIL_SetTxPower
                0x0000cbee        0x6 C:\Users\poorn\SimplicityStudio\v4_workspace\soc-thermometer\platform\radio\rail_lib\autogen\librail_release\librail_efr32xg13_gcc_release.a(rail_tx.o)
                0x0000cbee                RAIL_SetTxPower
 .text.RAIL_ConfigTxPower
                0x0000cbf4       0x1c C:\Users\poorn\SimplicityStudio\v4_workspace\soc-thermometer\platform\radio\rail_lib\autogen\librail_release\librail_efr32xg13_gcc_release.a(rail_tx.o)
                0x0000cbf4                RAIL_ConfigTxPower
 .text.RAILInt_PendCal
                0x0000cc10       0x24 C:\Users\poorn\SimplicityStudio\v4_workspace\soc-thermometer\platform\radio\rail_lib\autogen\librail_release\librail_efr32xg13_gcc_release.a(rail_calibration.o)
                0x0000cc10                RAILInt_PendCal
 .text.RAIL_WriteTxFifo
                0x0000cc34        0x6 C:\Users\poorn\SimplicityStudio\v4_workspace\soc-thermometer\platform\radio\rail_lib\autogen\librail_release\librail_efr32xg13_gcc_release.a(rail_data.o)
                0x0000cc34                RAIL_WriteTxFifo
 .text.RAIL_SetTxFifo
                0x0000cc3a        0x6 C:\Users\poorn\SimplicityStudio\v4_workspace\soc-thermometer\platform\radio\rail_lib\autogen\librail_release\librail_efr32xg13_gcc_release.a(rail_data.o)
                0x0000cc3a                RAIL_SetTxFifo
 .text.RAIL_SetRxFifo
                0x0000cc40        0x6 C:\Users\poorn\SimplicityStudio\v4_workspace\soc-thermometer\platform\radio\rail_lib\autogen\librail_release\librail_efr32xg13_gcc_release.a(rail_data.o)
                0x0000cc40                RAIL_SetRxFifo
 *fill*         0x0000cc46        0x2 
 .text.RAILCb_SetupRxFifo
                0x0000cc48       0x30 C:\Users\poorn\SimplicityStudio\v4_workspace\soc-thermometer\platform\radio\rail_lib\autogen\librail_release\librail_efr32xg13_gcc_release.a(rail_data.o)
                0x0000cc48                RAILCb_SetupRxFifo
 .text.RAIL_GetRxPacketInfo
                0x0000cc78        0x8 C:\Users\poorn\SimplicityStudio\v4_workspace\soc-thermometer\platform\radio\rail_lib\autogen\librail_release\librail_efr32xg13_gcc_release.a(rail_data.o)
                0x0000cc78                RAIL_GetRxPacketInfo
 .text.RAIL_GetRxPacketDetails
                0x0000cc80        0x6 C:\Users\poorn\SimplicityStudio\v4_workspace\soc-thermometer\platform\radio\rail_lib\autogen\librail_release\librail_efr32xg13_gcc_release.a(rail_data.o)
                0x0000cc80                RAIL_GetRxPacketDetails
 .text.RAIL_ResetFifo
                0x0000cc86       0x1e C:\Users\poorn\SimplicityStudio\v4_workspace\soc-thermometer\platform\radio\rail_lib\autogen\librail_release\librail_efr32xg13_gcc_release.a(rail_data.o)
                0x0000cc86                RAIL_ResetFifo
 .text.RAILCb_AssertFailed
                0x0000cca4       0x14 C:\Users\poorn\SimplicityStudio\v4_workspace\soc-thermometer\platform\radio\rail_lib\autogen\librail_release\librail_efr32xg13_gcc_release.a(rail_assert.o)
                0x0000cca4                RAILCb_AssertFailed
 .text.RAILInt_Assert
                0x0000ccb8       0x1c C:\Users\poorn\SimplicityStudio\v4_workspace\soc-thermometer\platform\radio\rail_lib\autogen\librail_release\librail_efr32xg13_gcc_release.a(rail_assert.o)
                0x0000ccb8                RAILInt_Assert
 .text.RAIL_GetTime
                0x0000ccd4        0x4 C:\Users\poorn\SimplicityStudio\v4_workspace\soc-thermometer\platform\radio\rail_lib\autogen\librail_release\librail_efr32xg13_gcc_release.a(rail_timer.o)
                0x0000ccd4                RAIL_GetTime
 .text.checkAndAddRxLenOverflowEntry.part.0
                0x0000ccd8       0x2c C:\Users\poorn\SimplicityStudio\v4_workspace\soc-thermometer\platform\radio\rail_lib\autogen\librail_release\librail_efr32xg13_gcc_release.a(bufc.o)
 .text.BUFC_ReadHelper
                0x0000cd04       0x7a C:\Users\poorn\SimplicityStudio\v4_workspace\soc-thermometer\platform\radio\rail_lib\autogen\librail_release\librail_efr32xg13_gcc_release.a(bufc.o)
 *fill*         0x0000cd7e        0x2 
 .text.BUFC_SetTxBuffer
                0x0000cd80       0x38 C:\Users\poorn\SimplicityStudio\v4_workspace\soc-thermometer\platform\radio\rail_lib\autogen\librail_release\librail_efr32xg13_gcc_release.a(bufc.o)
                0x0000cd80                BUFC_SetTxBuffer
 .text.BUFC_SetRxBuffer
                0x0000cdb8       0x1c C:\Users\poorn\SimplicityStudio\v4_workspace\soc-thermometer\platform\radio\rail_lib\autogen\librail_release\librail_efr32xg13_gcc_release.a(bufc.o)
                0x0000cdb8                BUFC_SetRxBuffer
 .text.BUFC_WriteBuffer
                0x0000cdd4       0xb0 C:\Users\poorn\SimplicityStudio\v4_workspace\soc-thermometer\platform\radio\rail_lib\autogen\librail_release\librail_efr32xg13_gcc_release.a(bufc.o)
                0x0000cdd4                BUFC_WriteBuffer
 .text.BUFC_Peek
                0x0000ce84       0x12 C:\Users\poorn\SimplicityStudio\v4_workspace\soc-thermometer\platform\radio\rail_lib\autogen\librail_release\librail_efr32xg13_gcc_release.a(bufc.o)
                0x0000ce84                BUFC_Peek
 .text.BUFC_PeekByte
                0x0000ce96       0x46 C:\Users\poorn\SimplicityStudio\v4_workspace\soc-thermometer\platform\radio\rail_lib\autogen\librail_release\librail_efr32xg13_gcc_release.a(bufc.o)
                0x0000ce96                BUFC_PeekByte
 .text.BUFC_GetSpaceAvailable
                0x0000cedc       0x24 C:\Users\poorn\SimplicityStudio\v4_workspace\soc-thermometer\platform\radio\rail_lib\autogen\librail_release\librail_efr32xg13_gcc_release.a(bufc.o)
                0x0000cedc                BUFC_GetSpaceAvailable
 .text.BUFC_GetBytesAvailable
                0x0000cf00       0x14 C:\Users\poorn\SimplicityStudio\v4_workspace\soc-thermometer\platform\radio\rail_lib\autogen\librail_release\librail_efr32xg13_gcc_release.a(bufc.o)
                0x0000cf00                BUFC_GetBytesAvailable
 .text.BUFC_TxAckBufferSet
                0x0000cf14       0x2c C:\Users\poorn\SimplicityStudio\v4_workspace\soc-thermometer\platform\radio\rail_lib\autogen\librail_release\librail_efr32xg13_gcc_release.a(bufc.o)
                0x0000cf14                BUFC_TxAckBufferSet
 .text.BUFC_RxBufferReset
                0x0000cf40       0x5c C:\Users\poorn\SimplicityStudio\v4_workspace\soc-thermometer\platform\radio\rail_lib\autogen\librail_release\librail_efr32xg13_gcc_release.a(bufc.o)
                0x0000cf40                BUFC_RxBufferReset
 .text.BUFC_Init
                0x0000cf9c       0x50 C:\Users\poorn\SimplicityStudio\v4_workspace\soc-thermometer\platform\radio\rail_lib\autogen\librail_release\librail_efr32xg13_gcc_release.a(bufc.o)
                0x0000cf9c                BUFC_Init
 .text.BUFC_ReleaseRxPacket
                0x0000cfec      0x118 C:\Users\poorn\SimplicityStudio\v4_workspace\soc-thermometer\platform\radio\rail_lib\autogen\librail_release\librail_efr32xg13_gcc_release.a(bufc.o)
                0x0000cfec                BUFC_ReleaseRxPacket
 .text.BUFC_StartRxLenThrEvent
                0x0000d104       0x50 C:\Users\poorn\SimplicityStudio\v4_workspace\soc-thermometer\platform\radio\rail_lib\autogen\librail_release\librail_efr32xg13_gcc_release.a(bufc.o)
                0x0000d104                BUFC_StartRxLenThrEvent
 .text.BUFC_EndRxLenThrEvent
                0x0000d154       0x1c C:\Users\poorn\SimplicityStudio\v4_workspace\soc-thermometer\platform\radio\rail_lib\autogen\librail_release\librail_efr32xg13_gcc_release.a(bufc.o)
                0x0000d154                BUFC_EndRxLenThrEvent
 .text.BUFC_HandleRxLenOvfEvent
                0x0000d170       0x30 C:\Users\poorn\SimplicityStudio\v4_workspace\soc-thermometer\platform\radio\rail_lib\autogen\librail_release\librail_efr32xg13_gcc_release.a(bufc.o)
                0x0000d170                BUFC_HandleRxLenOvfEvent
 .text.BUFC_GetRxPacketInfo
                0x0000d1a0      0x168 C:\Users\poorn\SimplicityStudio\v4_workspace\soc-thermometer\platform\radio\rail_lib\autogen\librail_release\librail_efr32xg13_gcc_release.a(bufc.o)
                0x0000d1a0                BUFC_GetRxPacketInfo
 .text.IRCAL_Set
                0x0000d308       0x1c C:\Users\poorn\SimplicityStudio\v4_workspace\soc-thermometer\platform\radio\rail_lib\autogen\librail_release\librail_efr32xg13_gcc_release.a(ir_cal.o)
                0x0000d308                IRCAL_Set
 .text.getRampTimeFromLevelAndRate
                0x0000d324       0x20 C:\Users\poorn\SimplicityStudio\v4_workspace\soc-thermometer\platform\radio\rail_lib\autogen\librail_release\librail_efr32xg13_gcc_release.a(pa.o)
 .text.PA_ProtectPa
                0x0000d344       0xa0 C:\Users\poorn\SimplicityStudio\v4_workspace\soc-thermometer\platform\radio\rail_lib\autogen\librail_release\librail_efr32xg13_gcc_release.a(pa.o)
 .text.PA_GetTxPowerConfig
                0x0000d3e4       0x14 C:\Users\poorn\SimplicityStudio\v4_workspace\soc-thermometer\platform\radio\rail_lib\autogen\librail_release\librail_efr32xg13_gcc_release.a(pa.o)
                0x0000d3e4                PA_GetTxPowerConfig
 .text.PA_GetPowerLevel
                0x0000d3f8        0xc C:\Users\poorn\SimplicityStudio\v4_workspace\soc-thermometer\platform\radio\rail_lib\autogen\librail_release\librail_efr32xg13_gcc_release.a(pa.o)
                0x0000d3f8                PA_GetPowerLevel
 .text.PA_SetPowerLevel
                0x0000d404      0x178 C:\Users\poorn\SimplicityStudio\v4_workspace\soc-thermometer\platform\radio\rail_lib\autogen\librail_release\librail_efr32xg13_gcc_release.a(pa.o)
                0x0000d404                PA_SetPowerLevel
 .text.PA_RunPeakDetectorHigh
                0x0000d57c       0x40 C:\Users\poorn\SimplicityStudio\v4_workspace\soc-thermometer\platform\radio\rail_lib\autogen\librail_release\librail_efr32xg13_gcc_release.a(pa.o)
                0x0000d57c                PA_RunPeakDetectorHigh
 .text.PA_RunPeakDetectorLow
                0x0000d5bc        0x2 C:\Users\poorn\SimplicityStudio\v4_workspace\soc-thermometer\platform\radio\rail_lib\autogen\librail_release\librail_efr32xg13_gcc_release.a(pa.o)
                0x0000d5bc                PA_RunPeakDetectorLow
 *fill*         0x0000d5be        0x2 
 .text.PA_RunBatHigh
                0x0000d5c0       0x2c C:\Users\poorn\SimplicityStudio\v4_workspace\soc-thermometer\platform\radio\rail_lib\autogen\librail_release\librail_efr32xg13_gcc_release.a(pa.o)
                0x0000d5c0                PA_RunBatHigh
 .text.PA_GetRampTime
                0x0000d5ec        0xc C:\Users\poorn\SimplicityStudio\v4_workspace\soc-thermometer\platform\radio\rail_lib\autogen\librail_release\librail_efr32xg13_gcc_release.a(pa.o)
                0x0000d5ec                PA_GetRampTime
 .text.PA_CalcRampTime
                0x0000d5f8       0x3c C:\Users\poorn\SimplicityStudio\v4_workspace\soc-thermometer\platform\radio\rail_lib\autogen\librail_release\librail_efr32xg13_gcc_release.a(pa.o)
                0x0000d5f8                PA_CalcRampTime
 .text.PA_SetRampTime
                0x0000d634      0x100 C:\Users\poorn\SimplicityStudio\v4_workspace\soc-thermometer\platform\radio\rail_lib\autogen\librail_release\librail_efr32xg13_gcc_release.a(pa.o)
                0x0000d634                PA_SetRampTime
 .text.PA_SetCTune
                0x0000d734       0x34 C:\Users\poorn\SimplicityStudio\v4_workspace\soc-thermometer\platform\radio\rail_lib\autogen\librail_release\librail_efr32xg13_gcc_release.a(pa.o)
                0x0000d734                PA_SetCTune
 .text.PA_SelectBand
                0x0000d768       0x38 C:\Users\poorn\SimplicityStudio\v4_workspace\soc-thermometer\platform\radio\rail_lib\autogen\librail_release\librail_efr32xg13_gcc_release.a(pa.o)
                0x0000d768                PA_SelectBand
 .text.PA_Config
                0x0000d7a0      0x114 C:\Users\poorn\SimplicityStudio\v4_workspace\soc-thermometer\platform\radio\rail_lib\autogen\librail_release\librail_efr32xg13_gcc_release.a(pa.o)
                0x0000d7a0                PA_Config
 .text.PA_UpdateConfig
                0x0000d8b4       0x38 C:\Users\poorn\SimplicityStudio\v4_workspace\soc-thermometer\platform\radio\rail_lib\autogen\librail_release\librail_efr32xg13_gcc_release.a(pa.o)
                0x0000d8b4                PA_UpdateConfig
 .text.PROTIMER_Init
                0x0000d8ec       0xe4 C:\Users\poorn\SimplicityStudio\v4_workspace\soc-thermometer\platform\radio\rail_lib\autogen\librail_release\librail_efr32xg13_gcc_release.a(protimer.o)
                0x0000d8ec                PROTIMER_Init
 .text.PROTIMER_Start
                0x0000d9d0       0x1c C:\Users\poorn\SimplicityStudio\v4_workspace\soc-thermometer\platform\radio\rail_lib\autogen\librail_release\librail_efr32xg13_gcc_release.a(protimer.o)
                0x0000d9d0                PROTIMER_Start
 .text.PROTIMER_ElapsedTime
                0x0000d9ec       0x40 C:\Users\poorn\SimplicityStudio\v4_workspace\soc-thermometer\platform\radio\rail_lib\autogen\librail_release\librail_efr32xg13_gcc_release.a(protimer.o)
                0x0000d9ec                PROTIMER_ElapsedTime
 .text.PROTIMER_CCTimerStop
                0x0000da2c       0x20 C:\Users\poorn\SimplicityStudio\v4_workspace\soc-thermometer\platform\radio\rail_lib\autogen\librail_release\librail_efr32xg13_gcc_release.a(protimer.o)
                0x0000da2c                PROTIMER_CCTimerStop
 .text.PROTIMER_CCTimerIsEnabled
                0x0000da4c       0x14 C:\Users\poorn\SimplicityStudio\v4_workspace\soc-thermometer\platform\radio\rail_lib\autogen\librail_release\librail_efr32xg13_gcc_release.a(protimer.o)
                0x0000da4c                PROTIMER_CCTimerIsEnabled
 .text.PROTIMER_CCTimerCapture
                0x0000da60       0x18 C:\Users\poorn\SimplicityStudio\v4_workspace\soc-thermometer\platform\radio\rail_lib\autogen\librail_release\librail_efr32xg13_gcc_release.a(protimer.o)
                0x0000da60                PROTIMER_CCTimerCapture
 .text.PROTIMER_ClearRxEnable
                0x0000da78       0x10 C:\Users\poorn\SimplicityStudio\v4_workspace\soc-thermometer\platform\radio\rail_lib\autogen\librail_release\librail_efr32xg13_gcc_release.a(protimer.o)
                0x0000da78                PROTIMER_ClearRxEnable
 .text.PROTIMER_GetTime
                0x0000da88       0x38 C:\Users\poorn\SimplicityStudio\v4_workspace\soc-thermometer\platform\radio\rail_lib\autogen\librail_release\librail_efr32xg13_gcc_release.a(protimer.o)
                0x0000da88                PROTIMER_GetTime
 .text.PROTIMER_GetCCTime
                0x0000dac0       0x44 C:\Users\poorn\SimplicityStudio\v4_workspace\soc-thermometer\platform\radio\rail_lib\autogen\librail_release\librail_efr32xg13_gcc_release.a(protimer.o)
                0x0000dac0                PROTIMER_GetCCTime
 .text.PROTIMER_LBTStop
                0x0000db04       0x18 C:\Users\poorn\SimplicityStudio\v4_workspace\soc-thermometer\platform\radio\rail_lib\autogen\librail_release\librail_efr32xg13_gcc_release.a(protimer.o)
                0x0000db04                PROTIMER_LBTStop
 .text.PROTIMER_PrecntOverflowToUs
                0x0000db1c       0x34 C:\Users\poorn\SimplicityStudio\v4_workspace\soc-thermometer\platform\radio\rail_lib\autogen\librail_release\librail_efr32xg13_gcc_release.a(protimer.o)
                0x0000db1c                PROTIMER_PrecntOverflowToUs
 .text.PROTIMER_GetUsTime
                0x0000db50       0x18 C:\Users\poorn\SimplicityStudio\v4_workspace\soc-thermometer\platform\radio\rail_lib\autogen\librail_release\librail_efr32xg13_gcc_release.a(protimer.o)
                0x0000db50                PROTIMER_GetUsTime
 .text.PROTIMER_GetUsFromRawWrap
                0x0000db68       0x2e C:\Users\poorn\SimplicityStudio\v4_workspace\soc-thermometer\platform\radio\rail_lib\autogen\librail_release\librail_efr32xg13_gcc_release.a(protimer.o)
                0x0000db68                PROTIMER_GetUsFromRawWrap
 *fill*         0x0000db96        0x2 
 .text.PROTIMER_UsToPrecntOverflow
                0x0000db98       0x40 C:\Users\poorn\SimplicityStudio\v4_workspace\soc-thermometer\platform\radio\rail_lib\autogen\librail_release\librail_efr32xg13_gcc_release.a(protimer.o)
                0x0000db98                PROTIMER_UsToPrecntOverflow
 .text.PROTIMER_CCTimerStart
                0x0000dbd8      0x1a8 C:\Users\poorn\SimplicityStudio\v4_workspace\soc-thermometer\platform\radio\rail_lib\autogen\librail_release\librail_efr32xg13_gcc_release.a(protimer.o)
                0x0000dbd8                PROTIMER_CCTimerStart
 .text.PROTIMER_ScheduleTxEnable
                0x0000dd80       0x28 C:\Users\poorn\SimplicityStudio\v4_workspace\soc-thermometer\platform\radio\rail_lib\autogen\librail_release\librail_efr32xg13_gcc_release.a(protimer.o)
                0x0000dd80                PROTIMER_ScheduleTxEnable
 .text.PROTIMER_ScheduleRxEnable
                0x0000dda8       0x28 C:\Users\poorn\SimplicityStudio\v4_workspace\soc-thermometer\platform\radio\rail_lib\autogen\librail_release\librail_efr32xg13_gcc_release.a(protimer.o)
                0x0000dda8                PROTIMER_ScheduleRxEnable
 .text.PROTIMER_ScheduleRxDisable
                0x0000ddd0       0x34 C:\Users\poorn\SimplicityStudio\v4_workspace\soc-thermometer\platform\radio\rail_lib\autogen\librail_release\librail_efr32xg13_gcc_release.a(protimer.o)
                0x0000ddd0                PROTIMER_ScheduleRxDisable
 .text.PROTIMER_DelayUs
                0x0000de04       0x16 C:\Users\poorn\SimplicityStudio\v4_workspace\soc-thermometer\platform\radio\rail_lib\autogen\librail_release\librail_efr32xg13_gcc_release.a(protimer.o)
                0x0000de04                PROTIMER_DelayUs
 *fill*         0x0000de1a        0x2 
 .text.PTI_Config
                0x0000de1c       0xc0 C:\Users\poorn\SimplicityStudio\v4_workspace\soc-thermometer\platform\radio\rail_lib\autogen\librail_release\librail_efr32xg13_gcc_release.a(pti.o)
                0x0000de1c                PTI_Config
 .text.PTI_EnableAppendedInfo
                0x0000dedc       0x18 C:\Users\poorn\SimplicityStudio\v4_workspace\soc-thermometer\platform\radio\rail_lib\autogen\librail_release\librail_efr32xg13_gcc_release.a(pti.o)
                0x0000dedc                PTI_EnableAppendedInfo
 .text.PTI_Enable
                0x0000def4       0x50 C:\Users\poorn\SimplicityStudio\v4_workspace\soc-thermometer\platform\radio\rail_lib\autogen\librail_release\librail_efr32xg13_gcc_release.a(pti.o)
                0x0000def4                PTI_Enable
 .text.PTI_AuxdataOutput
                0x0000df44       0x1c C:\Users\poorn\SimplicityStudio\v4_workspace\soc-thermometer\platform\radio\rail_lib\autogen\librail_release\librail_efr32xg13_gcc_release.a(pti.o)
                0x0000df44                PTI_AuxdataOutput
 .text.PTI_EnableSyncword
                0x0000df60       0x18 C:\Users\poorn\SimplicityStudio\v4_workspace\soc-thermometer\platform\radio\rail_lib\autogen\librail_release\librail_efr32xg13_gcc_release.a(pti.o)
                0x0000df60                PTI_EnableSyncword
 .text.RADIO_SetAndForgetWrite
                0x0000df78       0x74 C:\Users\poorn\SimplicityStudio\v4_workspace\soc-thermometer\platform\radio\rail_lib\autogen\librail_release\librail_efr32xg13_gcc_release.a(radio.o)
                0x0000df78                RADIO_SetAndForgetWrite
 .text.RADIO_RewriteCcTableData
                0x0000dfec       0x34 C:\Users\poorn\SimplicityStudio\v4_workspace\soc-thermometer\platform\radio\rail_lib\autogen\librail_release\librail_efr32xg13_gcc_release.a(radio.o)
                0x0000dfec                RADIO_RewriteCcTableData
 .text.RADIO_SeqInit
                0x0000e020       0x64 C:\Users\poorn\SimplicityStudio\v4_workspace\soc-thermometer\platform\radio\rail_lib\autogen\librail_release\librail_efr32xg13_gcc_release.a(radio.o)
                0x0000e020                RADIO_SeqInit
 .text.RADIO_ClockEnable
                0x0000e084       0x14 C:\Users\poorn\SimplicityStudio\v4_workspace\soc-thermometer\platform\radio\rail_lib\autogen\librail_release\librail_efr32xg13_gcc_release.a(radio.o)
                0x0000e084                RADIO_ClockEnable
 .text.RADIO_Init
                0x0000e098       0x5c C:\Users\poorn\SimplicityStudio\v4_workspace\soc-thermometer\platform\radio\rail_lib\autogen\librail_release\librail_efr32xg13_gcc_release.a(radio.o)
                0x0000e098                RADIO_Init
 .text.RADIO_ClockPrescGet
                0x0000e0f4       0x10 C:\Users\poorn\SimplicityStudio\v4_workspace\soc-thermometer\platform\radio\rail_lib\autogen\librail_release\librail_efr32xg13_gcc_release.a(radio.o)
                0x0000e0f4                RADIO_ClockPrescGet
 .text.RADIO_ClockFreqGet
                0x0000e104       0x14 C:\Users\poorn\SimplicityStudio\v4_workspace\soc-thermometer\platform\radio\rail_lib\autogen\librail_release\librail_efr32xg13_gcc_release.a(radio.o)
                0x0000e104                RADIO_ClockFreqGet
 .text.RADIO_Config
                0x0000e118       0xb0 C:\Users\poorn\SimplicityStudio\v4_workspace\soc-thermometer\platform\radio\rail_lib\autogen\librail_release\librail_efr32xg13_gcc_release.a(radio.o)
                0x0000e118                RADIO_Config
 .text.RADIO_IsRxOnForRssi
                0x0000e1c8       0x18 C:\Users\poorn\SimplicityStudio\v4_workspace\soc-thermometer\platform\radio\rail_lib\autogen\librail_release\librail_efr32xg13_gcc_release.a(radio.o)
                0x0000e1c8                RADIO_IsRxOnForRssi
 .text.RADIO_RxTrailDataLength
                0x0000e1e0       0x3c C:\Users\poorn\SimplicityStudio\v4_workspace\soc-thermometer\platform\radio\rail_lib\autogen\librail_release\librail_efr32xg13_gcc_release.a(radio.o)
                0x0000e1e0                RADIO_RxTrailDataLength
 .text.RADIO_ComputeTxBaudrate
                0x0000e21c       0x24 C:\Users\poorn\SimplicityStudio\v4_workspace\soc-thermometer\platform\radio\rail_lib\autogen\librail_release\librail_efr32xg13_gcc_release.a(radio.o)
                0x0000e21c                RADIO_ComputeTxBaudrate
 .text.RADIO_ComputeTxSymbolRate
                0x0000e240       0x54 C:\Users\poorn\SimplicityStudio\v4_workspace\soc-thermometer\platform\radio\rail_lib\autogen\librail_release\librail_efr32xg13_gcc_release.a(radio.o)
                0x0000e240                RADIO_ComputeTxSymbolRate
 .text.RADIO_ComputeTxBitRate
                0x0000e294       0x44 C:\Users\poorn\SimplicityStudio\v4_workspace\soc-thermometer\platform\radio\rail_lib\autogen\librail_release\librail_efr32xg13_gcc_release.a(radio.o)
                0x0000e294                RADIO_ComputeTxBitRate
 .text.RADIO_GetRssi
                0x0000e2d8       0x64 C:\Users\poorn\SimplicityStudio\v4_workspace\soc-thermometer\platform\radio\rail_lib\autogen\librail_release\librail_efr32xg13_gcc_release.a(radio.o)
                0x0000e2d8                RADIO_GetRssi
 .text.RADIO_SetCRCInitVal
                0x0000e33c       0x10 C:\Users\poorn\SimplicityStudio\v4_workspace\soc-thermometer\platform\radio\rail_lib\autogen\librail_release\librail_efr32xg13_gcc_release.a(radio.o)
                0x0000e33c                RADIO_SetCRCInitVal
 .text.RADIO_RACClearRxOverflow
                0x0000e34c       0x20 C:\Users\poorn\SimplicityStudio\v4_workspace\soc-thermometer\platform\radio\rail_lib\autogen\librail_release\librail_efr32xg13_gcc_release.a(radio.o)
                0x0000e34c                RADIO_RACClearRxOverflow
 .text.RFSENSE_IRQHandler
                0x0000e36c       0x10 C:\Users\poorn\SimplicityStudio\v4_workspace\soc-thermometer\platform\radio\rail_lib\autogen\librail_release\librail_efr32xg13_gcc_release.a(rfsense.o)
                0x0000e36c                RFSENSE_IRQHandler
 .text.RTCCSYNC_RTCCClockFreqGet
                0x0000e37c       0x44 C:\Users\poorn\SimplicityStudio\v4_workspace\soc-thermometer\platform\radio\rail_lib\autogen\librail_release\librail_efr32xg13_gcc_release.a(rtccsync.o)
 .text.PRORTC_IRQHandler
                0x0000e3c0       0x10 C:\Users\poorn\SimplicityStudio\v4_workspace\soc-thermometer\platform\radio\rail_lib\autogen\librail_release\librail_efr32xg13_gcc_release.a(rtccsync.o)
                0x0000e3c0                PRORTC_IRQHandler
 .text.RTCCSYNC_Init
                0x0000e3d0       0x88 C:\Users\poorn\SimplicityStudio\v4_workspace\soc-thermometer\platform\radio\rail_lib\autogen\librail_release\librail_efr32xg13_gcc_release.a(rtccsync.o)
                0x0000e3d0                RTCCSYNC_Init
 .text.RTCCSYNC_PreSleep
                0x0000e458      0x2a0 C:\Users\poorn\SimplicityStudio\v4_workspace\soc-thermometer\platform\radio\rail_lib\autogen\librail_release\librail_efr32xg13_gcc_release.a(rtccsync.o)
                0x0000e458                RTCCSYNC_PreSleep
 .text.RTCCSYNC_PostWakeUp
                0x0000e6f8      0x1b8 C:\Users\poorn\SimplicityStudio\v4_workspace\soc-thermometer\platform\radio\rail_lib\autogen\librail_release\librail_efr32xg13_gcc_release.a(rtccsync.o)
                0x0000e6f8                RTCCSYNC_PostWakeUp
 .text.SYNTH_RfFreqGet
                0x0000e8b0        0xc C:\Users\poorn\SimplicityStudio\v4_workspace\soc-thermometer\platform\radio\rail_lib\autogen\librail_release\librail_efr32xg13_gcc_release.a(synth.o)
                0x0000e8b0                SYNTH_RfFreqGet
 .text.SYNTH_ChSpacingGet
                0x0000e8bc        0xc C:\Users\poorn\SimplicityStudio\v4_workspace\soc-thermometer\platform\radio\rail_lib\autogen\librail_release\librail_efr32xg13_gcc_release.a(synth.o)
                0x0000e8bc                SYNTH_ChSpacingGet
 .text.SYNTH_LoDivGet
                0x0000e8c8       0x20 C:\Users\poorn\SimplicityStudio\v4_workspace\soc-thermometer\platform\radio\rail_lib\autogen\librail_release\librail_efr32xg13_gcc_release.a(synth.o)
                0x0000e8c8                SYNTH_LoDivGet
 .text.SYNTH_Is2p4GHz
                0x0000e8e8       0x14 C:\Users\poorn\SimplicityStudio\v4_workspace\soc-thermometer\platform\radio\rail_lib\autogen\librail_release\librail_efr32xg13_gcc_release.a(synth.o)
                0x0000e8e8                SYNTH_Is2p4GHz
 .text.SYNTH_VcoRangeIsValid
                0x0000e8fc       0x30 C:\Users\poorn\SimplicityStudio\v4_workspace\soc-thermometer\platform\radio\rail_lib\autogen\librail_release\librail_efr32xg13_gcc_release.a(synth.o)
                0x0000e8fc                SYNTH_VcoRangeIsValid
 .text.SYNTH_RetimeLimitsConfig
                0x0000e92c       0x64 C:\Users\poorn\SimplicityStudio\v4_workspace\soc-thermometer\platform\radio\rail_lib\autogen\librail_release\librail_efr32xg13_gcc_release.a(synth.o)
                0x0000e92c                SYNTH_RetimeLimitsConfig
 .text.SYNTH_RetimeClkConfig
                0x0000e990       0xb4 C:\Users\poorn\SimplicityStudio\v4_workspace\soc-thermometer\platform\radio\rail_lib\autogen\librail_release\librail_efr32xg13_gcc_release.a(synth.o)
                0x0000e990                SYNTH_RetimeClkConfig
 .text.SYNTH_Config
                0x0000ea44      0x104 C:\Users\poorn\SimplicityStudio\v4_workspace\soc-thermometer\platform\radio\rail_lib\autogen\librail_release\librail_efr32xg13_gcc_release.a(synth.o)
                0x0000ea44                SYNTH_Config
 .text.SYNTH_ChannelSet
                0x0000eb48       0x40 C:\Users\poorn\SimplicityStudio\v4_workspace\soc-thermometer\platform\radio\rail_lib\autogen\librail_release\librail_efr32xg13_gcc_release.a(synth.o)
                0x0000eb48                SYNTH_ChannelSet
 .text.SYNTH_DCDCRetimeClkSet
                0x0000eb88       0x68 C:\Users\poorn\SimplicityStudio\v4_workspace\soc-thermometer\platform\radio\rail_lib\autogen\librail_release\librail_efr32xg13_gcc_release.a(synth.o)
                0x0000eb88                SYNTH_DCDCRetimeClkSet
 .text.SYNTH_DCDCRetimeEnable
                0x0000ebf0       0x18 C:\Users\poorn\SimplicityStudio\v4_workspace\soc-thermometer\platform\radio\rail_lib\autogen\librail_release\librail_efr32xg13_gcc_release.a(synth.o)
                0x0000ebf0                SYNTH_DCDCRetimeEnable
 .text.SYNTH_DCDCRetimeDisable
                0x0000ec08       0x18 C:\Users\poorn\SimplicityStudio\v4_workspace\soc-thermometer\platform\radio\rail_lib\autogen\librail_release\librail_efr32xg13_gcc_release.a(synth.o)
                0x0000ec08                SYNTH_DCDCRetimeDisable
 .text.SYNTH_KvnFreqCompensationEnable
                0x0000ec20        0xc C:\Users\poorn\SimplicityStudio\v4_workspace\soc-thermometer\platform\radio\rail_lib\autogen\librail_release\librail_efr32xg13_gcc_release.a(synth.o)
                0x0000ec20                SYNTH_KvnFreqCompensationEnable
 .text.TEMPCAL_Init
                0x0000ec2c       0x38 C:\Users\poorn\SimplicityStudio\v4_workspace\soc-thermometer\platform\radio\rail_lib\autogen\librail_release\librail_efr32xg13_gcc_release.a(tempcal.o)
                0x0000ec2c                TEMPCAL_Init
 .text.TIMING_NsToStimerTickCalc
                0x0000ec64       0x2c C:\Users\poorn\SimplicityStudio\v4_workspace\soc-thermometer\platform\radio\rail_lib\autogen\librail_release\librail_efr32xg13_gcc_release.a(timings.o)
 .text.TIMING_Recalculate
                0x0000ec90      0x1ec C:\Users\poorn\SimplicityStudio\v4_workspace\soc-thermometer\platform\radio\rail_lib\autogen\librail_release\librail_efr32xg13_gcc_release.a(timings.o)
 .text.TIMING_InitStimer
                0x0000ee7c       0x8c C:\Users\poorn\SimplicityStudio\v4_workspace\soc-thermometer\platform\radio\rail_lib\autogen\librail_release\librail_efr32xg13_gcc_release.a(timings.o)
                0x0000ee7c                TIMING_InitStimer
 .text.TIMING_SeqTimingInit
                0x0000ef08       0x90 C:\Users\poorn\SimplicityStudio\v4_workspace\soc-thermometer\platform\radio\rail_lib\autogen\librail_release\librail_efr32xg13_gcc_release.a(timings.o)
                0x0000ef08                TIMING_SeqTimingInit
 .text.TIMING_SetTransitionTime
                0x0000ef98       0x18 C:\Users\poorn\SimplicityStudio\v4_workspace\soc-thermometer\platform\radio\rail_lib\autogen\librail_release\librail_efr32xg13_gcc_release.a(timings.o)
                0x0000ef98                TIMING_SetTransitionTime
 .text.TIMING_RxSearchTimeSet
                0x0000efb0       0x10 C:\Users\poorn\SimplicityStudio\v4_workspace\soc-thermometer\platform\radio\rail_lib\autogen\librail_release\librail_efr32xg13_gcc_release.a(timings.o)
                0x0000efb0                TIMING_RxSearchTimeSet
 .text.TIMING_TxToRxSearchTimeSet
                0x0000efc0       0x10 C:\Users\poorn\SimplicityStudio\v4_workspace\soc-thermometer\platform\radio\rail_lib\autogen\librail_release\librail_efr32xg13_gcc_release.a(timings.o)
                0x0000efc0                TIMING_TxToRxSearchTimeSet
 .text.TIMING_RecalculateAll
                0x0000efd0        0x6 C:\Users\poorn\SimplicityStudio\v4_workspace\soc-thermometer\platform\radio\rail_lib\autogen\librail_release\librail_efr32xg13_gcc_release.a(timings.o)
                0x0000efd0                TIMING_RecalculateAll
 .text.TIMING_RecalculatePaRampChanged
                0x0000efd6        0x6 C:\Users\poorn\SimplicityStudio\v4_workspace\soc-thermometer\platform\radio\rail_lib\autogen\librail_release\librail_efr32xg13_gcc_release.a(timings.o)
                0x0000efd6                TIMING_RecalculatePaRampChanged
 .text.TIMING_RecalculateViterbiChanged
                0x0000efdc        0x6 C:\Users\poorn\SimplicityStudio\v4_workspace\soc-thermometer\platform\radio\rail_lib\autogen\librail_release\librail_efr32xg13_gcc_release.a(timings.o)
                0x0000efdc                TIMING_RecalculateViterbiChanged
 .text.TIMING_SetChainDelays
                0x0000efe2        0x8 C:\Users\poorn\SimplicityStudio\v4_workspace\soc-thermometer\platform\radio\rail_lib\autogen\librail_release\librail_efr32xg13_gcc_release.a(timings.o)
                0x0000efe2                TIMING_SetChainDelays
 *fill*         0x0000efea        0x2 
 .text.TIMING_CalcAdjustUs
                0x0000efec       0x40 C:\Users\poorn\SimplicityStudio\v4_workspace\soc-thermometer\platform\radio\rail_lib\autogen\librail_release\librail_efr32xg13_gcc_release.a(timings.o)
                0x0000efec                TIMING_CalcAdjustUs
 .text.TIMING_PacketBits
                0x0000f02c       0x14 C:\Users\poorn\SimplicityStudio\v4_workspace\soc-thermometer\platform\radio\rail_lib\autogen\librail_release\librail_efr32xg13_gcc_release.a(timings.o)
                0x0000f02c                TIMING_PacketBits
 .text.TIMING_PreambleSyncBits
                0x0000f040       0x38 C:\Users\poorn\SimplicityStudio\v4_workspace\soc-thermometer\platform\radio\rail_lib\autogen\librail_release\librail_efr32xg13_gcc_release.a(timings.o)
                0x0000f040                TIMING_PreambleSyncBits
 .text.TIMING_CalcRxTimeStampUs
                0x0000f078       0x66 C:\Users\poorn\SimplicityStudio\v4_workspace\soc-thermometer\platform\radio\rail_lib\autogen\librail_release\librail_efr32xg13_gcc_release.a(timings.o)
                0x0000f078                TIMING_CalcRxTimeStampUs
 *fill*         0x0000f0de        0x2 
 .text.TIMING_AdjustRxTimeStampUs
                0x0000f0e0       0x40 C:\Users\poorn\SimplicityStudio\v4_workspace\soc-thermometer\platform\radio\rail_lib\autogen\librail_release\librail_efr32xg13_gcc_release.a(timings.o)
                0x0000f0e0                TIMING_AdjustRxTimeStampUs
 .text.RFRAND_GetRadioEntropy
                0x0000f120      0x100 C:\Users\poorn\SimplicityStudio\v4_workspace\soc-thermometer\platform\radio\rail_lib\autogen\librail_release\librail_efr32xg13_gcc_release.a(rf_rand.o)
                0x0000f120                RFRAND_GetRadioEntropy
 .text.RFRAND_SeedProtimerRandom
                0x0000f220       0x3c C:\Users\poorn\SimplicityStudio\v4_workspace\soc-thermometer\platform\radio\rail_lib\autogen\librail_release\librail_efr32xg13_gcc_release.a(rf_rand.o)
                0x0000f220                RFRAND_SeedProtimerRandom
 .text.RAIL_GetTxPowerCurve
                0x0000f25c       0x14 C:\Users\poorn\SimplicityStudio\v4_workspace\soc-thermometer\platform\radio\rail_lib\autogen\librail_release\librail_efr32xg13_gcc_release.a(pa_conversions_efr32.o)
                0x0000f25c                RAIL_GetTxPowerCurve
 .text.RAIL_InitTxPowerCurves
                0x0000f270       0x2c C:\Users\poorn\SimplicityStudio\v4_workspace\soc-thermometer\platform\radio\rail_lib\autogen\librail_release\librail_efr32xg13_gcc_release.a(pa_conversions_efr32.o)
                0x0000f270                RAIL_InitTxPowerCurves
 .text.RAIL_ConvertDbmToRaw
                0x0000f29c       0xd8 C:\Users\poorn\SimplicityStudio\v4_workspace\soc-thermometer\platform\radio\rail_lib\autogen\librail_release\librail_efr32xg13_gcc_release.a(pa_conversions_efr32.o)
                0x0000f29c                RAIL_ConvertDbmToRaw
 .text.RAIL_ConvertRawToDbm
                0x0000f374       0xb8 C:\Users\poorn\SimplicityStudio\v4_workspace\soc-thermometer\platform\radio\rail_lib\autogen\librail_release\librail_efr32xg13_gcc_release.a(pa_conversions_efr32.o)
                0x0000f374                RAIL_ConvertRawToDbm
 .text.GENERIC_PHY_EnableDisableInt
                0x0000f42c       0x22 C:\Users\poorn\SimplicityStudio\v4_workspace\soc-thermometer\platform\radio\rail_lib\autogen\librail_release\librail_efr32xg13_gcc_release.a(generic_phy.o)
 *fill*         0x0000f44e        0x2 
 .text.GENERIC_PHY_DisableRadioIrqs
                0x0000f450       0x50 C:\Users\poorn\SimplicityStudio\v4_workspace\soc-thermometer\platform\radio\rail_lib\autogen\librail_release\librail_efr32xg13_gcc_release.a(generic_phy.o)
 .text.GENERIC_PHY_ConfigureRollbackReporting
                0x0000f4a0       0x68 C:\Users\poorn\SimplicityStudio\v4_workspace\soc-thermometer\platform\radio\rail_lib\autogen\librail_release\librail_efr32xg13_gcc_release.a(generic_phy.o)
 .text.GENERIC_PHY_ClearPendedRxWindowEnd
                0x0000f508       0x1c C:\Users\poorn\SimplicityStudio\v4_workspace\soc-thermometer\platform\radio\rail_lib\autogen\librail_release\librail_efr32xg13_gcc_release.a(generic_phy.o)
 .text.GENERIC_PHY_RxOverflowHook
                0x0000f524       0x34 C:\Users\poorn\SimplicityStudio\v4_workspace\soc-thermometer\platform\radio\rail_lib\autogen\librail_release\librail_efr32xg13_gcc_release.a(generic_phy.o)
 .text.RADIO_RACRxAbort
                0x0000f558       0x3c C:\Users\poorn\SimplicityStudio\v4_workspace\soc-thermometer\platform\radio\rail_lib\autogen\librail_release\librail_efr32xg13_gcc_release.a(generic_phy.o)
 .text.GENERIC_PHY_CheckPendedRxWindowEnd
                0x0000f594       0x44 C:\Users\poorn\SimplicityStudio\v4_workspace\soc-thermometer\platform\radio\rail_lib\autogen\librail_release\librail_efr32xg13_gcc_release.a(generic_phy.o)
 .text.GENERIC_PHY_ConfigureEvents
                0x0000f5d8      0x2c8 C:\Users\poorn\SimplicityStudio\v4_workspace\soc-thermometer\platform\radio\rail_lib\autogen\librail_release\librail_efr32xg13_gcc_release.a(generic_phy.o)
                0x0000f5d8                GENERIC_PHY_ConfigureEvents
 .text.GENERIC_PHY_PacketTxCommon
                0x0000f8a0       0x3c C:\Users\poorn\SimplicityStudio\v4_workspace\soc-thermometer\platform\radio\rail_lib\autogen\librail_release\librail_efr32xg13_gcc_release.a(generic_phy.o)
                0x0000f8a0                GENERIC_PHY_PacketTxCommon
 .text.GENERIC_PHY_PacketTx
                0x0000f8dc       0x40 C:\Users\poorn\SimplicityStudio\v4_workspace\soc-thermometer\platform\radio\rail_lib\autogen\librail_release\librail_efr32xg13_gcc_release.a(generic_phy.o)
                0x0000f8dc                GENERIC_PHY_PacketTx
 .text.GENERIC_PHY_SchedulePacketRx
                0x0000f91c      0x100 C:\Users\poorn\SimplicityStudio\v4_workspace\soc-thermometer\platform\radio\rail_lib\autogen\librail_release\librail_efr32xg13_gcc_release.a(generic_phy.o)
                0x0000f91c                GENERIC_PHY_SchedulePacketRx
 .text.GENERIC_PHY_SchedulePacketTx
                0x0000fa1c       0x78 C:\Users\poorn\SimplicityStudio\v4_workspace\soc-thermometer\platform\radio\rail_lib\autogen\librail_release\librail_efr32xg13_gcc_release.a(generic_phy.o)
                0x0000fa1c                GENERIC_PHY_SchedulePacketTx
 .text.GENERIC_PHY_SeqAtomicLock
                0x0000fa94       0x30 C:\Users\poorn\SimplicityStudio\v4_workspace\soc-thermometer\platform\radio\rail_lib\autogen\librail_release\librail_efr32xg13_gcc_release.a(generic_phy.o)
                0x0000fa94                GENERIC_PHY_SeqAtomicLock
 .text.GENERIC_PHY_RACConfig
                0x0000fac4       0x40 C:\Users\poorn\SimplicityStudio\v4_workspace\soc-thermometer\platform\radio\rail_lib\autogen\librail_release\librail_efr32xg13_gcc_release.a(generic_phy.o)
                0x0000fac4                GENERIC_PHY_RACConfig
 .text.GENERIC_PHY_Init
                0x0000fb04       0x70 C:\Users\poorn\SimplicityStudio\v4_workspace\soc-thermometer\platform\radio\rail_lib\autogen\librail_release\librail_efr32xg13_gcc_release.a(generic_phy.o)
                0x0000fb04                GENERIC_PHY_Init
 .text.GENERIC_PHY_ResetRxFifo
                0x0000fb74       0x30 C:\Users\poorn\SimplicityStudio\v4_workspace\soc-thermometer\platform\radio\rail_lib\autogen\librail_release\librail_efr32xg13_gcc_release.a(generic_phy.o)
                0x0000fb74                GENERIC_PHY_ResetRxFifo
 .text.GENERIC_PHY_RadioIdle
                0x0000fba4      0x154 C:\Users\poorn\SimplicityStudio\v4_workspace\soc-thermometer\platform\radio\rail_lib\autogen\librail_release\librail_efr32xg13_gcc_release.a(generic_phy.o)
                0x0000fba4                GENERIC_PHY_RadioIdle
 .text.FRC_IRQHandler
                0x0000fcf8      0x528 C:\Users\poorn\SimplicityStudio\v4_workspace\soc-thermometer\platform\radio\rail_lib\autogen\librail_release\librail_efr32xg13_gcc_release.a(generic_phy.o)
                0x0000fcf8                FRC_IRQHandler
 .text.FRC_PRI_IRQHandler
                0x00010220        0x4 C:\Users\poorn\SimplicityStudio\v4_workspace\soc-thermometer\platform\radio\rail_lib\autogen\librail_release\librail_efr32xg13_gcc_release.a(generic_phy.o)
                0x00010220                FRC_PRI_IRQHandler
 .text.BUFC_IRQHandler
                0x00010224        0x4 C:\Users\poorn\SimplicityStudio\v4_workspace\soc-thermometer\platform\radio\rail_lib\autogen\librail_release\librail_efr32xg13_gcc_release.a(generic_phy.o)
                0x00010224                BUFC_IRQHandler
 .text.PROTIMER_IRQHandler
                0x00010228        0x4 C:\Users\poorn\SimplicityStudio\v4_workspace\soc-thermometer\platform\radio\rail_lib\autogen\librail_release\librail_efr32xg13_gcc_release.a(generic_phy.o)
                0x00010228                PROTIMER_IRQHandler
 .text.RAC_SEQ_IRQHandler
                0x0001022c        0x4 C:\Users\poorn\SimplicityStudio\v4_workspace\soc-thermometer\platform\radio\rail_lib\autogen\librail_release\librail_efr32xg13_gcc_release.a(generic_phy.o)
                0x0001022c                RAC_SEQ_IRQHandler
 .text.RAILCb_RadioStateChanged
                0x00010230       0x14 C:\Users\poorn\SimplicityStudio\v4_workspace\soc-thermometer\platform\radio\rail_lib\autogen\librail_release\librail_efr32xg13_gcc_release.a(generic_phy.o)
                0x00010230                RAILCb_RadioStateChanged
 .text.RAC_RSM_IRQHandler
                0x00010244       0x48 C:\Users\poorn\SimplicityStudio\v4_workspace\soc-thermometer\platform\radio\rail_lib\autogen\librail_release\librail_efr32xg13_gcc_release.a(generic_phy.o)
                0x00010244                RAC_RSM_IRQHandler
 .text.MODEM_IRQHandler
                0x0001028c        0x4 C:\Users\poorn\SimplicityStudio\v4_workspace\soc-thermometer\platform\radio\rail_lib\autogen\librail_release\librail_efr32xg13_gcc_release.a(generic_phy.o)
                0x0001028c                MODEM_IRQHandler
 .text.AGC_IRQHandler
                0x00010290       0x40 C:\Users\poorn\SimplicityStudio\v4_workspace\soc-thermometer\platform\radio\rail_lib\autogen\librail_release\librail_efr32xg13_gcc_release.a(generic_phy.o)
                0x00010290                AGC_IRQHandler
 .text.SYNTH_IRQHandler
                0x000102d0       0x10 C:\Users\poorn\SimplicityStudio\v4_workspace\soc-thermometer\platform\radio\rail_lib\autogen\librail_release\librail_efr32xg13_gcc_release.a(generic_phy.o)
                0x000102d0                SYNTH_IRQHandler
 .text.GENERIC_PHY_SetFeatures
                0x000102e0       0x24 C:\Users\poorn\SimplicityStudio\v4_workspace\soc-thermometer\platform\radio\rail_lib\autogen\librail_release\librail_efr32xg13_gcc_release.a(generic_phy.o)
                0x000102e0                GENERIC_PHY_SetFeatures
 .text.GENERIC_PHY_IsFeatureEnabled