Archive member included because of file (symbol)

C:\Users\poorn\SimplicityStudio\v4_workspace\Energy_Modes_Poorn_Mehta\platform\radio\rail_lib\autogen\librail_release\librail_efr32xg13_gcc_release.a(rail_pti.o)
                              ./pti.o (RAIL_ConfigPti)
C:\Users\poorn\SimplicityStudio\v4_workspace\Energy_Modes_Poorn_Mehta\platform\radio\rail_lib\autogen\librail_release\librail_efr32xg13_gcc_release.a(rail_rf_hal.o)
                              C:\Users\poorn\SimplicityStudio\v4_workspace\Energy_Modes_Poorn_Mehta\platform\radio\rail_lib\autogen\librail_release\librail_efr32xg13_gcc_release.a(rail_pti.o) (RFHAL_ConfigPti)
C:\Users\poorn\SimplicityStudio\v4_workspace\Energy_Modes_Poorn_Mehta\platform\radio\rail_lib\autogen\librail_release\librail_efr32xg13_gcc_release.a(rail_ieee802154_rf_hal.o)
                              C:\Users\poorn\SimplicityStudio\v4_workspace\Energy_Modes_Poorn_Mehta\platform\radio\rail_lib\autogen\librail_release\librail_efr32xg13_gcc_release.a(rail_rf_hal.o) (RFHAL_IEEE802154IsEnabled)
C:\Users\poorn\SimplicityStudio\v4_workspace\Energy_Modes_Poorn_Mehta\platform\radio\rail_lib\autogen\librail_release\librail_efr32xg13_gcc_release.a(ieee802154_efr32xg13_configurator_out.o)
                              C:\Users\poorn\SimplicityStudio\v4_workspace\Energy_Modes_Poorn_Mehta\platform\radio\rail_lib\autogen\librail_release\librail_efr32xg13_gcc_release.a(rail_ieee802154_rf_hal.o) (ieee802154_coherent_min)
C:\Users\poorn\SimplicityStudio\v4_workspace\Energy_Modes_Poorn_Mehta\platform\radio\rail_lib\autogen\librail_release\librail_efr32xg13_gcc_release.a(ieee802154_gb868_efr32xg13_configurator_out.o)
                              C:\Users\poorn\SimplicityStudio\v4_workspace\Energy_Modes_Poorn_Mehta\platform\radio\rail_lib\autogen\librail_release\librail_efr32xg13_gcc_release.a(rail_ieee802154_rf_hal.o) (ieee802154_gb868_config_915_min)
C:\Users\poorn\SimplicityStudio\v4_workspace\Energy_Modes_Poorn_Mehta\platform\radio\rail_lib\autogen\librail_release\librail_efr32xg13_gcc_release.a(rail_ble_rf_hal.o)
                              C:\Users\poorn\SimplicityStudio\v4_workspace\Energy_Modes_Poorn_Mehta\platform\radio\rail_lib\autogen\librail_release\librail_efr32xg13_gcc_release.a(rail_rf_hal.o) (RFHAL_IsBleLongRangeEnabled)
C:\Users\poorn\SimplicityStudio\v4_workspace\Energy_Modes_Poorn_Mehta\platform\radio\rail_lib\autogen\librail_release\librail_efr32xg13_gcc_release.a(ble_efr32xg13_configurator_out.o)
                              C:\Users\poorn\SimplicityStudio\v4_workspace\Energy_Modes_Poorn_Mehta\platform\radio\rail_lib\autogen\librail_release\librail_efr32xg13_gcc_release.a(rail_ble_rf_hal.o) (ble_viterbi2M_min)
C:\Users\poorn\SimplicityStudio\v4_workspace\Energy_Modes_Poorn_Mehta\platform\radio\rail_lib\autogen\librail_release\librail_efr32xg13_gcc_release.a(rail_singleprotocol.o)
                              C:\Users\poorn\SimplicityStudio\v4_workspace\Energy_Modes_Poorn_Mehta\platform\radio\rail_lib\autogen\librail_release\librail_efr32xg13_gcc_release.a(rail_rf_hal.o) (RAIL_ActiveHandle)
C:\Users\poorn\SimplicityStudio\v4_workspace\Energy_Modes_Poorn_Mehta\platform\radio\rail_lib\autogen\librail_release\librail_efr32xg13_gcc_release.a(rail_rf.o)
                              C:\Users\poorn\SimplicityStudio\v4_workspace\Energy_Modes_Poorn_Mehta\platform\radio\rail_lib\autogen\librail_release\librail_efr32xg13_gcc_release.a(rail_singleprotocol.o) (RAILCore_Init)
C:\Users\poorn\SimplicityStudio\v4_workspace\Energy_Modes_Poorn_Mehta\platform\radio\rail_lib\autogen\librail_release\librail_efr32xg13_gcc_release.a(rail_rx.o)
                              C:\Users\poorn\SimplicityStudio\v4_workspace\Energy_Modes_Poorn_Mehta\platform\radio\rail_lib\autogen\librail_release\librail_efr32xg13_gcc_release.a(rail_rf_hal.o) (RAILCore_StartRx)
C:\Users\poorn\SimplicityStudio\v4_workspace\Energy_Modes_Poorn_Mehta\platform\radio\rail_lib\autogen\librail_release\librail_efr32xg13_gcc_release.a(rail_tx.o)
                              C:\Users\poorn\SimplicityStudio\v4_workspace\Energy_Modes_Poorn_Mehta\platform\radio\rail_lib\autogen\librail_release\librail_efr32xg13_gcc_release.a(rail_singleprotocol.o) (RAILCore_StartTxStream)
C:\Users\poorn\SimplicityStudio\v4_workspace\Energy_Modes_Poorn_Mehta\platform\radio\rail_lib\autogen\librail_release\librail_efr32xg13_gcc_release.a(rail_calibration.o)
                              C:\Users\poorn\SimplicityStudio\v4_workspace\Energy_Modes_Poorn_Mehta\platform\radio\rail_lib\autogen\librail_release\librail_efr32xg13_gcc_release.a(rail_rf_hal.o) (RAILInt_PendCal)
C:\Users\poorn\SimplicityStudio\v4_workspace\Energy_Modes_Poorn_Mehta\platform\radio\rail_lib\autogen\librail_release\librail_efr32xg13_gcc_release.a(rail_data.o)
                              C:\Users\poorn\SimplicityStudio\v4_workspace\Energy_Modes_Poorn_Mehta\platform\radio\rail_lib\autogen\librail_release\librail_efr32xg13_gcc_release.a(rail_rf_hal.o) (RAILCb_SetupRxFifo)
[...]
Memory Configuration

Name             Origin             Length             Attributes
FLASH_BOOTLOADER 0x0fe10000         0x00004000         xr
FLASH            0x00000000         0x0007f000         xr
RAM              0x20000000         0x00010000         xrw
*default*        0x00000000         0xffffffff

Linker script and memory map

LOAD c:/siliconlabs/simplicitystudio/v4/developer/toolchains/gnu_arm/4.9_2015q3/bin/../lib/gcc/arm-none-eabi/4.9.3/armv7e-m/softfp/crti.o
LOAD c:/siliconlabs/simplicitystudio/v4/developer/toolchains/gnu_arm/4.9_2015q3/bin/../lib/gcc/arm-none-eabi/4.9.3/armv7e-m/softfp/crtbegin.o
LOAD c:/siliconlabs/simplicitystudio/v4/developer/toolchains/gnu_arm/4.9_2015q3/bin/../lib/gcc/arm-none-eabi/4.9.3/../../../../arm-none-eabi/lib/armv7e-m/softfp/crt0.o
START GROUP
LOAD ./application_properties.o
LOAD ./gatt_db.o
LOAD ./init_app.o
LOAD ./init_board.o
LOAD ./init_mcu.o
LOAD ./main.o
LOAD ./pti.o
LOAD ./hardware/kit/common/bsp/bsp_stk.o
LOAD ./hardware/kit/common/drivers/i2cspm.o
LOAD ./hardware/kit/common/drivers/mx25flash_spi.o
LOAD ./hardware/kit/common/drivers/si7013.o
LOAD ./hardware/kit/common/drivers/tempsens.o
LOAD ./hardware/kit/common/drivers/udelay.o
LOAD ./platform/Device/SiliconLabs/EFR32BG13P/Source/GCC/startup_efr32bg13p.o
LOAD ./platform/Device/SiliconLabs/EFR32BG13P/Source/system_efr32bg13p.o
LOAD ./platform/emdrv/sleep/src/sleep.o
LOAD ./platform/emlib/src/em_acmp.o
LOAD ./platform/emlib/src/em_adc.o
LOAD ./platform/emlib/src/em_aes.o
LOAD ./platform/emlib/src/em_assert.o
LOAD ./platform/emlib/src/em_burtc.o
LOAD ./platform/emlib/src/em_can.o
LOAD ./platform/emlib/src/em_cmu.o
LOAD ./platform/emlib/src/em_core.o
LOAD ./platform/emlib/src/em_cryotimer.o
LOAD ./platform/emlib/src/em_crypto.o
LOAD ./platform/emlib/src/em_csen.o
LOAD ./platform/emlib/src/em_dac.o
LOAD ./platform/emlib/src/em_dbg.o
LOAD ./platform/emlib/src/em_dma.o
LOAD ./platform/emlib/src/em_ebi.o
LOAD ./platform/emlib/src/em_emu.o
LOAD ./platform/emlib/src/em_gpcrc.o
LOAD ./platform/emlib/src/em_gpio.o
LOAD ./platform/emlib/src/em_i2c.o
LOAD ./platform/emlib/src/em_idac.o
LOAD ./platform/emlib/src/em_int.o
LOAD ./platform/emlib/src/em_lcd.o
LOAD ./platform/emlib/src/em_ldma.o
LOAD ./platform/emlib/src/em_lesense.o
LOAD ./platform/emlib/src/em_letimer.o
LOAD ./platform/emlib/src/em_leuart.o
LOAD ./platform/emlib/src/em_mpu.o
LOAD ./platform/emlib/src/em_msc.o
LOAD ./platform/emlib/src/em_opamp.o
LOAD ./platform/emlib/src/em_pcnt.o
LOAD ./platform/emlib/src/em_prs.o
LOAD ./platform/emlib/src/em_qspi.o
LOAD ./platform/emlib/src/em_rmu.o
LOAD ./platform/emlib/src/em_rtc.o
LOAD ./platform/emlib/src/em_rtcc.o
LOAD ./platform/emlib/src/em_system.o
LOAD ./platform/emlib/src/em_timer.o
LOAD ./platform/emlib/src/em_usart.o
LOAD ./platform/emlib/src/em_vcmp.o
LOAD ./platform/emlib/src/em_vdac.o
LOAD ./platform/emlib/src/em_wdog.o
LOAD ./src/cmu.o
LOAD ./src/gpio.o
LOAD C:\Users\poorn\SimplicityStudio\v4_workspace\Energy_Modes_Poorn_Mehta\platform\radio\rail_lib\autogen\librail_release\librail_efr32xg13_gcc_release.a
LOAD C:\Users\poorn\SimplicityStudio\v4_workspace\Energy_Modes_Poorn_Mehta\protocol\bluetooth\lib\EFR32BG13P\GCC\binapploader.o
LOAD C:\Users\poorn\SimplicityStudio\v4_workspace\Energy_Modes_Poorn_Mehta\protocol\bluetooth\lib\EFR32BG13P\GCC\libbluetooth.a
LOAD C:\Users\poorn\SimplicityStudio\v4_workspace\Energy_Modes_Poorn_Mehta\protocol\bluetooth\lib\EFR32BG13P\GCC\libpsstore.a
LOAD C:\Users\poorn\SimplicityStudio\v4_workspace\Energy_Modes_Poorn_Mehta\protocol\bluetooth\lib\EFR32BG13P\GCC\libmbedtls.a
LOAD c:/siliconlabs/simplicitystudio/v4/developer/toolchains/gnu_arm/4.9_2015q3/bin/../lib/gcc/arm-none-eabi/4.9.3/../../../../arm-none-eabi/lib/armv7e-m/softfp\libm.a
END GROUP
START GROUP
LOAD c:/siliconlabs/simplicitystudio/v4/developer/toolchains/gnu_arm/4.9_2015q3/bin/../lib/gcc/arm-none-eabi/4.9.3/armv7e-m/softfp\libgcc.a
LOAD c:/siliconlabs/simplicitystudio/v4/developer/toolchains/gnu_arm/4.9_2015q3/bin/../lib/gcc/arm-none-eabi/4.9.3/../../../../arm-none-eabi/lib/armv7e-m/softfp\libc_nano.a
LOAD c:/siliconlabs/simplicitystudio/v4/developer/toolchains/gnu_arm/4.9_2015q3/bin/../lib/gcc/arm-none-eabi/4.9.3/../../../../arm-none-eabi/lib/armv7e-m/softfp\libnosys.a
END GROUP
START GROUP
LOAD c:/siliconlabs/simplicitystudio/v4/developer/toolchains/gnu_arm/4.9_2015q3/bin/../lib/gcc/arm-none-eabi/4.9.3/armv7e-m/softfp\libgcc.a
LOAD c:/siliconlabs/simplicitystudio/v4/developer/toolchains/gnu_arm/4.9_2015q3/bin/../lib/gcc/arm-none-eabi/4.9.3/../../../../arm-none-eabi/lib/armv7e-m/softfp\libg_nano.a
LOAD c:/siliconlabs/simplicitystudio/v4/developer/toolchains/gnu_arm/4.9_2015q3/bin/../lib/gcc/arm-none-eabi/4.9.3/../../../../arm-none-eabi/lib/armv7e-m/softfp\libc_nano.a
END GROUP
START GROUP
LOAD c:/siliconlabs/simplicitystudio/v4/developer/toolchains/gnu_arm/4.9_2015q3/bin/../lib/gcc/arm-none-eabi/4.9.3/armv7e-m/softfp\libgcc.a
LOAD c:/siliconlabs/simplicitystudio/v4/developer/toolchains/gnu_arm/4.9_2015q3/bin/../lib/gcc/arm-none-eabi/4.9.3/../../../../arm-none-eabi/lib/armv7e-m/softfp\libc_nano.a
END GROUP
LOAD c:/siliconlabs/simplicitystudio/v4/developer/toolchains/gnu_arm/4.9_2015q3/bin/../lib/gcc/arm-none-eabi/4.9.3/armv7e-m/softfp/crtend.o
LOAD c:/siliconlabs/simplicitystudio/v4/developer/toolchains/gnu_arm/4.9_2015q3/bin/../lib/gcc/arm-none-eabi/4.9.3/armv7e-m/softfp/crtn.o

.text_bootloader
                0x0fe10000        0x0
 *(.binbootloader*)
                0x0fe10000                . = ALIGN (0x4000)

.text_apploader
                0x00000000     0x8fc0
 *(.binapploader*)
 .binapploader  0x00000000     0x8fc0 C:\Users\poorn\SimplicityStudio\v4_workspace\Energy_Modes_Poorn_Mehta\protocol\bluetooth\lib\EFR32BG13P\GCC\binapploader.o

.text_signature
                0x00008fc0       0x40
                0x00009000                . = ALIGN (0x800)
 *fill*         0x00008fc0       0x40 
                0x00009000                __text_start__ = .

.text_application
                0x00009000     0x3380
 *(.vectors)
 .vectors       0x00009000       0xfc ./platform/Device/SiliconLabs/EFR32BG13P/Source/GCC/startup_efr32bg13p.o
                0x00009000                __Vectors
                0x000090fc                __Vectors_End = .
                0x000000fc                __Vectors_Size = (__Vectors_End - __Vectors)
                0x000090fc                __end__ = .
 *(.application_properties)
 .application_properties
                0x000090fc       0x38 ./application_properties.o
                0x000090fc                applicationProperties
 *(.gecko_configuration)
 *(.xo_configuration)
 *(.gatt_header)
 .gatt_header   0x00009134       0x34 ./gatt_db.o
                0x00009134                bg_gattdb_data
 *(.gatt_data)
 .gatt_data     0x00009168      0x1c6 ./gatt_db.o
                0x00009168                bg_gattdb_data_adv_uuid128_map
                0x0000916c                bg_gattdb_data_adv_uuid16_map
                0x00009170                bg_gattdb_data_attributes_dynamic_mapping_map
                0x00009178                bg_gattdb_data_attributes_map
                0x0000925c                bg_gattdb_data_attribute_field_0
                0x00009260                bg_gattdb_data_attribute_field_1
                0x00009268                bg_gattdb_data_attribute_field_2
                0x00009270                bg_gattdb_data_attribute_field_4
                0x00009274                bg_gattdb_data_attribute_field_5
                0x0000927c                bg_gattdb_data_attribute_field_6
                0x00009284                bg_gattdb_data_attribute_field_7
                0x0000928c                bg_gattdb_data_attribute_field_8
                0x00009290                bg_gattdb_data_attribute_field_9
                0x00009294                bg_gattdb_data_attribute_field_10
                0x0000929c                bg_gattdb_data_attribute_field_11
                0x000092ac                bg_gattdb_data_attribute_field_12
                0x000092b0                bg_gattdb_data_attribute_field_13
                0x000092b8                bg_gattdb_data_attribute_field_14
                0x000092c0                bg_gattdb_data_attribute_field_16
                0x000092d4                bg_gattdb_data_attribute_field_17
                0x000092ec                bg_gattdb_data_attribute_field_18
                0x000092f4                bg_gattdb_data_uuidtable_128_map
                0x00009314                bg_gattdb_data_uuidtable_16_map
 *(.text*)
 *fill*         0x0000932e        0x2 
 .text          0x00009330       0x5c c:/siliconlabs/simplicitystudio/v4/developer/toolchains/gnu_arm/4.9_2015q3/bin/../lib/gcc/arm-none-eabi/4.9.3/armv7e-m/softfp/crtbegin.o
 .text          0x0000938c       0x74 c:/siliconlabs/simplicitystudio/v4/developer/toolchains/gnu_arm/4.9_2015q3/bin/../lib/gcc/arm-none-eabi/4.9.3/../../../../arm-none-eabi/lib/armv7e-m/softfp/crt0.o
                0x0000938c                _start
                0x0000938c                _mainCRTStartup
 .text.initBoard
                0x00009400       0x48 ./init_board.o
                0x00009400                initBoard
 .text.initMcu  0x00009448       0xf4 ./init_mcu.o
                0x00009448                initMcu
 .text.LETIMER0_IRQHandler
                0x0000953c       0x38 ./main.o
                0x0000953c                LETIMER0_IRQHandler
 .text.Set_Letimer_Clock_Prescaler
                0x00009574       0x48 ./main.o
                0x00009574                Set_Letimer_Clock_Prescaler
 .text.Setting_Letimer_Clock
                0x000095bc       0x38 ./main.o
                0x000095bc                Setting_Letimer_Clock
 .text.Blue_Gecko_BlockSleepMode
                0x000095f4       0x1c ./main.o
                0x000095f4                Blue_Gecko_BlockSleepMode
 .text.Blue_Gecko_Letimer_Init
                0x00009610       0x68 ./main.o
                0x00009610                Blue_Gecko_Letimer_Init
 .text.Blue_Gecko_Sleep
                0x00009678       0x3c ./main.o
                0x00009678                Blue_Gecko_Sleep
 .text.main     0x000096b4       0x1c ./main.o
                0x000096b4                main
 .text.Wait_Flash_WarmUp
                0x000096d0       0x20 ./hardware/kit/common/drivers/mx25flash_spi.o
                0x000096d0                Wait_Flash_WarmUp
 .text.MX25_init
                0x000096f0       0x90 ./hardware/kit/common/drivers/mx25flash_spi.o
                0x000096f0                MX25_init
 .text.InsertDummyCycle
                0x00009780       0x20 ./hardware/kit/common/drivers/mx25flash_spi.o
                0x00009780                InsertDummyCycle
 .text.SendByte
                0x000097a0       0x14 ./hardware/kit/common/drivers/mx25flash_spi.o
                0x000097a0                SendByte
 .text.MX25_DP  0x000097b4       0x38 ./hardware/kit/common/drivers/mx25flash_spi.o
                0x000097b4                MX25_DP
 .text.Default_Handler
                0x000097ec        0x4 ./platform/Device/SiliconLabs/EFR32BG13P/Source/GCC/startup_efr32bg13p.o
                0x000097ec                DebugMon_Handler
                0x000097ec                USART0_TX_IRQHandler
                0x000097ec                I2C0_IRQHandler
                0x000097ec                HardFault_Handler
                0x000097ec                SysTick_Handler
                0x000097ec                USART1_RX_IRQHandler
                0x000097ec                PendSV_Handler
                0x000097ec                NMI_Handler
                0x000097ec                I2C1_IRQHandler
                0x000097ec                WTIMER0_IRQHandler
                0x000097ec                CRYPTO0_IRQHandler
                0x000097ec                WDOG0_IRQHandler
                0x000097ec                USART1_TX_IRQHandler
                0x000097ec                SMU_IRQHandler
                0x000097ec                MSC_IRQHandler
                0x000097ec                ADC0_IRQHandler
                0x000097ec                UsageFault_Handler
                0x000097ec                WDOG1_IRQHandler
                0x000097ec                LEUART0_IRQHandler
                0x000097ec                FPUEH_IRQHandler
                0x000097ec                GPIO_EVEN_IRQHandler
                0x000097ec                VDAC0_IRQHandler
                0x000097ec                LDMA_IRQHandler
                0x000097ec                CSEN_IRQHandler
                0x000097ec                CRYPTO1_IRQHandler
                0x000097ec                TIMER0_IRQHandler
                0x000097ec                TIMER1_IRQHandler
                0x000097ec                TRNG0_IRQHandler
                0x000097ec                USART2_RX_IRQHandler
                0x000097ec                Default_Handler
                0x000097ec                EMU_IRQHandler
                0x000097ec                CRYOTIMER_IRQHandler
                0x000097ec                PCNT0_IRQHandler
                0x000097ec                ACMP0_IRQHandler
                0x000097ec                USART0_RX_IRQHandler
                0x000097ec                MemManage_Handler
                0x000097ec                SVC_Handler
                0x000097ec                RTCC_IRQHandler
                0x000097ec                CMU_IRQHandler
                0x000097ec                LESENSE_IRQHandler
                0x000097ec                GPIO_ODD_IRQHandler
                0x000097ec                BusFault_Handler
                0x000097ec                USART2_TX_IRQHandler
                0x000097ec                IDAC0_IRQHandler
 .text.Reset_Handler
                0x000097f0       0x2c ./platform/Device/SiliconLabs/EFR32BG13P/Source/GCC/startup_efr32bg13p.o
                0x000097f0                Reset_Handler
 .text.SystemMaxCoreClockGet
                0x0000981c        0x8 ./platform/Device/SiliconLabs/EFR32BG13P/Source/system_efr32bg13p.o
                0x0000981c                SystemMaxCoreClockGet
 .text.SystemHFClockGet
                0x00009824       0x50 ./platform/Device/SiliconLabs/EFR32BG13P/Source/system_efr32bg13p.o
                0x00009824                SystemHFClockGet
 .text.SystemCoreClockGet
                0x00009874       0x24 ./platform/Device/SiliconLabs/EFR32BG13P/Source/system_efr32bg13p.o
                0x00009874                SystemCoreClockGet
 .text.SystemHFXOClockGet
                0x00009898        0xc ./platform/Device/SiliconLabs/EFR32BG13P/Source/system_efr32bg13p.o
                0x00009898                SystemHFXOClockGet
 .text.SystemHFXOClockSet
                0x000098a4       0x24 ./platform/Device/SiliconLabs/EFR32BG13P/Source/system_efr32bg13p.o
                0x000098a4                SystemHFXOClockSet
 .text.SystemInit
                0x000098c8       0x14 ./platform/Device/SiliconLabs/EFR32BG13P/Source/system_efr32bg13p.o
                0x000098c8                SystemInit
 .text.SystemLFRCOClockGet
                0x000098dc        0x8 ./platform/Device/SiliconLabs/EFR32BG13P/Source/system_efr32bg13p.o
                0x000098dc                SystemLFRCOClockGet
 .text.SystemULFRCOClockGet
                0x000098e4        0x8 ./platform/Device/SiliconLabs/EFR32BG13P/Source/system_efr32bg13p.o
                0x000098e4                SystemULFRCOClockGet
 .text.SystemLFXOClockGet
                0x000098ec        0xc ./platform/Device/SiliconLabs/EFR32BG13P/Source/system_efr32bg13p.o
                0x000098ec                SystemLFXOClockGet
 .text.SystemLFXOClockSet
                0x000098f8       0x24 ./platform/Device/SiliconLabs/EFR32BG13P/Source/system_efr32bg13p.o
                0x000098f8                SystemLFXOClockSet
 .text.setHfLeConfig
                0x0000991c       0x44 ./platform/emlib/src/em_cmu.o
 .text.flashWaitStateControl
                0x00009960       0x50 ./platform/emlib/src/em_cmu.o
 .text.flashWaitStateMax
                0x000099b0       0x24 ./platform/emlib/src/em_cmu.o
 .text.CMU_UpdateWaitStates
                0x000099d4       0x20 ./platform/emlib/src/em_cmu.o
                0x000099d4                CMU_UpdateWaitStates
 .text.CMU_ClockEnable
                0x000099f4       0x90 ./platform/emlib/src/em_cmu.o
                0x000099f4                CMU_ClockEnable
 .text.CMU_ClockSelectGet
                0x00009a84       0xf4 ./platform/emlib/src/em_cmu.o
                0x00009a84                CMU_ClockSelectGet
 .text.lfClkGet
                0x00009b78       0x8c ./platform/emlib/src/em_cmu.o
 .text.CMU_ClockFreqGet
                0x00009c04      0x1d0 ./platform/emlib/src/em_cmu.o
                0x00009c04                CMU_ClockFreqGet
 .text.CMU_HFXOAutostartEnable
                0x00009dd4       0x68 ./platform/emlib/src/em_cmu.o
                0x00009dd4                CMU_HFXOAutostartEnable
 .text.CMU_OscillatorTuningSet
                0x00009e3c       0xa4 ./platform/emlib/src/em_cmu.o
                0x00009e3c                CMU_OscillatorTuningSet
 .text.CMU_OscillatorTuningWait
                0x00009ee0       0x50 ./platform/emlib/src/em_cmu.o
                0x00009ee0                CMU_OscillatorTuningWait
 .text.CMU_OscillatorTuningOptimize
                0x00009f30       0x2c ./platform/emlib/src/em_cmu.o
                0x00009f30                CMU_OscillatorTuningOptimize
 .text.CMU_OscillatorEnable
                0x00009f5c      0x124 ./platform/emlib/src/em_cmu.o
                0x00009f5c                CMU_OscillatorEnable
 .text.CMU_ClockSelectSet
                0x0000a080      0x1d0 ./platform/emlib/src/em_cmu.o
                0x0000a080                CMU_ClockSelectSet
 .text.CMU_HFXOInit
                0x0000a250       0x7c ./platform/emlib/src/em_cmu.o
                0x0000a250                CMU_HFXOInit
 .text.CMU_LFXOInit
                0x0000a2cc       0x40 ./platform/emlib/src/em_cmu.o
                0x0000a2cc                CMU_LFXOInit
 .text.CORE_EnterCritical
                0x0000a30c        0x8 ./platform/emlib/src/em_core.o
                0x0000a30c                CORE_EnterCritical
 .text.CORE_ExitCritical
                0x0000a314        0x8 ./platform/emlib/src/em_core.o
                0x0000a314                CORE_ExitCritical
 .text.CORE_AtomicDisableIrq
                0x0000a31c        0x4 ./platform/emlib/src/em_core.o
                0x0000a31c                CORE_AtomicDisableIrq
 .text.CORE_AtomicEnableIrq
                0x0000a320        0x4 ./platform/emlib/src/em_core.o
                0x0000a320                CORE_AtomicEnableIrq
 .text.CORE_EnterAtomic
                0x0000a324        0x8 ./platform/emlib/src/em_core.o
                0x0000a324                CORE_EnterAtomic
 .text.CORE_ExitAtomic
                0x0000a32c        0x8 ./platform/emlib/src/em_core.o
                0x0000a32c                CORE_ExitAtomic
 .text.vScaleDownEM23Setup
                0x0000a334       0x34 ./platform/emlib/src/em_emu.o
 .text.vScaleAfterWakeup
                0x0000a368       0x30 ./platform/emlib/src/em_emu.o
 .text.lpGetDevinfoVrefLowHigh
                0x0000a398       0xc0 ./platform/emlib/src/em_emu.o
 .text.emState  0x0000a458       0xf4 ./platform/emlib/src/em_emu.o
 .text.EMU_EnterEM2
                0x0000a54c       0x34 ./platform/emlib/src/em_emu.o
                0x0000a54c                EMU_EnterEM2
 .text.EMU_EnterEM3
                0x0000a580       0x58 ./platform/emlib/src/em_emu.o
                0x0000a580                EMU_EnterEM3
 .text.EMU_VScaleEM01
                0x0000a5d8       0x6c ./platform/emlib/src/em_emu.o
                0x0000a5d8                EMU_VScaleEM01
 .text.EMU_VScaleEM01ByClock
                0x0000a644       0x48 ./platform/emlib/src/em_emu.o
                0x0000a644                EMU_VScaleEM01ByClock
 .text.EMU_EM01Init
                0x0000a68c       0x18 ./platform/emlib/src/em_emu.o
                0x0000a68c                EMU_EM01Init
 .text.EMU_EM23Init
                0x0000a6a4       0x18 ./platform/emlib/src/em_emu.o
                0x0000a6a4                EMU_EM23Init
 .text.EMU_DCDCModeSet
                0x0000a6bc       0x9c ./platform/emlib/src/em_emu.o
                0x0000a6bc                EMU_DCDCModeSet
 .text.EMU_DCDCOutputVoltageSet
                0x0000a758      0x1e4 ./platform/emlib/src/em_emu.o
                0x0000a758                EMU_DCDCOutputVoltageSet
 .text.EMU_DCDCOptimizeSlice
                0x0000a93c      0x10c ./platform/emlib/src/em_emu.o
                0x0000a93c                EMU_DCDCOptimizeSlice
 .text.EMU_DCDCLnRcoBandSet
                0x0000aa48       0x28 ./platform/emlib/src/em_emu.o
                0x0000aa48                EMU_DCDCLnRcoBandSet
 .text.EMU_DCDCInit
                0x0000aa70       0xec ./platform/emlib/src/em_emu.o
                0x0000aa70                EMU_DCDCInit
 .text.GPIO_DriveStrengthSet
                0x0000ab5c       0x20 ./platform/emlib/src/em_gpio.o
                0x0000ab5c                GPIO_DriveStrengthSet
 .text.GPIO_PinModeSet
                0x0000ab7c       0xb0 ./platform/emlib/src/em_gpio.o
                0x0000ab7c                GPIO_PinModeSet
 .text.LETIMER_CompareSet
                0x0000ac2c       0x14 ./platform/emlib/src/em_letimer.o
                0x0000ac2c                LETIMER_CompareSet
 .text.LETIMER_Init
                0x0000ac40       0x68 ./platform/emlib/src/em_letimer.o
                0x0000ac40                LETIMER_Init
 .text.RTCC_Init
                0x0000aca8       0x64 ./platform/emlib/src/em_rtcc.o
                0x0000aca8                RTCC_Init
 .text.USART_BaudrateSyncSet
                0x0000ad0c       0x24 ./platform/emlib/src/em_usart.o
                0x0000ad0c                USART_BaudrateSyncSet
 .text.USART_Reset
                0x0000ad30       0x5c ./platform/emlib/src/em_usart.o
                0x0000ad30                USART_Reset
 .text.USART_InitSync
                0x0000ad8c       0x84 ./platform/emlib/src/em_usart.o
                0x0000ad8c                USART_InitSync
 .text.USART_SpiTransfer
                0x0000ae10       0x18 ./platform/emlib/src/em_usart.o
                0x0000ae10                USART_SpiTransfer
 .text.cmu_init
                0x0000ae28       0x10 ./src/cmu.o
                0x0000ae28                cmu_init
 .text.gpio_init
                0x0000ae38       0x30 ./src/gpio.o
                0x0000ae38                gpio_init
 .text.eventDefault
                0x0000ae68        0x2 C:\Users\poorn\SimplicityStudio\v4_workspace\Energy_Modes_Poorn_Mehta\platform\radio\rail_lib\autogen\librail_release\librail_efr32xg13_gcc_release.a(rail_rf_hal.o)
 *fill*         0x0000ae6a        0x6 
 .text.GENERIC_PHY_EventCallback
                0x0000ae70      0x194 C:\Users\poorn\SimplicityStudio\v4_workspace\Energy_Modes_Poorn_Mehta\platform\radio\rail_lib\autogen\librail_release\librail_efr32xg13_gcc_release.a(rail_rf_hal.o)
                0x0000ae70                GENERIC_PHY_EventCallback
 .text.RFHAL_Idle
                0x0000b004       0x2a C:\Users\poorn\SimplicityStudio\v4_workspace\Energy_Modes_Poorn_Mehta\platform\radio\rail_lib\autogen\librail_release\librail_efr32xg13_gcc_release.a(rail_rf_hal.o)
                0x0000b004                RFHAL_Idle
 *fill*         0x0000b02e        0x2 
 .text.RFHAL_GetRadioState
                0x0000b030       0x48 C:\Users\poorn\SimplicityStudio\v4_workspace\Energy_Modes_Poorn_Mehta\platform\radio\rail_lib\autogen\librail_release\librail_efr32xg13_gcc_release.a(rail_rf_hal.o)
                0x0000b030                RFHAL_GetRadioState
 .text.RAILCore_Idle
                0x0000b078       0x14 C:\Users\poorn\SimplicityStudio\v4_workspace\Energy_Modes_Poorn_Mehta\platform\radio\rail_lib\autogen\librail_release\librail_efr32xg13_gcc_release.a(rail_rf.o)
                0x0000b078                RAILCore_Idle
 .text.RAILInt_PendCal
                0x0000b08c       0x24 C:\Users\poorn\SimplicityStudio\v4_workspace\Energy_Modes_Poorn_Mehta\platform\radio\rail_lib\autogen\librail_release\librail_efr32xg13_gcc_release.a(rail_calibration.o)
                0x0000b08c                RAILInt_PendCal
 .text.RAILCb_AssertFailed
                0x0000b0b0       0x14 C:\Users\poorn\SimplicityStudio\v4_workspace\Energy_Modes_Poorn_Mehta\platform\radio\rail_lib\autogen\librail_release\librail_efr32xg13_gcc_release.a(rail_assert.o)
                0x0000b0b0                RAILCb_AssertFailed
 .text.RAILInt_Assert
                0x0000b0c4       0x1c C:\Users\poorn\SimplicityStudio\v4_workspace\Energy_Modes_Poorn_Mehta\platform\radio\rail_lib\autogen\librail_release\librail_efr32xg13_gcc_release.a(rail_assert.o)
                0x0000b0c4                RAILInt_Assert
 .text.checkAndAddRxLenOverflowEntry.part.0
                0x0000b0e0       0x2c C:\Users\poorn\SimplicityStudio\v4_workspace\Energy_Modes_Poorn_Mehta\platform\radio\rail_lib\autogen\librail_release\librail_efr32xg13_gcc_release.a(bufc.o)
 .text.BUFC_WriteBuffer
                0x0000b10c       0xb0 C:\Users\poorn\SimplicityStudio\v4_workspace\Energy_Modes_Poorn_Mehta\platform\radio\rail_lib\autogen\librail_release\librail_efr32xg13_gcc_release.a(bufc.o)
                0x0000b10c                BUFC_WriteBuffer
 .text.BUFC_GetBytesAvailable
                0x0000b1bc       0x14 C:\Users\poorn\SimplicityStudio\v4_workspace\Energy_Modes_Poorn_Mehta\platform\radio\rail_lib\autogen\librail_release\librail_efr32xg13_gcc_release.a(bufc.o)
                0x0000b1bc                BUFC_GetBytesAvailable
 .text.BUFC_TxAckBufferSet
                0x0000b1d0       0x2c C:\Users\poorn\SimplicityStudio\v4_workspace\Energy_Modes_Poorn_Mehta\platform\radio\rail_lib\autogen\librail_release\librail_efr32xg13_gcc_release.a(bufc.o)
                0x0000b1d0                BUFC_TxAckBufferSet
 .text.BUFC_RxBufferReset
                0x0000b1fc       0x5c C:\Users\poorn\SimplicityStudio\v4_workspace\Energy_Modes_Poorn_Mehta\platform\radio\rail_lib\autogen\librail_release\librail_efr32xg13_gcc_release.a(bufc.o)
                0x0000b1fc                BUFC_RxBufferReset
 .text.BUFC_ReleaseRxPacket
                0x0000b258      0x118 C:\Users\poorn\SimplicityStudio\v4_workspace\Energy_Modes_Poorn_Mehta\platform\radio\rail_lib\autogen\librail_release\librail_efr32xg13_gcc_release.a(bufc.o)
                0x0000b258                BUFC_ReleaseRxPacket
 .text.BUFC_StartRxLenThrEvent
                0x0000b370       0x50 C:\Users\poorn\SimplicityStudio\v4_workspace\Energy_Modes_Poorn_Mehta\platform\radio\rail_lib\autogen\librail_release\librail_efr32xg13_gcc_release.a(bufc.o)
                0x0000b370                BUFC_StartRxLenThrEvent
 .text.BUFC_EndRxLenThrEvent
                0x0000b3c0       0x1c C:\Users\poorn\SimplicityStudio\v4_workspace\Energy_Modes_Poorn_Mehta\platform\radio\rail_lib\autogen\librail_release\librail_efr32xg13_gcc_release.a(bufc.o)
                0x0000b3c0                BUFC_EndRxLenThrEvent
 .text.BUFC_HandleRxLenOvfEvent
                0x0000b3dc       0x30 C:\Users\poorn\SimplicityStudio\v4_workspace\Energy_Modes_Poorn_Mehta\platform\radio\rail_lib\autogen\librail_release\librail_efr32xg13_gcc_release.a(bufc.o)
                0x0000b3dc                BUFC_HandleRxLenOvfEvent
 .text.PA_RunPeakDetectorHigh
                0x0000b40c       0x40 C:\Users\poorn\SimplicityStudio\v4_workspace\Energy_Modes_Poorn_Mehta\platform\radio\rail_lib\autogen\librail_release\librail_efr32xg13_gcc_release.a(pa.o)
                0x0000b40c                PA_RunPeakDetectorHigh
 .text.PA_RunPeakDetectorLow
                0x0000b44c        0x2 C:\Users\poorn\SimplicityStudio\v4_workspace\Energy_Modes_Poorn_Mehta\platform\radio\rail_lib\autogen\librail_release\librail_efr32xg13_gcc_release.a(pa.o)
                0x0000b44c                PA_RunPeakDetectorLow
 *fill*         0x0000b44e        0x2 
 .text.PA_RunBatHigh
                0x0000b450       0x2c C:\Users\poorn\SimplicityStudio\v4_workspace\Energy_Modes_Poorn_Mehta\platform\radio\rail_lib\autogen\librail_release\librail_efr32xg13_gcc_release.a(pa.o)
                0x0000b450                PA_RunBatHigh
 .text.PROTIMER_CCTimerStop
                0x0000b47c       0x20 C:\Users\poorn\SimplicityStudio\v4_workspace\Energy_Modes_Poorn_Mehta\platform\radio\rail_lib\autogen\librail_release\librail_efr32xg13_gcc_release.a(protimer.o)
                0x0000b47c                PROTIMER_CCTimerStop
 .text.PROTIMER_CCTimerIsEnabled
                0x0000b49c       0x14 C:\Users\poorn\SimplicityStudio\v4_workspace\Energy_Modes_Poorn_Mehta\platform\radio\rail_lib\autogen\librail_release\librail_efr32xg13_gcc_release.a(protimer.o)
                0x0000b49c                PROTIMER_CCTimerIsEnabled
 .text.PROTIMER_ClearRxEnable
                0x0000b4b0       0x10 C:\Users\poorn\SimplicityStudio\v4_workspace\Energy_Modes_Poorn_Mehta\platform\radio\rail_lib\autogen\librail_release\librail_efr32xg13_gcc_release.a(protimer.o)
                0x0000b4b0                PROTIMER_ClearRxEnable
 .text.PROTIMER_GetTime
                0x0000b4c0       0x38 C:\Users\poorn\SimplicityStudio\v4_workspace\Energy_Modes_Poorn_Mehta\platform\radio\rail_lib\autogen\librail_release\librail_efr32xg13_gcc_release.a(protimer.o)
                0x0000b4c0                PROTIMER_GetTime
 .text.PROTIMER_LBTStop
                0x0000b4f8       0x18 C:\Users\poorn\SimplicityStudio\v4_workspace\Energy_Modes_Poorn_Mehta\platform\radio\rail_lib\autogen\librail_release\librail_efr32xg13_gcc_release.a(protimer.o)
                0x0000b4f8                PROTIMER_LBTStop
 .text.PROTIMER_PrecntOverflowToUs
                0x0000b510       0x34 C:\Users\poorn\SimplicityStudio\v4_workspace\Energy_Modes_Poorn_Mehta\platform\radio\rail_lib\autogen\librail_release\librail_efr32xg13_gcc_release.a(protimer.o)
                0x0000b510                PROTIMER_PrecntOverflowToUs
 .text.PROTIMER_GetUsTime
                0x0000b544       0x18 C:\Users\poorn\SimplicityStudio\v4_workspace\Energy_Modes_Poorn_Mehta\platform\radio\rail_lib\autogen\librail_release\librail_efr32xg13_gcc_release.a(protimer.o)
                0x0000b544                PROTIMER_GetUsTime
 .text.PROTIMER_DelayUs
                0x0000b55c       0x16 C:\Users\poorn\SimplicityStudio\v4_workspace\Energy_Modes_Poorn_Mehta\platform\radio\rail_lib\autogen\librail_release\librail_efr32xg13_gcc_release.a(protimer.o)
                0x0000b55c                PROTIMER_DelayUs
 *fill*         0x0000b572        0x2 
 .text.PTI_AuxdataOutput
                0x0000b574       0x1c C:\Users\poorn\SimplicityStudio\v4_workspace\Energy_Modes_Poorn_Mehta\platform\radio\rail_lib\autogen\librail_release\librail_efr32xg13_gcc_release.a(pti.o)
                0x0000b574                PTI_AuxdataOutput
 .text.RADIO_IsRxOnForRssi
                0x0000b590       0x18 C:\Users\poorn\SimplicityStudio\v4_workspace\Energy_Modes_Poorn_Mehta\platform\radio\rail_lib\autogen\librail_release\librail_efr32xg13_gcc_release.a(radio.o)
                0x0000b590                RADIO_IsRxOnForRssi
 .text.RADIO_GetRssi
                0x0000b5a8       0x64 C:\Users\poorn\SimplicityStudio\v4_workspace\Energy_Modes_Poorn_Mehta\platform\radio\rail_lib\autogen\librail_release\librail_efr32xg13_gcc_release.a(radio.o)
                0x0000b5a8                RADIO_GetRssi
 .text.RADIO_RACClearRxOverflow
                0x0000b60c       0x20 C:\Users\poorn\SimplicityStudio\v4_workspace\Energy_Modes_Poorn_Mehta\platform\radio\rail_lib\autogen\librail_release\librail_efr32xg13_gcc_release.a(radio.o)
                0x0000b60c                RADIO_RACClearRxOverflow
 .text.RFSENSE_IRQHandler
                0x0000b62c       0x10 C:\Users\poorn\SimplicityStudio\v4_workspace\Energy_Modes_Poorn_Mehta\platform\radio\rail_lib\autogen\librail_release\librail_efr32xg13_gcc_release.a(rfsense.o)
                0x0000b62c                RFSENSE_IRQHandler
 .text.PRORTC_IRQHandler
                0x0000b63c       0x10 C:\Users\poorn\SimplicityStudio\v4_workspace\Energy_Modes_Poorn_Mehta\platform\radio\rail_lib\autogen\librail_release\librail_efr32xg13_gcc_release.a(rtccsync.o)
                0x0000b63c                PRORTC_IRQHandler
 .text.SYNTH_Is2p4GHz
                0x0000b64c       0x14 C:\Users\poorn\SimplicityStudio\v4_workspace\Energy_Modes_Poorn_Mehta\platform\radio\rail_lib\autogen\librail_release\librail_efr32xg13_gcc_release.a(synth.o)
                0x0000b64c                SYNTH_Is2p4GHz
 .text.GENERIC_PHY_EnableDisableInt
                0x0000b660       0x22 C:\Users\poorn\SimplicityStudio\v4_workspace\Energy_Modes_Poorn_Mehta\platform\radio\rail_lib\autogen\librail_release\librail_efr32xg13_gcc_release.a(generic_phy.o)
 *fill*         0x0000b682        0x2 
 .text.GENERIC_PHY_DisableRadioIrqs
                0x0000b684       0x50 C:\Users\poorn\SimplicityStudio\v4_workspace\Energy_Modes_Poorn_Mehta\platform\radio\rail_lib\autogen\librail_release\librail_efr32xg13_gcc_release.a(generic_phy.o)
 .text.GENERIC_PHY_ConfigureRollbackReporting
                0x0000b6d4       0x68 C:\Users\poorn\SimplicityStudio\v4_workspace\Energy_Modes_Poorn_Mehta\platform\radio\rail_lib\autogen\librail_release\librail_efr32xg13_gcc_release.a(generic_phy.o)
 .text.GENERIC_PHY_ClearPendedRxWindowEnd
                0x0000b73c       0x1c C:\Users\poorn\SimplicityStudio\v4_workspace\Energy_Modes_Poorn_Mehta\platform\radio\rail_lib\autogen\librail_release\librail_efr32xg13_gcc_release.a(generic_phy.o)
 .text.RADIO_RACRxAbort
                0x0000b758       0x3c C:\Users\poorn\SimplicityStudio\v4_workspace\Energy_Modes_Poorn_Mehta\platform\radio\rail_lib\autogen\librail_release\librail_efr32xg13_gcc_release.a(generic_phy.o)
 .text.GENERIC_PHY_CheckPendedRxWindowEnd
                0x0000b794       0x44 C:\Users\poorn\SimplicityStudio\v4_workspace\Energy_Modes_Poorn_Mehta\platform\radio\rail_lib\autogen\librail_release\librail_efr32xg13_gcc_release.a(generic_phy.o)
 .text.GENERIC_PHY_ConfigureEvents
                0x0000b7d8      0x2c8 C:\Users\poorn\SimplicityStudio\v4_workspace\Energy_Modes_Poorn_Mehta\platform\radio\rail_lib\autogen\librail_release\librail_efr32xg13_gcc_release.a(generic_phy.o)
                0x0000b7d8                GENERIC_PHY_ConfigureEvents
 .text.GENERIC_PHY_SeqAtomicLock
                0x0000baa0       0x30 C:\Users\poorn\SimplicityStudio\v4_workspace\Energy_Modes_Poorn_Mehta\platform\radio\rail_lib\autogen\librail_release\librail_efr32xg13_gcc_release.a(generic_phy.o)
                0x0000baa0                GENERIC_PHY_SeqAtomicLock
 .text.GENERIC_PHY_ResetRxFifo
                0x0000bad0       0x30 C:\Users\poorn\SimplicityStudio\v4_workspace\Energy_Modes_Poorn_Mehta\platform\radio\rail_lib\autogen\librail_release\librail_efr32xg13_gcc_release.a(generic_phy.o)
                0x0000bad0                GENERIC_PHY_ResetRxFifo
 .text.GENERIC_PHY_RadioIdle
                0x0000bb00      0x154 C:\Users\poorn\SimplicityStudio\v4_workspace\Energy_Modes_Poorn_Mehta\platform\radio\rail_lib\autogen\librail_release\librail_efr32xg13_gcc_release.a(generic_phy.o)
                0x0000bb00                GENERIC_PHY_RadioIdle
 .text.FRC_IRQHandler
                0x0000bc54      0x528 C:\Users\poorn\SimplicityStudio\v4_workspace\Energy_Modes_Poorn_Mehta\platform\radio\rail_lib\autogen\librail_release\librail_efr32xg13_gcc_release.a(generic_phy.o)
                0x0000bc54                FRC_IRQHandler
 .text.FRC_PRI_IRQHandler
                0x0000c17c        0x4 C:\Users\poorn\SimplicityStudio\v4_workspace\Energy_Modes_Poorn_Mehta\platform\radio\rail_lib\autogen\librail_release\librail_efr32xg13_gcc_release.a(generic_phy.o)
                0x0000c17c                FRC_PRI_IRQHandler
 .text.BUFC_IRQHandler
                0x0000c180        0x4 C:\Users\poorn\SimplicityStudio\v4_workspace\Energy_Modes_Poorn_Mehta\platform\radio\rail_lib\autogen\librail_release\librail_efr32xg13_gcc_release.a(generic_phy.o)
                0x0000c180                BUFC_IRQHandler
 .text.PROTIMER_IRQHandler
                0x0000c184        0x4 C:\Users\poorn\SimplicityStudio\v4_workspace\Energy_Modes_Poorn_Mehta\platform\radio\rail_lib\autogen\librail_release\librail_efr32xg13_gcc_release.a(generic_phy.o)
                0x0000c184                PROTIMER_IRQHandler
 .text.RAC_SEQ_IRQHandler
                0x0000c188        0x4 C:\Users\poorn\SimplicityStudio\v4_workspace\Energy_Modes_Poorn_Mehta\platform\radio\rail_lib\autogen\librail_release\librail_efr32xg13_gcc_release.a(generic_phy.o)
                0x0000c188                RAC_SEQ_IRQHandler
 .text.RAILCb_RadioStateChanged
                0x0000c18c       0x14 C:\Users\poorn\SimplicityStudio\v4_workspace\Energy_Modes_Poorn_Mehta\platform\radio\rail_lib\autogen\librail_release\librail_efr32xg13_gcc_release.a(generic_phy.o)
                0x0000c18c                RAILCb_RadioStateChanged
 .text.RAC_RSM_IRQHandler
                0x0000c1a0       0x48 C:\Users\poorn\SimplicityStudio\v4_workspace\Energy_Modes_Poorn_Mehta\platform\radio\rail_lib\autogen\librail_release\librail_efr32xg13_gcc_release.a(generic_phy.o)
                0x0000c1a0                RAC_RSM_IRQHandler
 .text.MODEM_IRQHandler
                0x0000c1e8        0x4 C:\Users\poorn\SimplicityStudio\v4_workspace\Energy_Modes_Poorn_Mehta\platform\radio\rail_lib\autogen\librail_release\librail_efr32xg13_gcc_release.a(generic_phy.o)
                0x0000c1e8                MODEM_IRQHandler
 .text.AGC_IRQHandler
                0x0000c1ec       0x40 C:\Users\poorn\SimplicityStudio\v4_workspace\Energy_Modes_Poorn_Mehta\platform\radio\rail_lib\autogen\librail_release\librail_efr32xg13_gcc_release.a(generic_phy.o)
                0x0000c1ec                AGC_IRQHandler
 .text.SYNTH_IRQHandler
                0x0000c22c       0x10 C:\Users\poorn\SimplicityStudio\v4_workspace\Energy_Modes_Poorn_Mehta\platform\radio\rail_lib\autogen\librail_release\librail_efr32xg13_gcc_release.a(generic_phy.o)
                0x0000c22c                SYNTH_IRQHandler
 .text.exit     0x0000c23c       0x28 c:/siliconlabs/simplicitystudio/v4/developer/toolchains/gnu_arm/4.9_2015q3/bin/../lib/gcc/arm-none-eabi/4.9.3/../../../../arm-none-eabi/lib/armv7e-m/softfp\libc_nano.a(lib_a-exit.o)
                0x0000c23c                exit
 .text.__libc_init_array
                0x0000c264       0x4c c:/siliconlabs/simplicitystudio/v4/developer/toolchains/gnu_arm/4.9_2015q3/bin/../lib/gcc/arm-none-eabi/4.9.3/../../../../arm-none-eabi/lib/armv7e-m/softfp\libc_nano.a(lib_a-init.o)
                0x0000c264                __libc_init_array
 .text.memcpy   0x0000c2b0       0x16 c:/siliconlabs/simplicitystudio/v4/developer/toolchains/gnu_arm/4.9_2015q3/bin/../lib/gcc/arm-none-eabi/4.9.3/../../../../arm-none-eabi/lib/armv7e-m/softfp\libc_nano.a(lib_a-memcpy.o)
                0x0000c2b0                memcpy
 .text.memset   0x0000c2c6       0x10 c:/siliconlabs/simplicitystudio/v4/developer/toolchains/gnu_arm/4.9_2015q3/bin/../lib/gcc/arm-none-eabi/4.9.3/../../../../arm-none-eabi/lib/armv7e-m/softfp\libc_nano.a(lib_a-memset.o)
                0x0000c2c6                memset
 *fill*         0x0000c2d6        0x2 
 .text._exit    0x0000c2d8        0x4 c:/siliconlabs/simplicitystudio/v4/developer/toolchains/gnu_arm/4.9_2015q3/bin/../lib/gcc/arm-none-eabi/4.9.3/../../../../arm-none-eabi/lib/armv7e-m/softfp\libnosys.a(_exit.o)
                0x0000c2d8                _exit
 *(.init)
 .init          0x0000c2dc        0x4 c:/siliconlabs/simplicitystudio/v4/developer/toolchains/gnu_arm/4.9_2015q3/bin/../lib/gcc/arm-none-eabi/4.9.3/armv7e-m/softfp/crti.o
                0x0000c2dc                _init
 .init          0x0000c2e0        0x8 c:/siliconlabs/simplicitystudio/v4/developer/toolchains/gnu_arm/4.9_2015q3/bin/../lib/gcc/arm-none-eabi/4.9.3/armv7e-m/softfp/crtn.o
 *(.fini)
 .fini          0x0000c2e8        0x4 c:/siliconlabs/simplicitystudio/v4/developer/toolchains/gnu_arm/4.9_2015q3/bin/../lib/gcc/arm-none-eabi/4.9.3/armv7e-m/softfp/crti.o
                0x0000c2e8                _fini
 .fini          0x0000c2ec        0x8 c:/siliconlabs/simplicitystudio/v4/developer/toolchains/gnu_arm/4.9_2015q3/bin/../lib/gcc/arm-none-eabi/4.9.3/armv7e-m/softfp/crtn.o
 *crtbegin.o(.ctors)
 *crtbegin?.o(.ctors)
 *(EXCLUDE_FILE(*crtend.o *crtend?.o) .ctors)
 *(SORT(.ctors.*))
 *(.ctors)
 *crtbegin.o(.dtors)
 *crtbegin?.o(.dtors)
 *(EXCLUDE_FILE(*crtend.o *crtend?.o) .dtors)
 *(SORT(.dtors.*))
 *(.dtors)
 *(.rodata*)
 .rodata        0x0000c2f4       0x31 ./init_mcu.o
 *fill*         0x0000c325        0x3 
 .rodata        0x0000c328        0x9 ./main.o
 *fill*         0x0000c331        0x3 
 .rodata        0x0000c334       0x18 ./hardware/kit/common/drivers/mx25flash_spi.o
 .rodata.flashWsTable
                0x0000c34c       0x28 ./platform/emlib/src/em_cmu.o
 .rodata.str1.1
                0x0000c374        0x2 c:/siliconlabs/simplicitystudio/v4/developer/toolchains/gnu_arm/4.9_2015q3/bin/../lib/gcc/arm-none-eabi/4.9.3/../../../../arm-none-eabi/lib/armv7e-m/softfp\libc_nano.a(lib_a-impure.o)
 *fill*         0x0000c376        0x2 
 .rodata._global_impure_ptr
                0x0000c378        0x4 c:/siliconlabs/simplicitystudio/v4/developer/toolchains/gnu_arm/4.9_2015q3/bin/../lib/gcc/arm-none-eabi/4.9.3/../../../../arm-none-eabi/lib/armv7e-m/softfp\libc_nano.a(lib_a-impure.o)
                0x0000c378                _global_impure_ptr
 *(.eh_frame*)
 .eh_frame      0x0000c37c        0x0 c:/siliconlabs/simplicitystudio/v4/developer/toolchains/gnu_arm/4.9_2015q3/bin/../lib/gcc/arm-none-eabi/4.9.3/armv7e-m/softfp/crtbegin.o
 .eh_frame      0x0000c37c        0x4 c:/siliconlabs/simplicitystudio/v4/developer/toolchains/gnu_arm/4.9_2015q3/bin/../lib/gcc/arm-none-eabi/4.9.3/armv7e-m/softfp/crtend.o
                0x0000c380                . = ALIGN (0x4)

.glue_7         0x0000c380        0x0
 .glue_7        0x00000000        0x0 linker stubs

.glue_7t        0x0000c380        0x0
 .glue_7t       0x00000000        0x0 linker stubs

.vfp11_veneer   0x0000c380        0x0
 .vfp11_veneer  0x00000000        0x0 linker stubs

.v4_bx          0x0000c380        0x0
 .v4_bx         0x00000000        0x0 linker stubs

.iplt           0x0000c380        0x0
 .iplt          0x00000000        0x0 c:/siliconlabs/simplicitystudio/v4/developer/toolchains/gnu_arm/4.9_2015q3/bin/../lib/gcc/arm-none-eabi/4.9.3/armv7e-m/softfp/crtbegin.o

.igot.plt       0x0000c380        0x0
 .igot.plt      0x00000000        0x0 c:/siliconlabs/simplicitystudio/v4/developer/toolchains/gnu_arm/4.9_2015q3/bin/../lib/gcc/arm-none-eabi/4.9.3/armv7e-m/softfp/crtbegin.o

.text_application_ARM.extab
 *(.ARM.extab* .gnu.linkonce.armextab.*)
                0x0000c380                __exidx_start = .

.text_application_ARM.exidx
                0x0000c380        0x8
 *(.ARM.exidx* .gnu.linkonce.armexidx.*)
 .ARM.exidx     0x0000c380        0x8 c:/siliconlabs/simplicitystudio/v4/developer/toolchains/gnu_arm/4.9_2015q3/bin/../lib/gcc/arm-none-eabi/4.9.3/../../../../arm-none-eabi/lib/armv7e-m/softfp/crt0.o
                0x0000c388                __exidx_end = .
                0x0000c388                __etext = .

.rel.dyn        0x0000c388        0x0
 .rel.iplt      0x00000000        0x0 c:/siliconlabs/simplicitystudio/v4/developer/toolchains/gnu_arm/4.9_2015q3/bin/../lib/gcc/arm-none-eabi/4.9.3/armv7e-m/softfp/crtbegin.o

.stack_dummy    0x20000000      0x800
 *(.stack*)
 .stack         0x20000000      0x800 ./platform/Device/SiliconLabs/EFR32BG13P/Source/GCC/startup_efr32bg13p.o
                0x20000800                __StackTop = (ORIGIN (RAM) + SIZEOF (.stack_dummy))
                0x20000000                __StackLimit = ORIGIN (RAM)
                0x20000800                PROVIDE (__stack, __StackTop)

.text_application_data
                0x20000800       0xa8 load address 0x0000c388
                0x20000800                __data_start__ = .
 *(vtable)
 *(.data*)
 .data.bg_gattdb_data_attribute_field_6_data
                0x20000800       0x13 ./gatt_db.o
                0x20000800                bg_gattdb_data_attribute_field_6_data
 *fill*         0x20000813        0x1 
 .data.SystemLFXOClock
                0x20000814        0x4 ./platform/Device/SiliconLabs/EFR32BG13P/Source/system_efr32bg13p.o
 .data.SystemHFXOClock
                0x20000818        0x4 ./platform/Device/SiliconLabs/EFR32BG13P/Source/system_efr32bg13p.o
 .data.SystemCoreClock
                0x2000081c        0x4 ./platform/Device/SiliconLabs/EFR32BG13P/Source/system_efr32bg13p.o
                0x2000081c                SystemCoreClock
 .data.SystemHfrcoFreq
                0x20000820        0x4 ./platform/Device/SiliconLabs/EFR32BG13P/Source/system_efr32bg13p.o
                0x20000820                SystemHfrcoFreq
 .data.auxHfrcoFreq
                0x20000824        0x4 ./platform/emlib/src/em_cmu.o
 .data.eventCb  0x20000828        0x4 C:\Users\poorn\SimplicityStudio\v4_workspace\Energy_Modes_Poorn_Mehta\platform\radio\rail_lib\autogen\librail_release\librail_efr32xg13_gcc_release.a(rail_rf_hal.o)
 .data.lastTxAckPacketTimeTicks
                0x2000082c        0x4 C:\Users\poorn\SimplicityStudio\v4_workspace\Energy_Modes_Poorn_Mehta\platform\radio\rail_lib\autogen\librail_release\librail_efr32xg13_gcc_release.a(rail_rf_hal.o)
 .data.lastTxPacketTimeTicks
                0x20000830        0x4 C:\Users\poorn\SimplicityStudio\v4_workspace\Energy_Modes_Poorn_Mehta\platform\radio\rail_lib\autogen\librail_release\librail_efr32xg13_gcc_release.a(rail_rf_hal.o)
 .data.errorCodeEncountered
                0x20000834        0x4 C:\Users\poorn\SimplicityStudio\v4_workspace\Energy_Modes_Poorn_Mehta\platform\radio\rail_lib\autogen\librail_release\librail_efr32xg13_gcc_release.a(rail_assert.o)
 .data.errorRailHandle
                0x20000838        0x4 C:\Users\poorn\SimplicityStudio\v4_workspace\Energy_Modes_Poorn_Mehta\platform\radio\rail_lib\autogen\librail_release\librail_efr32xg13_gcc_release.a(rail_assert.o)
 .data.impure_data
                0x2000083c       0x60 c:/siliconlabs/simplicitystudio/v4/developer/toolchains/gnu_arm/4.9_2015q3/bin/../lib/gcc/arm-none-eabi/4.9.3/../../../../arm-none-eabi/lib/armv7e-m/softfp\libc_nano.a(lib_a-impure.o)
                0x2000089c                . = ALIGN (0x4)
 *(.ram)
                0x2000089c                . = ALIGN (0x4)
                0x2000089c                PROVIDE (__preinit_array_start, .)
 *(.preinit_array)
                0x2000089c                PROVIDE (__preinit_array_end, .)
                0x2000089c                . = ALIGN (0x4)
                0x2000089c                PROVIDE (__init_array_start, .)
 *(SORT(.init_array.*))
 *(.init_array)
 .init_array    0x2000089c        0x4 c:/siliconlabs/simplicitystudio/v4/developer/toolchains/gnu_arm/4.9_2015q3/bin/../lib/gcc/arm-none-eabi/4.9.3/armv7e-m/softfp/crtbegin.o
                0x200008a0                PROVIDE (__init_array_end, .)
                0x200008a0                . = ALIGN (0x4)
                0x200008a0                PROVIDE (__fini_array_start, .)
 *(SORT(.fini_array.*))
 *(.fini_array)
 .fini_array    0x200008a0        0x4 c:/siliconlabs/simplicitystudio/v4/developer/toolchains/gnu_arm/4.9_2015q3/bin/../lib/gcc/arm-none-eabi/4.9.3/armv7e-m/softfp/crtbegin.o
                0x200008a4                PROVIDE (__fini_array_end, .)
 *(.jcr*)
 .jcr           0x200008a4        0x0 c:/siliconlabs/simplicitystudio/v4/developer/toolchains/gnu_arm/4.9_2015q3/bin/../lib/gcc/arm-none-eabi/4.9.3/armv7e-m/softfp/crtbegin.o
 .jcr           0x200008a4        0x4 c:/siliconlabs/simplicitystudio/v4/developer/toolchains/gnu_arm/4.9_2015q3/bin/../lib/gcc/arm-none-eabi/4.9.3/armv7e-m/softfp/crtend.o
                0x200008a8                . = ALIGN (0x4)
                0x200008a8                __data_end__ = .

.bss            0x200008a8     0x1a98 load address 0x0000c430
                0x200008a8                . = ALIGN (0x4)
                0x200008a8                __bss_start__ = .
 *(.bss*)
 .bss           0x200008a8       0x1c c:/siliconlabs/simplicitystudio/v4/developer/toolchains/gnu_arm/4.9_2015q3/bin/../lib/gcc/arm-none-eabi/4.9.3/armv7e-m/softfp/crtbegin.o
 .bss.bg_gattdb_data_attribute_field_14_data
                0x200008c4        0x5 ./gatt_db.o
                0x200008c4                bg_gattdb_data_attribute_field_14_data
 *fill*         0x200008c9        0x3 
 .bss.bg_gattdb_data_attribute_field_2_data
                0x200008cc        0x4 ./gatt_db.o
                0x200008cc                bg_gattdb_data_attribute_field_2_data
 .bss.Interrupt_Flags
                0x200008d0        0x4 ./main.o
                0x200008d0                Interrupt_Flags
 .bss.dcdcReverseCurrentControl
                0x200008d4        0x2 ./platform/emlib/src/em_emu.o
 .bss.dcdcEm01LoadCurrent_mA
                0x200008d6        0x2 ./platform/emlib/src/em_emu.o
 .bss.vScaleEM01Config
                0x200008d8        0x1 ./platform/emlib/src/em_emu.o
 *fill*         0x200008d9        0x3 
 .bss.cmuStatus.6560
                0x200008dc        0x4 ./platform/emlib/src/em_emu.o
 .bss.hfrcoCtrl.6563
                0x200008e0        0x4 ./platform/emlib/src/em_emu.o
 .bss.vScaleStatus.6562
                0x200008e4        0x1 ./platform/emlib/src/em_emu.o
 .bss.hfClock.6561
                0x200008e5        0x1 ./platform/emlib/src/em_emu.o
 .bss.dcdcMaxCurrent_mA
                0x200008e6        0x2 ./platform/emlib/src/em_emu.o
 .bss.cachedPacketHandle
                0x200008e8        0x4 C:\Users\poorn\SimplicityStudio\v4_workspace\Energy_Modes_Poorn_Mehta\platform\radio\rail_lib\autogen\librail_release\librail_efr32xg13_gcc_release.a(rail_rf_hal.o)
 .bss.saveRssiPeriod
                0x200008ec        0x4 C:\Users\poorn\SimplicityStudio\v4_workspace\Energy_Modes_Poorn_Mehta\platform\radio\rail_lib\autogen\librail_release\librail_efr32xg13_gcc_release.a(rail_rf_hal.o)
 .bss.timerExpired
                0x200008f0        0x1 C:\Users\poorn\SimplicityStudio\v4_workspace\Energy_Modes_Poorn_Mehta\platform\radio\rail_lib\autogen\librail_release\librail_efr32xg13_gcc_release.a(rail_rf_hal.o)
 *fill*         0x200008f1        0x3 
 .bss.timerExpiredCb
                0x200008f4        0x4 C:\Users\poorn\SimplicityStudio\v4_workspace\Energy_Modes_Poorn_Mehta\platform\radio\rail_lib\autogen\librail_release\librail_efr32xg13_gcc_release.a(rail_rf_hal.o)
 .bss.timerExpiredCbArg
                0x200008f8        0x4 C:\Users\poorn\SimplicityStudio\v4_workspace\Energy_Modes_Poorn_Mehta\platform\radio\rail_lib\autogen\librail_release\librail_efr32xg13_gcc_release.a(rail_rf_hal.o)
 .bss.RAIL_ActiveHandle
                0x200008fc        0x4 C:\Users\poorn\SimplicityStudio\v4_workspace\Energy_Modes_Poorn_Mehta\platform\radio\rail_lib\autogen\librail_release\librail_efr32xg13_gcc_release.a(rail_singleprotocol.o)
                0x200008fc                RAIL_ActiveHandle
 .bss.BUFC_RxLenBufferAligned
                0x20000900       0x40 C:\Users\poorn\SimplicityStudio\v4_workspace\Energy_Modes_Poorn_Mehta\platform\radio\rail_lib\autogen\librail_release\librail_efr32xg13_gcc_release.a(bufc.o)
 .bss.BUFC_RxLenBufferReadOffset
                0x20000940        0x2 C:\Users\poorn\SimplicityStudio\v4_workspace\Energy_Modes_Poorn_Mehta\platform\radio\rail_lib\autogen\librail_release\librail_efr32xg13_gcc_release.a(bufc.o)
 .bss.BUFC_RxLenBufferThreshold
                0x20000942        0x2 C:\Users\poorn\SimplicityStudio\v4_workspace\Energy_Modes_Poorn_Mehta\platform\radio\rail_lib\autogen\librail_release\librail_efr32xg13_gcc_release.a(bufc.o)
 .bss.callbackRxLenEntry
                0x20000944        0x4 C:\Users\poorn\SimplicityStudio\v4_workspace\Energy_Modes_Poorn_Mehta\platform\radio\rail_lib\autogen\librail_release\librail_efr32xg13_gcc_release.a(bufc.o)
 .bss.protocolRxOverflowHook
                0x20000948        0x4 C:\Users\poorn\SimplicityStudio\v4_workspace\Energy_Modes_Poorn_Mehta\platform\radio\rail_lib\autogen\librail_release\librail_efr32xg13_gcc_release.a(bufc.o)
 .bss.precntRatioFrac
                0x2000094c        0x4 C:\Users\poorn\SimplicityStudio\v4_workspace\Energy_Modes_Poorn_Mehta\platform\radio\rail_lib\autogen\librail_release\librail_efr32xg13_gcc_release.a(protimer.o)
 .bss.precntRatioInt
                0x20000950        0x4 C:\Users\poorn\SimplicityStudio\v4_workspace\Energy_Modes_Poorn_Mehta\platform\radio\rail_lib\autogen\librail_release\librail_efr32xg13_gcc_release.a(protimer.o)
 .bss.wrapCntOverflows
                0x20000954        0x1 C:\Users\poorn\SimplicityStudio\v4_workspace\Energy_Modes_Poorn_Mehta\platform\radio\rail_lib\autogen\librail_release\librail_efr32xg13_gcc_release.a(protimer.o)
                0x20000954                wrapCntOverflows
 *fill*         0x20000955        0x3 
 .bss.RFSENSE_Handler
                0x20000958        0x4 C:\Users\poorn\SimplicityStudio\v4_workspace\Energy_Modes_Poorn_Mehta\platform\radio\rail_lib\autogen\librail_release\librail_efr32xg13_gcc_release.a(rfsense.o)
 .bss.enabledPhyEvents
                0x2000095c        0x4 C:\Users\poorn\SimplicityStudio\v4_workspace\Energy_Modes_Poorn_Mehta\platform\radio\rail_lib\autogen\librail_release\librail_efr32xg13_gcc_release.a(generic_phy.o)
 .bss.enabledRailEvents
                0x20000960        0x8 C:\Users\poorn\SimplicityStudio\v4_workspace\Energy_Modes_Poorn_Mehta\platform\radio\rail_lib\autogen\librail_release\librail_efr32xg13_gcc_release.a(generic_phy.o)
 .bss.inCallback
                0x20000968        0x1 C:\Users\poorn\SimplicityStudio\v4_workspace\Energy_Modes_Poorn_Mehta\platform\radio\rail_lib\autogen\librail_release\librail_efr32xg13_gcc_release.a(generic_phy.o)
 .bss.overrideRxRollback
                0x20000969        0x1 C:\Users\poorn\SimplicityStudio\v4_workspace\Energy_Modes_Poorn_Mehta\platform\radio\rail_lib\autogen\librail_release\librail_efr32xg13_gcc_release.a(generic_phy.o)
 .bss.pendedRxWindowEnd
                0x2000096a        0x1 C:\Users\poorn\SimplicityStudio\v4_workspace\Energy_Modes_Poorn_Mehta\platform\radio\rail_lib\autogen\librail_release\librail_efr32xg13_gcc_release.a(generic_phy.o)
 .bss.scheduledRx
                0x2000096b        0x1 C:\Users\poorn\SimplicityStudio\v4_workspace\Energy_Modes_Poorn_Mehta\platform\radio\rail_lib\autogen\librail_release\librail_efr32xg13_gcc_release.a(generic_phy.o)
 .bss.scheduledRxHardEnd
                0x2000096c        0x1 C:\Users\poorn\SimplicityStudio\v4_workspace\Energy_Modes_Poorn_Mehta\platform\radio\rail_lib\autogen\librail_release\librail_efr32xg13_gcc_release.a(generic_phy.o)
 .bss.scheduledRxLoop
                0x2000096d        0x1 C:\Users\poorn\SimplicityStudio\v4_workspace\Energy_Modes_Poorn_Mehta\platform\radio\rail_lib\autogen\librail_release\librail_efr32xg13_gcc_release.a(generic_phy.o)
 *(COMMON)
 *fill*         0x2000096e        0x2 
 COMMON         0x20000970     0x19c0 ./main.o
                0x20000970                EM_Array
                0x20000978                bluetooth_stack_heap
 COMMON         0x20002330        0xd C:\Users\poorn\SimplicityStudio\v4_workspace\Energy_Modes_Poorn_Mehta\platform\radio\rail_lib\autogen\librail_release\librail_efr32xg13_gcc_release.a(protimer.o)
                0x20002330                PROTIMER_scheduledRxEnable
                0x20002334                PROTIMER_softwareTimerTimeout
                0x20002338                PROTIMER_scheduledOverflows
                0x20002340                . = ALIGN (0x4)
 *fill*         0x2000233d        0x3 
                0x20002340                __bss_end__ = .

.heap           0x20002340      0xd00
                0x20002340                __HeapBase = .
                0x20002340                __end__ = .
                0x20002340                end = __end__
                0x20002340                _end = __end__
 *(.heap*)
 .heap          0x20002340      0xd00 ./platform/Device/SiliconLabs/EFR32BG13P/Source/GCC/startup_efr32bg13p.o
                0x20003040                __HeapLimit = .

.nvm_dummy      0x0000c388        0x0
 *(.simee)
                0x0007f000                __nvm3Base = ((ORIGIN (FLASH) + 0x7f000) - SIZEOF (.nvm_dummy))
OUTPUT(Energy_Modes_Poorn_Mehta.axf elf32-littlearm)

.ARM.attributes
                0x00000000       0x2e
 .ARM.attributes
                0x00000000       0x22 c:/siliconlabs/simplicitystudio/v4/developer/toolchains/gnu_arm/4.9_2015q3/bin/../lib/gcc/arm-none-eabi/4.9.3/armv7e-m/softfp/crti.o
 .ARM.attributes
                0x00000022       0x32 c:/siliconlabs/simplicitystudio/v4/developer/toolchains/gnu_arm/4.9_2015q3/bin/../lib/gcc/arm-none-eabi/4.9.3/armv7e-m/softfp/crtbegin.o
 .ARM.attributes
                0x00000054       0x20 c:/siliconlabs/simplicitystudio/v4/developer/toolchains/gnu_arm/4.9_2015q3/bin/../lib/gcc/arm-none-eabi/4.9.3/../../../../arm-none-eabi/lib/armv7e-m/softfp/crt0.o
 .ARM.attributes
                0x00000074       0x37 ./application_properties.o
 .ARM.attributes
                0x000000ab       0x37 ./gatt_db.o
 .ARM.attributes
                0x000000e2       0x37 ./init_board.o
 .ARM.attributes
                0x00000119       0x37 ./init_mcu.o
 .ARM.attributes
                0x00000150       0x37 ./main.o
 .ARM.attributes
                0x00000187       0x37 ./hardware/kit/common/drivers/mx25flash_spi.o
 .ARM.attributes
                0x000001be       0x37 ./platform/Device/SiliconLabs/EFR32BG13P/Source/GCC/startup_efr32bg13p.o
 .ARM.attributes
                0x000001f5       0x37 ./platform/Device/SiliconLabs/EFR32BG13P/Source/system_efr32bg13p.o
 .ARM.attributes
                0x0000022c       0x37 ./platform/emlib/src/em_cmu.o
 .ARM.attributes
                0x00000263       0x37 ./platform/emlib/src/em_core.o
 .ARM.attributes
                0x0000029a       0x37 ./platform/emlib/src/em_emu.o
 .ARM.attributes
                0x000002d1       0x37 ./platform/emlib/src/em_gpio.o
 .ARM.attributes
                0x00000308       0x37 ./platform/emlib/src/em_letimer.o
 .ARM.attributes
                0x0000033f       0x37 ./platform/emlib/src/em_rtcc.o
 .ARM.attributes
                0x00000376       0x37 ./platform/emlib/src/em_usart.o
 .ARM.attributes
                0x000003ad       0x37 ./src/cmu.o
 .ARM.attributes
                0x000003e4       0x37 ./src/gpio.o
 .ARM.attributes
                0x0000041b       0x37 C:\Users\poorn\SimplicityStudio\v4_workspace\Energy_Modes_Poorn_Mehta\platform\radio\rail_lib\autogen\librail_release\librail_efr32xg13_gcc_release.a(rail_rf_hal.o)
 .ARM.attributes
                0x00000452       0x37 C:\Users\poorn\SimplicityStudio\v4_workspace\Energy_Modes_Poorn_Mehta\platform\radio\rail_lib\autogen\librail_release\librail_efr32xg13_gcc_release.a(rail_singleprotocol.o)
 .ARM.attributes
                0x00000489       0x37 C:\Users\poorn\SimplicityStudio\v4_workspace\Energy_Modes_Poorn_Mehta\platform\radio\rail_lib\autogen\librail_release\librail_efr32xg13_gcc_release.a(rail_rf.o)
 .ARM.attributes
                0x000004c0       0x37 C:\Users\poorn\SimplicityStudio\v4_workspace\Energy_Modes_Poorn_Mehta\platform\radio\rail_lib\autogen\librail_release\librail_efr32xg13_gcc_release.a(rail_calibration.o)
 .ARM.attributes
                0x000004f7       0x37 C:\Users\poorn\SimplicityStudio\v4_workspace\Energy_Modes_Poorn_Mehta\platform\radio\rail_lib\autogen\librail_release\librail_efr32xg13_gcc_release.a(rail_assert.o)
 .ARM.attributes
                0x0000052e       0x37 C:\Users\poorn\SimplicityStudio\v4_workspace\Energy_Modes_Poorn_Mehta\platform\radio\rail_lib\autogen\librail_release\librail_efr32xg13_gcc_release.a(bufc.o)
 .ARM.attributes
                0x00000565       0x37 C:\Users\poorn\SimplicityStudio\v4_workspace\Energy_Modes_Poorn_Mehta\platform\radio\rail_lib\autogen\librail_release\librail_efr32xg13_gcc_release.a(pa.o)
 .ARM.attributes
                0x0000059c       0x37 C:\Users\poorn\SimplicityStudio\v4_workspace\Energy_Modes_Poorn_Mehta\platform\radio\rail_lib\autogen\librail_release\librail_efr32xg13_gcc_release.a(protimer.o)
 .ARM.attributes
                0x000005d3       0x37 C:\Users\poorn\SimplicityStudio\v4_workspace\Energy_Modes_Poorn_Mehta\platform\radio\rail_lib\autogen\librail_release\librail_efr32xg13_gcc_release.a(pti.o)
 .ARM.attributes
                0x0000060a       0x37 C:\Users\poorn\SimplicityStudio\v4_workspace\Energy_Modes_Poorn_Mehta\platform\radio\rail_lib\autogen\librail_release\librail_efr32xg13_gcc_release.a(radio.o)
 .ARM.attributes
                0x00000641       0x37 C:\Users\poorn\SimplicityStudio\v4_workspace\Energy_Modes_Poorn_Mehta\platform\radio\rail_lib\autogen\librail_release\librail_efr32xg13_gcc_release.a(rfsense.o)
 .ARM.attributes
                0x00000678       0x37 C:\Users\poorn\SimplicityStudio\v4_workspace\Energy_Modes_Poorn_Mehta\platform\radio\rail_lib\autogen\librail_release\librail_efr32xg13_gcc_release.a(rtccsync.o)
 .ARM.attributes
                0x000006af       0x37 C:\Users\poorn\SimplicityStudio\v4_workspace\Energy_Modes_Poorn_Mehta\platform\radio\rail_lib\autogen\librail_release\librail_efr32xg13_gcc_release.a(synth.o)
 .ARM.attributes
                0x000006e6       0x37 C:\Users\poorn\SimplicityStudio\v4_workspace\Energy_Modes_Poorn_Mehta\platform\radio\rail_lib\autogen\librail_release\librail_efr32xg13_gcc_release.a(generic_phy.o)
 .ARM.attributes
                0x0000071d       0x1c C:\Users\poorn\SimplicityStudio\v4_workspace\Energy_Modes_Poorn_Mehta\protocol\bluetooth\lib\EFR32BG13P\GCC\binapploader.o
 .ARM.attributes
                0x00000739       0x32 c:/siliconlabs/simplicitystudio/v4/developer/toolchains/gnu_arm/4.9_2015q3/bin/../lib/gcc/arm-none-eabi/4.9.3/../../../../arm-none-eabi/lib/armv7e-m/softfp\libc_nano.a(lib_a-exit.o)
 .ARM.attributes
                0x0000076b       0x32 c:/siliconlabs/simplicitystudio/v4/developer/toolchains/gnu_arm/4.9_2015q3/bin/../lib/gcc/arm-none-eabi/4.9.3/../../../../arm-none-eabi/lib/armv7e-m/softfp\libc_nano.a(lib_a-impure.o)
 .ARM.attributes
                0x0000079d       0x32 c:/siliconlabs/simplicitystudio/v4/developer/toolchains/gnu_arm/4.9_2015q3/bin/../lib/gcc/arm-none-eabi/4.9.3/../../../../arm-none-eabi/lib/armv7e-m/softfp\libc_nano.a(lib_a-init.o)
 .ARM.attributes
                0x000007cf       0x32 c:/siliconlabs/simplicitystudio/v4/developer/toolchains/gnu_arm/4.9_2015q3/bin/../lib/gcc/arm-none-eabi/4.9.3/../../../../arm-none-eabi/lib/armv7e-m/softfp\libc_nano.a(lib_a-memcpy.o)
 .ARM.attributes
                0x00000801       0x32 c:/siliconlabs/simplicitystudio/v4/developer/toolchains/gnu_arm/4.9_2015q3/bin/../lib/gcc/arm-none-eabi/4.9.3/../../../../arm-none-eabi/lib/armv7e-m/softfp\libc_nano.a(lib_a-memset.o)
 .ARM.attributes
                0x00000833       0x32 c:/siliconlabs/simplicitystudio/v4/developer/toolchains/gnu_arm/4.9_2015q3/bin/../lib/gcc/arm-none-eabi/4.9.3/../../../../arm-none-eabi/lib/armv7e-m/softfp\libnosys.a(_exit.o)
 .ARM.attributes
                0x00000865       0x32 c:/siliconlabs/simplicitystudio/v4/developer/toolchains/gnu_arm/4.9_2015q3/bin/../lib/gcc/arm-none-eabi/4.9.3/armv7e-m/softfp/crtend.o
 .ARM.attributes
                0x00000897       0x22 c:/siliconlabs/simplicitystudio/v4/developer/toolchains/gnu_arm/4.9_2015q3/bin/../lib/gcc/arm-none-eabi/4.9.3/armv7e-m/softfp/crtn.o

.comment        0x00000000       0xee
 .comment       0x00000000       0x70 ./application_properties.o
                                 0x71 (size before relaxing)
 .comment       0x00000000       0x71 ./gatt_db.o
 .comment       0x00000000       0x71 ./init_board.o
 .comment       0x00000000       0x71 ./init_mcu.o
 .comment       0x00000000       0x71 ./main.o
 .comment       0x00000000       0x71 ./hardware/kit/common/drivers/mx25flash_spi.o
 .comment       0x00000000       0x71 ./platform/Device/SiliconLabs/EFR32BG13P/Source/GCC/startup_efr32bg13p.o
 .comment       0x00000000       0x71 ./platform/Device/SiliconLabs/EFR32BG13P/Source/system_efr32bg13p.o
 .comment       0x00000000       0x71 ./platform/emlib/src/em_cmu.o
 .comment       0x00000000       0x71 ./platform/emlib/src/em_core.o
 .comment       0x00000000       0x71 ./platform/emlib/src/em_emu.o
 .comment       0x00000000       0x71 ./platform/emlib/src/em_gpio.o
 .comment       0x00000000       0x71 ./platform/emlib/src/em_letimer.o
 .comment       0x00000000       0x71 ./platform/emlib/src/em_rtcc.o
 .comment       0x00000000       0x71 ./platform/emlib/src/em_usart.o
 .comment       0x00000000       0x71 ./src/cmu.o
 .comment       0x00000000       0x71 ./src/gpio.o
 .comment       0x00000070       0x7e C:\Users\poorn\SimplicityStudio\v4_workspace\Energy_Modes_Poorn_Mehta\platform\radio\rail_lib\autogen\librail_release\librail_efr32xg13_gcc_release.a(rail_rf_hal.o)
                                 0x7f (size before relaxing)
 .comment       0x00000000       0x7f C:\Users\poorn\SimplicityStudio\v4_workspace\Energy_Modes_Poorn_Mehta\platform\radio\rail_lib\autogen\librail_release\librail_efr32xg13_gcc_release.a(rail_singleprotocol.o)
 .comment       0x00000000       0x7f C:\Users\poorn\SimplicityStudio\v4_workspace\Energy_Modes_Poorn_Mehta\platform\radio\rail_lib\autogen\librail_release\librail_efr32xg13_gcc_release.a(rail_rf.o)
 .comment       0x00000000       0x7f C:\Users\poorn\SimplicityStudio\v4_workspace\Energy_Modes_Poorn_Mehta\platform\radio\rail_lib\autogen\librail_release\librail_efr32xg13_gcc_release.a(rail_calibration.o)
 .comment       0x00000000       0x7f C:\Users\poorn\SimplicityStudio\v4_workspace\Energy_Modes_Poorn_Mehta\platform\radio\rail_lib\autogen\librail_release\librail_efr32xg13_gcc_release.a(rail_assert.o)
 .comment       0x00000000       0x7f C:\Users\poorn\SimplicityStudio\v4_workspace\Energy_Modes_Poorn_Mehta\platform\radio\rail_lib\autogen\librail_release\librail_efr32xg13_gcc_release.a(bufc.o)
 .comment       0x00000000       0x7f C:\Users\poorn\SimplicityStudio\v4_workspace\Energy_Modes_Poorn_Mehta\platform\radio\rail_lib\autogen\librail_release\librail_efr32xg13_gcc_release.a(pa.o)
 .comment       0x00000000       0x7f C:\Users\poorn\SimplicityStudio\v4_workspace\Energy_Modes_Poorn_Mehta\platform\radio\rail_lib\autogen\librail_release\librail_efr32xg13_gcc_release.a(protimer.o)
 .comment       0x00000000       0x7f C:\Users\poorn\SimplicityStudio\v4_workspace\Energy_Modes_Poorn_Mehta\platform\radio\rail_lib\autogen\librail_release\librail_efr32xg13_gcc_release.a(pti.o)
 .comment       0x00000000       0x7f C:\Users\poorn\SimplicityStudio\v4_workspace\Energy_Modes_Poorn_Mehta\platform\radio\rail_lib\autogen\librail_release\librail_efr32xg13_gcc_release.a(radio.o)
 .comment       0x00000000       0x7f C:\Users\poorn\SimplicityStudio\v4_workspace\Energy_Modes_Poorn_Mehta\platform\radio\rail_lib\autogen\librail_release\librail_efr32xg13_gcc_release.a(rfsense.o)
 .comment       0x00000000       0x7f C:\Users\poorn\SimplicityStudio\v4_workspace\Energy_Modes_Poorn_Mehta\platform\radio\rail_lib\autogen\librail_release\librail_efr32xg13_gcc_release.a(rtccsync.o)
 .comment       0x00000000       0x7f C:\Users\poorn\SimplicityStudio\v4_workspace\Energy_Modes_Poorn_Mehta\platform\radio\rail_lib\autogen\librail_release\librail_efr32xg13_gcc_release.a(synth.o)
 .comment       0x00000000       0x7f C:\Users\poorn\SimplicityStudio\v4_workspace\Energy_Modes_Poorn_Mehta\platform\radio\rail_lib\autogen\librail_release\librail_efr32xg13_gcc_release.a(generic_phy.o)

.debug_info     0x00000000    0x12044
 .debug_info    0x00000000      0x168 ./application_properties.o
 .debug_info    0x00000168      0x5ae ./gatt_db.o
 .debug_info    0x00000716      0x550 ./init_board.o
 .debug_info    0x00000c66      0xbf0 ./init_mcu.o
 .debug_info    0x00001856     0x175b ./main.o
 .debug_info    0x00002fb1     0x4084 ./hardware/kit/common/drivers/mx25flash_spi.o
 .debug_info    0x00007035      0x21d ./platform/Device/SiliconLabs/EFR32BG13P/Source/GCC/startup_efr32bg13p.o
 .debug_info    0x00007252      0x8c2 ./platform/Device/SiliconLabs/EFR32BG13P/Source/system_efr32bg13p.o
 .debug_info    0x00007b14     0x35d0 ./platform/emlib/src/em_cmu.o
 .debug_info    0x0000b0e4      0xdce ./platform/emlib/src/em_core.o
 .debug_info    0x0000beb2     0x2c04 ./platform/emlib/src/em_emu.o
 .debug_info    0x0000eab6      0xf45 ./platform/emlib/src/em_gpio.o
 .debug_info    0x0000f9fb      0x4ff ./platform/emlib/src/em_letimer.o
 .debug_info    0x0000fefa      0xbbb ./platform/emlib/src/em_rtcc.o
 .debug_info    0x00010ab5     0x10e6 ./platform/emlib/src/em_usart.o
 .debug_info    0x00011b9b      0x260 ./src/cmu.o
 .debug_info    0x00011dfb      0x249 ./src/gpio.o

.debug_abbrev   0x00000000     0x247d
 .debug_abbrev  0x00000000       0x97 ./application_properties.o
 .debug_abbrev  0x00000097       0xbd ./gatt_db.o
 .debug_abbrev  0x00000154      0x155 ./init_board.o
 .debug_abbrev  0x000002a9      0x1d8 ./init_mcu.o
 .debug_abbrev  0x00000481      0x34c ./main.o
 .debug_abbrev  0x000007cd      0x3bf ./hardware/kit/common/drivers/mx25flash_spi.o
 .debug_abbrev  0x00000b8c      0x134 ./platform/Device/SiliconLabs/EFR32BG13P/Source/GCC/startup_efr32bg13p.o
 .debug_abbrev  0x00000cc0      0x1d2 ./platform/Device/SiliconLabs/EFR32BG13P/Source/system_efr32bg13p.o
 .debug_abbrev  0x00000e92      0x4bd ./platform/emlib/src/em_cmu.o
 .debug_abbrev  0x0000134f      0x2b4 ./platform/emlib/src/em_core.o
 .debug_abbrev  0x00001603      0x403 ./platform/emlib/src/em_emu.o
 .debug_abbrev  0x00001a06      0x2b9 ./platform/emlib/src/em_gpio.o
 .debug_abbrev  0x00001cbf      0x1c1 ./platform/emlib/src/em_letimer.o
 .debug_abbrev  0x00001e80      0x1f8 ./platform/emlib/src/em_rtcc.o
 .debug_abbrev  0x00002078      0x26b ./platform/emlib/src/em_usart.o
 .debug_abbrev  0x000022e3       0xbd ./src/cmu.o
 .debug_abbrev  0x000023a0       0xdd ./src/gpio.o

.debug_aranges  0x00000000      0x7e8
 .debug_aranges
                0x00000000       0x18 ./application_properties.o
 .debug_aranges
                0x00000018       0x18 ./gatt_db.o
 .debug_aranges
                0x00000030       0x20 ./init_board.o
 .debug_aranges
                0x00000050       0x20 ./init_mcu.o
 .debug_aranges
                0x00000070       0x58 ./main.o
 .debug_aranges
                0x000000c8      0x190 ./hardware/kit/common/drivers/mx25flash_spi.o
 .debug_aranges
                0x00000258       0x28 ./platform/Device/SiliconLabs/EFR32BG13P/Source/GCC/startup_efr32bg13p.o
 .debug_aranges
                0x00000280       0x68 ./platform/Device/SiliconLabs/EFR32BG13P/Source/system_efr32bg13p.o
 .debug_aranges
                0x000002e8      0x130 ./platform/emlib/src/em_cmu.o
 .debug_aranges
                0x00000418       0xe0 ./platform/emlib/src/em_core.o
 .debug_aranges
                0x000004f8      0x120 ./platform/emlib/src/em_emu.o
 .debug_aranges
                0x00000618       0x48 ./platform/emlib/src/em_gpio.o
 .debug_aranges
                0x00000660       0x50 ./platform/emlib/src/em_letimer.o
 .debug_aranges
                0x000006b0       0x40 ./platform/emlib/src/em_rtcc.o
 .debug_aranges
                0x000006f0       0xb8 ./platform/emlib/src/em_usart.o
 .debug_aranges
                0x000007a8       0x20 ./src/cmu.o
 .debug_aranges
                0x000007c8       0x20 ./src/gpio.o

.debug_line     0x00000000     0x4c47
 .debug_line    0x00000000      0x1a5 ./application_properties.o
 .debug_line    0x000001a5      0x19d ./gatt_db.o
 .debug_line    0x00000342      0x313 ./init_board.o
 .debug_line    0x00000655      0x2f0 ./init_mcu.o
 .debug_line    0x00000945      0x56c ./main.o
 .debug_line    0x00000eb1      0xb4c ./hardware/kit/common/drivers/mx25flash_spi.o
 .debug_line    0x000019fd      0x191 ./platform/Device/SiliconLabs/EFR32BG13P/Source/GCC/startup_efr32bg13p.o
 .debug_line    0x00001b8e      0x309 ./platform/Device/SiliconLabs/EFR32BG13P/Source/system_efr32bg13p.o
 .debug_line    0x00001e97      0xbdd ./platform/emlib/src/em_cmu.o
 .debug_line    0x00002a74      0x533 ./platform/emlib/src/em_core.o
 .debug_line    0x00002fa7      0x912 ./platform/emlib/src/em_emu.o
 .debug_line    0x000038b9      0x3db ./platform/emlib/src/em_gpio.o
 .debug_line    0x00003c94      0x359 ./platform/emlib/src/em_letimer.o
 .debug_line    0x00003fed      0x392 ./platform/emlib/src/em_rtcc.o
 .debug_line    0x0000437f      0x4cb ./platform/emlib/src/em_usart.o
 .debug_line    0x0000484a      0x1fc ./src/cmu.o
 .debug_line    0x00004a46      0x201 ./src/gpio.o

.debug_str      0x00000000     0x52da
 .debug_str     0x00000000      0x263 ./application_properties.o
                                0x2ad (size before relaxing)
 .debug_str     0x00000263      0x574 ./gatt_db.o
                                0x762 (size before relaxing)
 .debug_str     0x000007d7      0x44a ./init_board.o
                                0x635 (size before relaxing)
 .debug_str     0x00000c21      0x86e ./init_mcu.o
                                0xd59 (size before relaxing)
 .debug_str     0x0000148f      0xbda ./main.o
                               0x1140 (size before relaxing)
 .debug_str     0x00002069      0x7f9 ./hardware/kit/common/drivers/mx25flash_spi.o
                                0xfb2 (size before relaxing)
 .debug_str     0x00002862       0xf6 ./platform/Device/SiliconLabs/EFR32BG13P/Source/GCC/startup_efr32bg13p.o
                                0x2ea (size before relaxing)
 .debug_str     0x00002958      0x113 ./platform/Device/SiliconLabs/EFR32BG13P/Source/system_efr32bg13p.o
                                0x679 (size before relaxing)
 .debug_str     0x00002a6b      0xd7e ./platform/emlib/src/em_cmu.o
                               0x1a30 (size before relaxing)
 .debug_str     0x000037e9      0x30a ./platform/emlib/src/em_core.o
                                0x8c8 (size before relaxing)
 .debug_str     0x00003af3      0xb84 ./platform/emlib/src/em_emu.o
                               0x1cae (size before relaxing)
 .debug_str     0x00004677      0x19d ./platform/emlib/src/em_gpio.o
                                0x882 (size before relaxing)
 .debug_str     0x00004814       0x86 ./platform/emlib/src/em_letimer.o
                                0x45b (size before relaxing)
 .debug_str     0x0000489a      0x38a ./platform/emlib/src/em_rtcc.o
                                0xac0 (size before relaxing)
 .debug_str     0x00004c24      0x69b ./platform/emlib/src/em_usart.o
                                0xf65 (size before relaxing)
 .debug_str     0x000052bf        0xd ./src/cmu.o
                                0x49f (size before relaxing)
 .debug_str     0x000052cc        0xe ./src/gpio.o
                                0x49d (size before relaxing)

.debug_loc      0x00000000     0x88cb
 .debug_loc     0x00000000       0x20 ./init_board.o
 .debug_loc     0x00000020       0x39 ./init_mcu.o
 .debug_loc     0x00000059      0x305 ./main.o
 .debug_loc     0x0000035e     0x2897 ./hardware/kit/common/drivers/mx25flash_spi.o
 .debug_loc     0x00002bf5       0x5e ./platform/Device/SiliconLabs/EFR32BG13P/Source/GCC/startup_efr32bg13p.o
 .debug_loc     0x00002c53       0xf3 ./platform/Device/SiliconLabs/EFR32BG13P/Source/system_efr32bg13p.o
 .debug_loc     0x00002d46     0x23fc ./platform/emlib/src/em_cmu.o
 .debug_loc     0x00005142      0x606 ./platform/emlib/src/em_core.o
 .debug_loc     0x00005748     0x1e84 ./platform/emlib/src/em_emu.o
 .debug_loc     0x000075cc      0x997 ./platform/emlib/src/em_gpio.o
 .debug_loc     0x00007f63      0x264 ./platform/emlib/src/em_letimer.o
 .debug_loc     0x000081c7       0xdd ./platform/emlib/src/em_rtcc.o
 .debug_loc     0x000082a4      0x5e7 ./platform/emlib/src/em_usart.o
 .debug_loc     0x0000888b       0x20 ./src/cmu.o
 .debug_loc     0x000088ab       0x20 ./src/gpio.o

.debug_ranges   0x00000000      0x7a8
 .debug_ranges  0x00000000       0x10 ./init_board.o
 .debug_ranges  0x00000010       0x10 ./init_mcu.o
 .debug_ranges  0x00000020       0x48 ./main.o
 .debug_ranges  0x00000068      0x1a0 ./hardware/kit/common/drivers/mx25flash_spi.o
 .debug_ranges  0x00000208       0x18 ./platform/Device/SiliconLabs/EFR32BG13P/Source/GCC/startup_efr32bg13p.o
 .debug_ranges  0x00000220       0x58 ./platform/Device/SiliconLabs/EFR32BG13P/Source/system_efr32bg13p.o
 .debug_ranges  0x00000278      0x1c8 ./platform/emlib/src/em_cmu.o
 .debug_ranges  0x00000440       0xd0 ./platform/emlib/src/em_core.o
 .debug_ranges  0x00000510      0x110 ./platform/emlib/src/em_emu.o
 .debug_ranges  0x00000620       0x38 ./platform/emlib/src/em_gpio.o
 .debug_ranges  0x00000658       0x40 ./platform/emlib/src/em_letimer.o
 .debug_ranges  0x00000698       0x48 ./platform/emlib/src/em_rtcc.o
 .debug_ranges  0x000006e0       0xa8 ./platform/emlib/src/em_usart.o
 .debug_ranges  0x00000788       0x10 ./src/cmu.o
 .debug_ranges  0x00000798       0x10 ./src/gpio.o

.debug_frame    0x00000000     0x1498
 .debug_frame   0x00000000       0x28 ./init_board.o
 .debug_frame   0x00000028       0x34 ./init_mcu.o
 .debug_frame   0x0000005c       0xdc ./main.o
 .debug_frame   0x00000138      0x600 ./hardware/kit/common/drivers/mx25flash_spi.o
 .debug_frame   0x00000738       0x38 ./platform/Device/SiliconLabs/EFR32BG13P/Source/GCC/startup_efr32bg13p.o
 .debug_frame   0x00000770       0xc8 ./platform/Device/SiliconLabs/EFR32BG13P/Source/system_efr32bg13p.o
 .debug_frame   0x00000838      0x300 ./platform/emlib/src/em_cmu.o
 .debug_frame   0x00000b38      0x20c ./platform/emlib/src/em_core.o
 .debug_frame   0x00000d44      0x2f8 ./platform/emlib/src/em_emu.o
 .debug_frame   0x0000103c       0x90 ./platform/emlib/src/em_gpio.o
 .debug_frame   0x000010cc       0x8c ./platform/emlib/src/em_letimer.o
 .debug_frame   0x00001158       0x7c ./platform/emlib/src/em_rtcc.o
 .debug_frame   0x000011d4      0x1b8 ./platform/emlib/src/em_usart.o
 .debug_frame   0x0000138c       0x28 ./src/cmu.o
 .debug_frame   0x000013b4       0x28 ./src/gpio.o
 .debug_frame   0x000013dc       0x28 c:/siliconlabs/simplicitystudio/v4/developer/toolchains/gnu_arm/4.9_2015q3/bin/../lib/gcc/arm-none-eabi/4.9.3/../../../../arm-none-eabi/lib/armv7e-m/softfp\libc_nano.a(lib_a-exit.o)
 .debug_frame   0x00001404       0x2c c:/siliconlabs/simplicitystudio/v4/developer/toolchains/gnu_arm/4.9_2015q3/bin/../lib/gcc/arm-none-eabi/4.9.3/../../../../arm-none-eabi/lib/armv7e-m/softfp\libc_nano.a(lib_a-init.o)
 .debug_frame   0x00001430       0x28 c:/siliconlabs/simplicitystudio/v4/developer/toolchains/gnu_arm/4.9_2015q3/bin/../lib/gcc/arm-none-eabi/4.9.3/../../../../arm-none-eabi/lib/armv7e-m/softfp\libc_nano.a(lib_a-memcpy.o)
 .debug_frame   0x00001458       0x20 c:/siliconlabs/simplicitystudio/v4/developer/toolchains/gnu_arm/4.9_2015q3/bin/../lib/gcc/arm-none-eabi/4.9.3/../../../../arm-none-eabi/lib/armv7e-m/softfp\libc_nano.a(lib_a-memset.o)
 .debug_frame   0x00001478       0x20 c:/siliconlabs/simplicitystudio/v4/developer/toolchains/gnu_arm/4.9_2015q3/bin/../lib/gcc/arm-none-eabi/4.9.3/../../../../arm-none-eabi/lib/armv7e-m/softfp\libnosys.a(_exit.o)
