Archive member included to satisfy reference by file (symbol)

C:\Users\poorn\SimplicityStudio\v4_workspace\soc-thermometer-client\protocol\bluetooth\lib\EFR32BG13P\GCC\libbluetooth.a(bgapi.c.obj)
                              ./main.o (gecko_cmd_msg_buf)
C:\Users\poorn\SimplicityStudio\v4_workspace\soc-thermometer-client\protocol\bluetooth\lib\EFR32BG13P\GCC\libbluetooth.a(bgapi_gap.c.obj)
                              ./main.o (sli_bt_cmd_le_gap_connect)
C:\Users\poorn\SimplicityStudio\v4_workspace\soc-thermometer-client\protocol\bluetooth\lib\EFR32BG13P\GCC\libbluetooth.a(bgapi_gatt.c.obj)
                              C:\Users\poorn\SimplicityStudio\v4_workspace\soc-thermometer-client\protocol\bluetooth\lib\EFR32BG13P\GCC\libbluetooth.a(bgapi.c.obj) (bgapi_gatt_listener)
C:\Users\poorn\SimplicityStudio\v4_workspace\soc-thermometer-client\protocol\bluetooth\lib\EFR32BG13P\GCC\libbluetooth.a(bgapi_gatt_lib.c.obj)
                              ./main.o (sli_bt_cmd_gatt_discover_primary_services_by_uuid)
C:\Users\poorn\SimplicityStudio\v4_workspace\soc-thermometer-client\protocol\bluetooth\lib\EFR32BG13P\GCC\libbluetooth.a(bgapi_le_connection.c.obj)
                              ./main.o (sli_bt_cmd_le_connection_get_rssi)
C:\Users\poorn\SimplicityStudio\v4_workspace\soc-thermometer-client\protocol\bluetooth\lib\EFR32BG13P\GCC\libbluetooth.a(bgapi_system.c.obj)
                              ./main.o (sli_bt_cmd_system_reset)
C:\Users\poorn\SimplicityStudio\v4_workspace\soc-thermometer-client\protocol\bluetooth\lib\EFR32BG13P\GCC\libbluetooth.a(bgbuf.c.obj)
                              C:\Users\poorn\SimplicityStudio\v4_workspace\soc-thermometer-client\protocol\bluetooth\lib\EFR32BG13P\GCC\libbluetooth.a(bgapi.c.obj) (bgbuf_chain_free)
C:\Users\poorn\SimplicityStudio\v4_workspace\soc-thermometer-client\protocol\bluetooth\lib\EFR32BG13P\GCC\libbluetooth.a(bglib.c.obj)
                              ./main.o (gecko_stack_init)
C:\Users\poorn\SimplicityStudio\v4_workspace\soc-thermometer-client\protocol\bluetooth\lib\EFR32BG13P\GCC\libbluetooth.a(btl_interface.c.obj)
                              C:\Users\poorn\SimplicityStudio\v4_workspace\soc-thermometer-client\protocol\bluetooth\lib\EFR32BG13P\GCC\libbluetooth.a(bgapi.c.obj) (bootloader_getInfo)
C:\Users\poorn\SimplicityStudio\v4_workspace\soc-thermometer-client\protocol\bluetooth\lib\EFR32BG13P\GCC\libbluetooth.a(efr32xg1x.c.obj)
                              C:\Users\poorn\SimplicityStudio\v4_workspace\soc-thermometer-client\protocol\bluetooth\lib\EFR32BG13P\GCC\libbluetooth.a(bglib.c.obj) (bg_hal_get_current_ctune)
C:\Users\poorn\SimplicityStudio\v4_workspace\soc-thermometer-client\protocol\bluetooth\lib\EFR32BG13P\GCC\libbluetooth.a(gap.c.obj)
                              C:\Users\poorn\SimplicityStudio\v4_workspace\soc-thermometer-client\protocol\bluetooth\lib\EFR32BG13P\GCC\libbluetooth.a(bglib.c.obj) (gap_reset_state)
C:\Users\poorn\SimplicityStudio\v4_workspace\soc-thermometer-client\protocol\bluetooth\lib\EFR32BG13P\GCC\libbluetooth.a(gap_adv.c.obj)
                              C:\Users\poorn\SimplicityStudio\v4_workspace\soc-thermometer-client\protocol\bluetooth\lib\EFR32BG13P\GCC\libbluetooth.a(gap.c.obj) (gap_set_advertising_timeout)
C:\Users\poorn\SimplicityStudio\v4_workspace\soc-thermometer-client\protocol\bluetooth\lib\EFR32BG13P\GCC\libbluetooth.a(gap_deprecated.c.obj)
                              C:\Users\poorn\SimplicityStudio\v4_workspace\soc-thermometer-client\protocol\bluetooth\lib\EFR32BG13P\GCC\libbluetooth.a(bgapi_gap.c.obj) (ubt_gap_set_adv_parameters)
C:\Users\poorn\SimplicityStudio\v4_workspace\soc-thermometer-client\protocol\bluetooth\lib\EFR32BG13P\GCC\libbluetooth.a(gap_resolver.c.obj)
                              C:\Users\poorn\SimplicityStudio\v4_workspace\soc-thermometer-client\protocol\bluetooth\lib\EFR32BG13P\GCC\libbluetooth.a(gap.c.obj) (gap_address_resolver_step)
C:\Users\poorn\SimplicityStudio\v4_workspace\soc-thermometer-client\protocol\bluetooth\lib\EFR32BG13P\GCC\libbluetooth.a(gap_scan.c.obj)
                              C:\Users\poorn\SimplicityStudio\v4_workspace\soc-thermometer-client\protocol\bluetooth\lib\EFR32BG13P\GCC\libbluetooth.a(gap.c.obj) (gap_status_set_scan_packet)
C:\Users\poorn\SimplicityStudio\v4_workspace\soc-thermometer-client\protocol\bluetooth\lib\EFR32BG13P\GCC\libbluetooth.a(gatt.c.obj)
                              C:\Users\poorn\SimplicityStudio\v4_workspace\soc-thermometer-client\protocol\bluetooth\lib\EFR32BG13P\GCC\libbluetooth.a(gap.c.obj) (gatt_init_connection)
C:\Users\poorn\SimplicityStudio\v4_workspace\soc-thermometer-client\protocol\bluetooth\lib\EFR32BG13P\GCC\libbluetooth.a(gatt_client.c.obj)
                              C:\Users\poorn\SimplicityStudio\v4_workspace\soc-thermometer-client\protocol\bluetooth\lib\EFR32BG13P\GCC\libbluetooth.a(bgapi_gatt_lib.c.obj) (gatt_client_init)
[...]
Memory Configuration

Name             Origin             Length             Attributes
FLASH_BOOTLOADER 0x0fe10000         0x00004000         xr
FLASH            0x00000000         0x0007f000         xr
RAM              0x20000000         0x00010000         xrw
*default*        0x00000000         0xffffffff

Linker script and memory map

LOAD c:/siliconlabs/simplicitystudio/v4/developer/toolchains/gnu_arm/7.2_2017q4/bin/../lib/gcc/arm-none-eabi/7.2.1/thumb/v7e-m/fpv4-sp/softfp/crti.o
LOAD c:/siliconlabs/simplicitystudio/v4/developer/toolchains/gnu_arm/7.2_2017q4/bin/../lib/gcc/arm-none-eabi/7.2.1/thumb/v7e-m/fpv4-sp/softfp/crtbegin.o
LOAD c:/siliconlabs/simplicitystudio/v4/developer/toolchains/gnu_arm/7.2_2017q4/bin/../lib/gcc/arm-none-eabi/7.2.1/../../../../arm-none-eabi/lib/thumb/v7e-m/fpv4-sp/softfp/crt0.o
START GROUP
LOAD ./application_properties.o
LOAD ./gatt_db.o
LOAD ./init_app.o
LOAD ./init_board_efr32xg1.o
LOAD ./init_mcu_efr32xg1.o
LOAD ./main.o
LOAD ./pti.o
LOAD ./hardware/kit/common/bsp/bsp_stk.o
LOAD ./hardware/kit/common/drivers/mx25flash_spi.o
LOAD ./hardware/kit/common/drivers/retargetio.o
LOAD ./hardware/kit/common/drivers/retargetserial.o
LOAD ./platform/Device/SiliconLabs/EFR32BG13P/Source/GCC/startup_efr32bg13p.o
LOAD ./platform/Device/SiliconLabs/EFR32BG13P/Source/system_efr32bg13p.o
LOAD ./platform/emdrv/sleep/src/sleep.o
LOAD ./platform/emlib/src/em_assert.o
LOAD ./platform/emlib/src/em_cmu.o
LOAD ./platform/emlib/src/em_core.o
LOAD ./platform/emlib/src/em_cryotimer.o
LOAD ./platform/emlib/src/em_crypto.o
LOAD ./platform/emlib/src/em_emu.o
LOAD ./platform/emlib/src/em_gpio.o
LOAD ./platform/emlib/src/em_i2c.o
LOAD ./platform/emlib/src/em_msc.o
LOAD ./platform/emlib/src/em_rmu.o
LOAD ./platform/emlib/src/em_rtcc.o
LOAD ./platform/emlib/src/em_se.o
LOAD ./platform/emlib/src/em_system.o
LOAD ./platform/emlib/src/em_timer.o
LOAD ./platform/emlib/src/em_usart.o
LOAD C:\Users\poorn\SimplicityStudio\v4_workspace\soc-thermometer-client\protocol\bluetooth\lib\EFR32BG13P\GCC\libbluetooth.a
LOAD C:\Users\poorn\SimplicityStudio\v4_workspace\soc-thermometer-client\protocol\bluetooth\lib\EFR32BG13P\GCC\binapploader.o
LOAD C:\Users\poorn\SimplicityStudio\v4_workspace\soc-thermometer-client\protocol\bluetooth\lib\EFR32BG13P\GCC\libpsstore.a
LOAD C:\Users\poorn\SimplicityStudio\v4_workspace\soc-thermometer-client\platform\radio\rail_lib\autogen\librail_release\librail_efr32xg13_gcc_release.a
LOAD C:\Users\poorn\SimplicityStudio\v4_workspace\soc-thermometer-client\protocol\bluetooth\lib\EFR32BG13P\GCC\libmbedtls.a
LOAD c:/siliconlabs/simplicitystudio/v4/developer/toolchains/gnu_arm/7.2_2017q4/bin/../lib/gcc/arm-none-eabi/7.2.1/../../../../arm-none-eabi/lib/thumb/v7e-m/fpv4-sp/softfp\libm.a
END GROUP
START GROUP
LOAD c:/siliconlabs/simplicitystudio/v4/developer/toolchains/gnu_arm/7.2_2017q4/bin/../lib/gcc/arm-none-eabi/7.2.1/thumb/v7e-m/fpv4-sp/softfp\libgcc.a
LOAD c:/siliconlabs/simplicitystudio/v4/developer/toolchains/gnu_arm/7.2_2017q4/bin/../lib/gcc/arm-none-eabi/7.2.1/../../../../arm-none-eabi/lib/thumb/v7e-m/fpv4-sp/softfp\libc_nano.a
LOAD c:/siliconlabs/simplicitystudio/v4/developer/toolchains/gnu_arm/7.2_2017q4/bin/../lib/gcc/arm-none-eabi/7.2.1/../../../../arm-none-eabi/lib/thumb/v7e-m/fpv4-sp/softfp\libnosys.a
END GROUP
START GROUP
LOAD c:/siliconlabs/simplicitystudio/v4/developer/toolchains/gnu_arm/7.2_2017q4/bin/../lib/gcc/arm-none-eabi/7.2.1/thumb/v7e-m/fpv4-sp/softfp\libgcc.a
LOAD c:/siliconlabs/simplicitystudio/v4/developer/toolchains/gnu_arm/7.2_2017q4/bin/../lib/gcc/arm-none-eabi/7.2.1/../../../../arm-none-eabi/lib/thumb/v7e-m/fpv4-sp/softfp\libg_nano.a
LOAD c:/siliconlabs/simplicitystudio/v4/developer/toolchains/gnu_arm/7.2_2017q4/bin/../lib/gcc/arm-none-eabi/7.2.1/../../../../arm-none-eabi/lib/thumb/v7e-m/fpv4-sp/softfp\libc_nano.a
END GROUP
START GROUP
LOAD c:/siliconlabs/simplicitystudio/v4/developer/toolchains/gnu_arm/7.2_2017q4/bin/../lib/gcc/arm-none-eabi/7.2.1/thumb/v7e-m/fpv4-sp/softfp\libgcc.a
LOAD c:/siliconlabs/simplicitystudio/v4/developer/toolchains/gnu_arm/7.2_2017q4/bin/../lib/gcc/arm-none-eabi/7.2.1/../../../../arm-none-eabi/lib/thumb/v7e-m/fpv4-sp/softfp\libc_nano.a
END GROUP
LOAD c:/siliconlabs/simplicitystudio/v4/developer/toolchains/gnu_arm/7.2_2017q4/bin/../lib/gcc/arm-none-eabi/7.2.1/thumb/v7e-m/fpv4-sp/softfp/crtend.o
LOAD c:/siliconlabs/simplicitystudio/v4/developer/toolchains/gnu_arm/7.2_2017q4/bin/../lib/gcc/arm-none-eabi/7.2.1/thumb/v7e-m/fpv4-sp/softfp/crtn.o

.text_bootloader
                0x0fe10000        0x0
 *(.binbootloader*)
                0x0fe10000                . = ALIGN (0x4000)

.text_apploader
                0x00000000     0x8fc0
 *(.binapploader*)
 .binapploader  0x00000000     0x8fc0 C:\Users\poorn\SimplicityStudio\v4_workspace\soc-thermometer-client\protocol\bluetooth\lib\EFR32BG13P\GCC\binapploader.o

.text_signature
                0x00008fc0       0x40
                0x00009000                . = ALIGN (0x800)
 *fill*         0x00008fc0       0x40 
                0x00009000                __text_start__ = .

.text_application
                0x00009000    0x23044
 *(.vectors)
 .vectors       0x00009000       0xfc ./platform/Device/SiliconLabs/EFR32BG13P/Source/GCC/startup_efr32bg13p.o
                0x00009000                __Vectors
                0x000090fc                __Vectors_End = .
                0x000000fc                __Vectors_Size = (__Vectors_End - __Vectors)
                0x000090fc                __end__ = .
 *(.application_properties)
 .application_properties
                0x000090fc       0x38 ./application_properties.o
                0x000090fc                applicationProperties
 *(.gecko_configuration)
 *(.xo_configuration)
 *(.gatt_header)
 .gatt_header   0x00009134       0x34 ./gatt_db.o
                0x00009134                bg_gattdb_data
 *(.gatt_data)
 .gatt_data     0x00009168      0x1d6 ./gatt_db.o
                0x00009168                bg_gattdb_data_adv_uuid128_map
                0x0000916c                bg_gattdb_data_adv_uuid16_map
                0x00009170                bg_gattdb_data_attributes_dynamic_mapping_map
                0x00009178                bg_gattdb_data_attributes_map
                0x0000925c                bg_gattdb_data_attribute_field_0
                0x00009260                bg_gattdb_data_attribute_field_1
                0x00009268                bg_gattdb_data_attribute_field_2
                0x00009270                bg_gattdb_data_attribute_field_4
                0x00009274                bg_gattdb_data_attribute_field_5
                0x0000927c                bg_gattdb_data_attribute_field_6
                0x00009284                bg_gattdb_data_attribute_field_7
                0x0000928c                bg_gattdb_data_attribute_field_8
                0x00009290                bg_gattdb_data_attribute_field_9
                0x00009294                bg_gattdb_data_attribute_field_10
                0x0000929c                bg_gattdb_data_attribute_field_11
                0x000092ac                bg_gattdb_data_attribute_field_12
                0x000092b4                bg_gattdb_data_attribute_field_13
                0x000092c0                bg_gattdb_data_attribute_field_14
                0x000092c8                bg_gattdb_data_attribute_field_15
                0x000092d0                bg_gattdb_data_attribute_field_16
                0x000092e4                bg_gattdb_data_attribute_field_17
                0x000092fc                bg_gattdb_data_attribute_field_18
                0x00009304                bg_gattdb_data_uuidtable_128_map
                0x00009324                bg_gattdb_data_uuidtable_16_map
 *(.text*)
 *fill*         0x0000933e        0x2 
 .text          0x00009340       0x40 c:/siliconlabs/simplicitystudio/v4/developer/toolchains/gnu_arm/7.2_2017q4/bin/../lib/gcc/arm-none-eabi/7.2.1/thumb/v7e-m/fpv4-sp/softfp/crtbegin.o
 .text          0x00009380       0x74 c:/siliconlabs/simplicitystudio/v4/developer/toolchains/gnu_arm/7.2_2017q4/bin/../lib/gcc/arm-none-eabi/7.2.1/../../../../arm-none-eabi/lib/thumb/v7e-m/fpv4-sp/softfp/crt0.o
                0x00009380                _start
                0x00009380                _mainCRTStartup
 .text.initApp  0x000093f4       0x24 ./init_app.o
                0x000093f4                initApp
 .text.initBoard
                0x00009418       0x48 ./init_board_efr32xg1.o
                0x00009418                initBoard
 .text.initMcu  0x00009460      0x120 ./init_mcu_efr32xg1.o
                0x00009460                initMcu
 .text.findServiceInAdvertisement
                0x00009580       0x48 ./main.o
                0x00009580                findServiceInAdvertisement
 .text.removeConnection
                0x000095c8       0x90 ./main.o
                0x000095c8                removeConnection
 .text.startup.main
                0x00009658      0x780 ./main.o
                0x00009658                main
 .text.configEnablePti
                0x00009dd8       0x30 ./pti.o
                0x00009dd8                configEnablePti
 .text.MX25_init
                0x00009e08       0xa4 ./hardware/kit/common/drivers/mx25flash_spi.o
                0x00009e08                MX25_init
 .text.MX25_DP  0x00009eac       0x60 ./hardware/kit/common/drivers/mx25flash_spi.o
                0x00009eac                MX25_DP
 .text._close   0x00009f0c        0x4 ./hardware/kit/common/drivers/retargetio.o
                0x00009f0c                _close
 .text._exit    0x00009f10        0x4 ./hardware/kit/common/drivers/retargetio.o
                0x00009f10                _exit
 .text._fstat   0x00009f14        0xc ./hardware/kit/common/drivers/retargetio.o
                0x00009f14                _fstat
 .text._isatty  0x00009f20        0x4 ./hardware/kit/common/drivers/retargetio.o
                0x00009f20                _isatty
 .text._lseek   0x00009f24        0x4 ./hardware/kit/common/drivers/retargetio.o
                0x00009f24                _lseek
 .text._read    0x00009f28       0x2c ./hardware/kit/common/drivers/retargetio.o
                0x00009f28                _read
 .text._sbrk    0x00009f54       0x1c ./hardware/kit/common/drivers/retargetio.o
                0x00009f54                _sbrk
 .text._write   0x00009f70       0x1c ./hardware/kit/common/drivers/retargetio.o
                0x00009f70                _write
 .text.USART0_RX_IRQHandler
                0x00009f8c       0x54 ./hardware/kit/common/drivers/retargetserial.o
                0x00009f8c                USART0_RX_IRQHandler
 .text.RETARGET_SerialInit
                0x00009fe0       0xc8 ./hardware/kit/common/drivers/retargetserial.o
                0x00009fe0                RETARGET_SerialInit
 .text.RETARGET_ReadChar
                0x0000a0a8       0x68 ./hardware/kit/common/drivers/retargetserial.o
                0x0000a0a8                RETARGET_ReadChar
 .text.RETARGET_WriteChar
                0x0000a110       0x48 ./hardware/kit/common/drivers/retargetserial.o
                0x0000a110                RETARGET_WriteChar
 .text.RETARGET_SerialFlush
                0x0000a158       0x10 ./hardware/kit/common/drivers/retargetserial.o
                0x0000a158                RETARGET_SerialFlush
 .text.Default_Handler
                0x0000a168        0x4 ./platform/Device/SiliconLabs/EFR32BG13P/Source/GCC/startup_efr32bg13p.o
                0x0000a168                DebugMon_Handler
                0x0000a168                USART0_TX_IRQHandler
                0x0000a168                I2C0_IRQHandler
                0x0000a168                HardFault_Handler
                0x0000a168                SysTick_Handler
                0x0000a168                USART1_RX_IRQHandler
                0x0000a168                PendSV_Handler
                0x0000a168                NMI_Handler
                0x0000a168                I2C1_IRQHandler
                0x0000a168                WTIMER0_IRQHandler
                0x0000a168                CRYPTO0_IRQHandler
                0x0000a168                WDOG0_IRQHandler
                0x0000a168                USART1_TX_IRQHandler
                0x0000a168                SMU_IRQHandler
                0x0000a168                MSC_IRQHandler
                0x0000a168                ADC0_IRQHandler
                0x0000a168                UsageFault_Handler
                0x0000a168                WDOG1_IRQHandler
                0x0000a168                LEUART0_IRQHandler
                0x0000a168                FPUEH_IRQHandler
                0x0000a168                GPIO_EVEN_IRQHandler
                0x0000a168                VDAC0_IRQHandler
                0x0000a168                LDMA_IRQHandler
                0x0000a168                CSEN_IRQHandler
                0x0000a168                CRYPTO1_IRQHandler
                0x0000a168                TIMER0_IRQHandler
                0x0000a168                LETIMER0_IRQHandler
                0x0000a168                TIMER1_IRQHandler
                0x0000a168                TRNG0_IRQHandler
                0x0000a168                USART2_RX_IRQHandler
                0x0000a168                Default_Handler
                0x0000a168                EMU_IRQHandler
                0x0000a168                CRYOTIMER_IRQHandler
                0x0000a168                PCNT0_IRQHandler
                0x0000a168                ACMP0_IRQHandler
                0x0000a168                MemManage_Handler
                0x0000a168                SVC_Handler
                0x0000a168                RTCC_IRQHandler
                0x0000a168                CMU_IRQHandler
                0x0000a168                GPIO_ODD_IRQHandler
                0x0000a168                LESENSE_IRQHandler
                0x0000a168                BusFault_Handler
                0x0000a168                USART2_TX_IRQHandler
                0x0000a168                IDAC0_IRQHandler
 .text.Reset_Handler
                0x0000a16c       0x2c ./platform/Device/SiliconLabs/EFR32BG13P/Source/GCC/startup_efr32bg13p.o
                0x0000a16c                Reset_Handler
 .text.SystemMaxCoreClockGet
                0x0000a198        0x8 ./platform/Device/SiliconLabs/EFR32BG13P/Source/system_efr32bg13p.o
                0x0000a198                SystemMaxCoreClockGet
 .text.SystemHFClockGet
                0x0000a1a0       0x50 ./platform/Device/SiliconLabs/EFR32BG13P/Source/system_efr32bg13p.o
                0x0000a1a0                SystemHFClockGet
 .text.SystemCoreClockGet
                0x0000a1f0       0x24 ./platform/Device/SiliconLabs/EFR32BG13P/Source/system_efr32bg13p.o
                0x0000a1f0                SystemCoreClockGet
 .text.SystemHFXOClockGet
                0x0000a214        0xc ./platform/Device/SiliconLabs/EFR32BG13P/Source/system_efr32bg13p.o
                0x0000a214                SystemHFXOClockGet
 .text.SystemHFXOClockSet
                0x0000a220       0x3c ./platform/Device/SiliconLabs/EFR32BG13P/Source/system_efr32bg13p.o
                0x0000a220                SystemHFXOClockSet
 .text.SystemInit
                0x0000a25c       0x1c ./platform/Device/SiliconLabs/EFR32BG13P/Source/system_efr32bg13p.o
                0x0000a25c                SystemInit
 .text.SystemLFRCOClockGet
                0x0000a278        0x8 ./platform/Device/SiliconLabs/EFR32BG13P/Source/system_efr32bg13p.o
                0x0000a278                SystemLFRCOClockGet
 .text.SystemULFRCOClockGet
                0x0000a280        0x8 ./platform/Device/SiliconLabs/EFR32BG13P/Source/system_efr32bg13p.o
                0x0000a280                SystemULFRCOClockGet
 .text.SystemLFXOClockGet
                0x0000a288        0xc ./platform/Device/SiliconLabs/EFR32BG13P/Source/system_efr32bg13p.o
                0x0000a288                SystemLFXOClockGet
 .text.SystemLFXOClockSet
                0x0000a294       0x3c ./platform/Device/SiliconLabs/EFR32BG13P/Source/system_efr32bg13p.o
                0x0000a294                SystemLFXOClockSet
 .text.sleepCallbackWrapper
                0x0000a2d0       0x14 ./platform/emdrv/sleep/src/sleep.o
 .text.enterEMx
                0x0000a2e4       0x54 ./platform/emdrv/sleep/src/sleep.o
 .text.SLEEP_Init
                0x0000a338       0x40 ./platform/emdrv/sleep/src/sleep.o
                0x0000a338                SLEEP_Init
 .text.SLEEP_Sleep
                0x0000a378       0x70 ./platform/emdrv/sleep/src/sleep.o
                0x0000a378                SLEEP_Sleep
 .text.SLEEP_SleepBlockBegin
                0x0000a3e8       0x18 ./platform/emdrv/sleep/src/sleep.o
                0x0000a3e8                SLEEP_SleepBlockBegin
 .text.SLEEP_SleepBlockEnd
                0x0000a400       0x1c ./platform/emdrv/sleep/src/sleep.o
                0x0000a400                SLEEP_SleepBlockEnd
 .text.SLEEP_LowestEnergyModeGet
                0x0000a41c       0x1c ./platform/emdrv/sleep/src/sleep.o
                0x0000a41c                SLEEP_LowestEnergyModeGet
 .text.flashWaitStateControl
                0x0000a438       0x5c ./platform/emlib/src/em_cmu.o
 .text.flashWaitStateMax
                0x0000a494       0x24 ./platform/emlib/src/em_cmu.o
 .text.CMU_OscillatorTuningSet.part.2
                0x0000a4b8       0x3c ./platform/emlib/src/em_cmu.o
 .text.CMU_UpdateWaitStates
                0x0000a4f4       0x1c ./platform/emlib/src/em_cmu.o
                0x0000a4f4                CMU_UpdateWaitStates
 .text.CMU_ClockEnable
                0x0000a510       0x94 ./platform/emlib/src/em_cmu.o
                0x0000a510                CMU_ClockEnable
 .text.CMU_ClockSelectGet
                0x0000a5a4       0xc4 ./platform/emlib/src/em_cmu.o
                0x0000a5a4                CMU_ClockSelectGet
 .text.lfClkGet
                0x0000a668       0x94 ./platform/emlib/src/em_cmu.o
 .text.CMU_ClockFreqGet
                0x0000a6fc      0x1a8 ./platform/emlib/src/em_cmu.o
                0x0000a6fc                CMU_ClockFreqGet
 .text.CMU_HFXOInit
                0x0000a8a4       0x84 ./platform/emlib/src/em_cmu.o
                0x0000a8a4                CMU_HFXOInit
 .text.CMU_LFXOInit
                0x0000a928       0x50 ./platform/emlib/src/em_cmu.o
                0x0000a928                CMU_LFXOInit
 .text.CMU_OscillatorTuningWait
                0x0000a978       0x48 ./platform/emlib/src/em_cmu.o
                0x0000a978                CMU_OscillatorTuningWait
 .text.CMU_OscillatorEnable
                0x0000a9c0      0x110 ./platform/emlib/src/em_cmu.o
                0x0000a9c0                CMU_OscillatorEnable
 .text.CMU_ClockSelectSet
                0x0000aad0      0x2a8 ./platform/emlib/src/em_cmu.o
                0x0000aad0                CMU_ClockSelectSet
 .text.CMU_HFXOAutostartEnable
                0x0000ad78       0xe4 ./platform/emlib/src/em_cmu.o
                0x0000ad78                CMU_HFXOAutostartEnable
 .text.CORE_EnterCritical
                0x0000ae5c        0x8 ./platform/emlib/src/em_core.o
                0x0000ae5c                CORE_EnterCritical
 .text.CORE_ExitCritical
                0x0000ae64        0x8 ./platform/emlib/src/em_core.o
                0x0000ae64                CORE_ExitCritical
 .text.CORE_EnterAtomic
                0x0000ae6c        0x8 ./platform/emlib/src/em_core.o
                0x0000ae6c                CORE_EnterAtomic
 .text.CORE_ExitAtomic
                0x0000ae74        0x4 ./platform/emlib/src/em_core.o
                0x0000ae74                CORE_ExitAtomic
 .text.CORE_SetNvicRamTableHandler
                0x0000ae78       0x10 ./platform/emlib/src/em_core.o
                0x0000ae78                CORE_SetNvicRamTableHandler
 .text.CORE_InitNvicVectorTable
                0x0000ae88       0x44 ./platform/emlib/src/em_core.o
                0x0000ae88                CORE_InitNvicVectorTable
 .text.CRYPTO_ModulusSet
                0x0000aecc       0x38 ./platform/emlib/src/em_crypto.o
                0x0000aecc                CRYPTO_ModulusSet
 .text.CRYPTO_KeyRead
                0x0000af04       0x2c ./platform/emlib/src/em_crypto.o
                0x0000af04                CRYPTO_KeyRead
 .text.lpGetDevinfoVrefLowHigh
                0x0000af30       0xdc ./platform/emlib/src/em_emu.o
 .text.vScaleDownEM23Setup
                0x0000b00c       0x30 ./platform/emlib/src/em_emu.o
 .text.vScaleAfterWakeup.part.1
                0x0000b03c       0x20 ./platform/emlib/src/em_emu.o
 .text.lpCmpHystCalibrationLoad.isra.2
                0x0000b05c       0x60 ./platform/emlib/src/em_emu.o
 .text.emState.part.3
                0x0000b0bc       0xc0 ./platform/emlib/src/em_emu.o
 .text.emState.constprop.5
                0x0000b17c       0x50 ./platform/emlib/src/em_emu.o
 .text.EMU_EnterEM2
                0x0000b1cc       0x4c ./platform/emlib/src/em_emu.o
                0x0000b1cc                EMU_EnterEM2
 .text.EMU_EnterEM3
                0x0000b218       0x68 ./platform/emlib/src/em_emu.o
                0x0000b218                EMU_EnterEM3
 .text.EMU_Save
                0x0000b280        0x4 ./platform/emlib/src/em_emu.o
                0x0000b280                EMU_Save
 .text.EMU_Restore
                0x0000b284        0x4 ./platform/emlib/src/em_emu.o
                0x0000b284                EMU_Restore
 .text.EMU_EnterEM4
                0x0000b288       0x30 ./platform/emlib/src/em_emu.o
                0x0000b288                EMU_EnterEM4
 .text.EMU_VScaleEM01
                0x0000b2b8       0x78 ./platform/emlib/src/em_emu.o
                0x0000b2b8                EMU_VScaleEM01
 .text.EMU_VScaleEM01ByClock
                0x0000b330       0x50 ./platform/emlib/src/em_emu.o
                0x0000b330                EMU_VScaleEM01ByClock
 .text.EMU_EM01Init
                0x0000b380       0x14 ./platform/emlib/src/em_emu.o
                0x0000b380                EMU_EM01Init
 .text.EMU_EM23Init
                0x0000b394       0x24 ./platform/emlib/src/em_emu.o
                0x0000b394                EMU_EM23Init
 .text.EMU_DCDCModeSet
                0x0000b3b8       0x84 ./platform/emlib/src/em_emu.o
                0x0000b3b8                EMU_DCDCModeSet
 .text.EMU_DCDCOutputVoltageSet
                0x0000b43c      0x16c ./platform/emlib/src/em_emu.o
                0x0000b43c                EMU_DCDCOutputVoltageSet
 .text.EMU_DCDCOptimizeSlice
                0x0000b5a8       0xf8 ./platform/emlib/src/em_emu.o
                0x0000b5a8                EMU_DCDCOptimizeSlice
 .text.EMU_DCDCInit
                0x0000b6a0      0x10c ./platform/emlib/src/em_emu.o
                0x0000b6a0                EMU_DCDCInit
 .text.EMU_DCDCLnRcoBandSet
                0x0000b7ac       0x24 ./platform/emlib/src/em_emu.o
                0x0000b7ac                EMU_DCDCLnRcoBandSet
 .text.GPIO_PinModeSet
                0x0000b7d0       0x94 ./platform/emlib/src/em_gpio.o
                0x0000b7d0                GPIO_PinModeSet
 .text.MSC_Init
                0x0000b864       0x20 ./platform/emlib/src/em_msc.o
                0x0000b864                MSC_Init
 .text.MSC_Deinit
                0x0000b884       0x14 ./platform/emlib/src/em_msc.o
                0x0000b884                MSC_Deinit
 .text.RMU_ResetCauseClear
                0x0000b898        0xc ./platform/emlib/src/em_rmu.o
                0x0000b898                RMU_ResetCauseClear
 .text.RMU_ResetCauseGet
                0x0000b8a4       0x60 ./platform/emlib/src/em_rmu.o
                0x0000b8a4                RMU_ResetCauseGet
 .text.RTCC_Init
                0x0000b904       0x64 ./platform/emlib/src/em_rtcc.o
                0x0000b904                RTCC_Init
 .text.SYSTEM_ChipRevisionGet
                0x0000b968       0x34 ./platform/emlib/src/em_system.o
                0x0000b968                SYSTEM_ChipRevisionGet
 .text.USART_BaudrateAsyncSet
                0x0000b99c       0x68 ./platform/emlib/src/em_usart.o
                0x0000b99c                USART_BaudrateAsyncSet
 .text.USART_Enable
                0x0000ba04       0x10 ./platform/emlib/src/em_usart.o
                0x0000ba04                USART_Enable
 .text.USART_InitAsync
                0x0000ba14       0xbc ./platform/emlib/src/em_usart.o
                0x0000ba14                USART_InitAsync
 .text.USART_InitSync
                0x0000bad0       0xe0 ./platform/emlib/src/em_usart.o
                0x0000bad0                USART_InitSync
 .text.USART_Reset
                0x0000bbb0       0x58 ./platform/emlib/src/em_usart.o
                0x0000bbb0                USART_Reset
 .text.USART_Rx
                0x0000bc08        0xc ./platform/emlib/src/em_usart.o
                0x0000bc08                USART_Rx
 .text.USART_SpiTransfer
                0x0000bc14       0x14 ./platform/emlib/src/em_usart.o
                0x0000bc14                USART_SpiTransfer
 .text.USART_Tx
                0x0000bc28        0xc ./platform/emlib/src/em_usart.o
                0x0000bc28                USART_Tx
 .text.convert_scan_respone_packet_type.isra.0
                0x0000bc34       0x44 C:\Users\poorn\SimplicityStudio\v4_workspace\soc-thermometer-client\protocol\bluetooth\lib\EFR32BG13P\GCC\libbluetooth.a(bgapi.c.obj)
 .text.bgapi_ubt_listener
                0x0000bc78      0x3fc C:\Users\poorn\SimplicityStudio\v4_workspace\soc-thermometer-client\protocol\bluetooth\lib\EFR32BG13P\GCC\libbluetooth.a(bgapi.c.obj)
                0x0000bc78                bgapi_ubt_listener
 .text.register_message_handler
                0x0000c074        0xc C:\Users\poorn\SimplicityStudio\v4_workspace\soc-thermometer-client\protocol\bluetooth\lib\EFR32BG13P\GCC\libbluetooth.a(bgapi.c.obj)
                0x0000c074                register_message_handler
 .text.bgapi_init
                0x0000c080       0x1c C:\Users\poorn\SimplicityStudio\v4_workspace\soc-thermometer-client\protocol\bluetooth\lib\EFR32BG13P\GCC\libbluetooth.a(bgapi.c.obj)
                0x0000c080                bgapi_init
 .text.bgapi_buffer_init
                0x0000c09c       0x30 C:\Users\poorn\SimplicityStudio\v4_workspace\soc-thermometer-client\protocol\bluetooth\lib\EFR32BG13P\GCC\libbluetooth.a(bgapi.c.obj)
                0x0000c09c                bgapi_buffer_init
 .text.bg_set_max_tx_power
                0x0000c0cc       0x68 C:\Users\poorn\SimplicityStudio\v4_workspace\soc-thermometer-client\protocol\bluetooth\lib\EFR32BG13P\GCC\libbluetooth.a(bgapi.c.obj)
                0x0000c0cc                bg_set_max_tx_power
 .text.lib_le_gap_handler_init
                0x0000c134        0x2 C:\Users\poorn\SimplicityStudio\v4_workspace\soc-thermometer-client\protocol\bluetooth\lib\EFR32BG13P\GCC\libbluetooth.a(bgapi_gap.c.obj)
                0x0000c134                lib_le_gap_handler_init
 *fill*         0x0000c136        0x2 
 .text.sli_bt_cmd_le_gap_connect
                0x0000c138       0x5c C:\Users\poorn\SimplicityStudio\v4_workspace\soc-thermometer-client\protocol\bluetooth\lib\EFR32BG13P\GCC\libbluetooth.a(bgapi_gap.c.obj)
                0x0000c138                sli_bt_cmd_le_gap_connect
 .text.sli_bt_cmd_le_gap_end_procedure
                0x0000c194       0x2c C:\Users\poorn\SimplicityStudio\v4_workspace\soc-thermometer-client\protocol\bluetooth\lib\EFR32BG13P\GCC\libbluetooth.a(bgapi_gap.c.obj)
                0x0000c194                sli_bt_cmd_le_gap_end_procedure
 .text.sli_bt_cmd_le_gap_set_conn_parameters
                0x0000c1c0       0x38 C:\Users\poorn\SimplicityStudio\v4_workspace\soc-thermometer-client\protocol\bluetooth\lib\EFR32BG13P\GCC\libbluetooth.a(bgapi_gap.c.obj)
                0x0000c1c0                sli_bt_cmd_le_gap_set_conn_parameters
 .text.sli_bt_cmd_le_gap_set_discovery_timing
                0x0000c1f8       0x34 C:\Users\poorn\SimplicityStudio\v4_workspace\soc-thermometer-client\protocol\bluetooth\lib\EFR32BG13P\GCC\libbluetooth.a(bgapi_gap.c.obj)
                0x0000c1f8                sli_bt_cmd_le_gap_set_discovery_timing
 .text.sli_bt_cmd_le_gap_set_discovery_type
                0x0000c22c       0x30 C:\Users\poorn\SimplicityStudio\v4_workspace\soc-thermometer-client\protocol\bluetooth\lib\EFR32BG13P\GCC\libbluetooth.a(bgapi_gap.c.obj)
                0x0000c22c                sli_bt_cmd_le_gap_set_discovery_type
 .text.sli_bt_cmd_le_gap_start_discovery
                0x0000c25c       0x30 C:\Users\poorn\SimplicityStudio\v4_workspace\soc-thermometer-client\protocol\bluetooth\lib\EFR32BG13P\GCC\libbluetooth.a(bgapi_gap.c.obj)
                0x0000c25c                sli_bt_cmd_le_gap_start_discovery
 .text.bgapi_gatt_listener
                0x0000c28c      0x28c C:\Users\poorn\SimplicityStudio\v4_workspace\soc-thermometer-client\protocol\bluetooth\lib\EFR32BG13P\GCC\libbluetooth.a(bgapi_gatt.c.obj)
                0x0000c28c                bgapi_gatt_listener
 .text.lib_gatt_handler_init
                0x0000c518        0x4 C:\Users\poorn\SimplicityStudio\v4_workspace\soc-thermometer-client\protocol\bluetooth\lib\EFR32BG13P\GCC\libbluetooth.a(bgapi_gatt_lib.c.obj)
                0x0000c518                lib_gatt_handler_init
 .text.lib_gatt_server_handler_init
                0x0000c51c        0x2 C:\Users\poorn\SimplicityStudio\v4_workspace\soc-thermometer-client\protocol\bluetooth\lib\EFR32BG13P\GCC\libbluetooth.a(bgapi_gatt_lib.c.obj)
                0x0000c51c                lib_gatt_server_handler_init
 *fill*         0x0000c51e        0x2 
 .text.sli_bt_cmd_gatt_discover_primary_services_by_uuid
                0x0000c520       0x44 C:\Users\poorn\SimplicityStudio\v4_workspace\soc-thermometer-client\protocol\bluetooth\lib\EFR32BG13P\GCC\libbluetooth.a(bgapi_gatt_lib.c.obj)
                0x0000c520                sli_bt_cmd_gatt_discover_primary_services_by_uuid
 .text.sli_bt_cmd_gatt_discover_characteristics_by_uuid
                0x0000c564       0x44 C:\Users\poorn\SimplicityStudio\v4_workspace\soc-thermometer-client\protocol\bluetooth\lib\EFR32BG13P\GCC\libbluetooth.a(bgapi_gatt_lib.c.obj)
                0x0000c564                sli_bt_cmd_gatt_discover_characteristics_by_uuid
 .text.sli_bt_cmd_gatt_set_characteristic_notification
                0x0000c5a8       0x34 C:\Users\poorn\SimplicityStudio\v4_workspace\soc-thermometer-client\protocol\bluetooth\lib\EFR32BG13P\GCC\libbluetooth.a(bgapi_gatt_lib.c.obj)
                0x0000c5a8                sli_bt_cmd_gatt_set_characteristic_notification
 .text.sli_bt_cmd_gatt_server_send_user_write_response
                0x0000c5dc       0x34 C:\Users\poorn\SimplicityStudio\v4_workspace\soc-thermometer-client\protocol\bluetooth\lib\EFR32BG13P\GCC\libbluetooth.a(bgapi_gatt_lib.c.obj)
                0x0000c5dc                sli_bt_cmd_gatt_server_send_user_write_response
 .text.sli_bt_cmd_gatt_send_characteristic_confirmation
                0x0000c610       0x2c C:\Users\poorn\SimplicityStudio\v4_workspace\soc-thermometer-client\protocol\bluetooth\lib\EFR32BG13P\GCC\libbluetooth.a(bgapi_gatt_lib.c.obj)
                0x0000c610                sli_bt_cmd_gatt_send_characteristic_confirmation
 .text.lib_le_connection_handler_init
                0x0000c63c        0x2 C:\Users\poorn\SimplicityStudio\v4_workspace\soc-thermometer-client\protocol\bluetooth\lib\EFR32BG13P\GCC\libbluetooth.a(bgapi_le_connection.c.obj)
                0x0000c63c                lib_le_connection_handler_init
 *fill*         0x0000c63e        0x2 
 .text.sli_bt_cmd_le_connection_get_rssi
                0x0000c640       0x2c C:\Users\poorn\SimplicityStudio\v4_workspace\soc-thermometer-client\protocol\bluetooth\lib\EFR32BG13P\GCC\libbluetooth.a(bgapi_le_connection.c.obj)
                0x0000c640                sli_bt_cmd_le_connection_get_rssi
 .text.bgapi_close_le_connection
                0x0000c66c       0x16 C:\Users\poorn\SimplicityStudio\v4_workspace\soc-thermometer-client\protocol\bluetooth\lib\EFR32BG13P\GCC\libbluetooth.a(bgapi_le_connection.c.obj)
                0x0000c66c                bgapi_close_le_connection
 *fill*         0x0000c682        0x2 
 .text.sli_bt_cmd_le_connection_close
                0x0000c684       0x2c C:\Users\poorn\SimplicityStudio\v4_workspace\soc-thermometer-client\protocol\bluetooth\lib\EFR32BG13P\GCC\libbluetooth.a(bgapi_le_connection.c.obj)
                0x0000c684                sli_bt_cmd_le_connection_close
 .text.bgapi_system_listener
                0x0000c6b0       0x30 C:\Users\poorn\SimplicityStudio\v4_workspace\soc-thermometer-client\protocol\bluetooth\lib\EFR32BG13P\GCC\libbluetooth.a(bgapi_system.c.obj)
                0x0000c6b0                bgapi_system_listener
 .text.lib_system_handler_init
                0x0000c6e0       0x14 C:\Users\poorn\SimplicityStudio\v4_workspace\soc-thermometer-client\protocol\bluetooth\lib\EFR32BG13P\GCC\libbluetooth.a(bgapi_system.c.obj)
                0x0000c6e0                lib_system_handler_init
 .text.sli_bt_cmd_system_reset
                0x0000c6f4        0x6 C:\Users\poorn\SimplicityStudio\v4_workspace\soc-thermometer-client\protocol\bluetooth\lib\EFR32BG13P\GCC\libbluetooth.a(bgapi_system.c.obj)
                0x0000c6f4                sli_bt_cmd_system_reset
 *fill*         0x0000c6fa        0x2 
 .text.bgbuf_alloc_int
                0x0000c6fc       0x9c C:\Users\poorn\SimplicityStudio\v4_workspace\soc-thermometer-client\protocol\bluetooth\lib\EFR32BG13P\GCC\libbluetooth.a(bgbuf.c.obj)
 .text.bgbuf_init
                0x0000c798       0x2c C:\Users\poorn\SimplicityStudio\v4_workspace\soc-thermometer-client\protocol\bluetooth\lib\EFR32BG13P\GCC\libbluetooth.a(bgbuf.c.obj)
                0x0000c798                bgbuf_init
 .text.bgbuf_alloc
                0x0000c7c4        0xc C:\Users\poorn\SimplicityStudio\v4_workspace\soc-thermometer-client\protocol\bluetooth\lib\EFR32BG13P\GCC\libbluetooth.a(bgbuf.c.obj)
                0x0000c7c4                bgbuf_alloc
 .text.bgbuf_alloc_size
                0x0000c7d0       0x10 C:\Users\poorn\SimplicityStudio\v4_workspace\soc-thermometer-client\protocol\bluetooth\lib\EFR32BG13P\GCC\libbluetooth.a(bgbuf.c.obj)
                0x0000c7d0                bgbuf_alloc_size
 .text.bgbuf_free
                0x0000c7e0       0x7c C:\Users\poorn\SimplicityStudio\v4_workspace\soc-thermometer-client\protocol\bluetooth\lib\EFR32BG13P\GCC\libbluetooth.a(bgbuf.c.obj)
                0x0000c7e0                bgbuf_free
 .text.bgbuf_append
                0x0000c85c       0x16 C:\Users\poorn\SimplicityStudio\v4_workspace\soc-thermometer-client\protocol\bluetooth\lib\EFR32BG13P\GCC\libbluetooth.a(bgbuf.c.obj)
                0x0000c85c                bgbuf_append
 .text.bgbuf_append_data
                0x0000c872       0x24 C:\Users\poorn\SimplicityStudio\v4_workspace\soc-thermometer-client\protocol\bluetooth\lib\EFR32BG13P\GCC\libbluetooth.a(bgbuf.c.obj)
                0x0000c872                bgbuf_append_data
 .text.bgbuf_copy_to
                0x0000c896       0x5e C:\Users\poorn\SimplicityStudio\v4_workspace\soc-thermometer-client\protocol\bluetooth\lib\EFR32BG13P\GCC\libbluetooth.a(bgbuf.c.obj)
                0x0000c896                bgbuf_copy_to
 .text.bgbuf_chain_free
                0x0000c8f4       0x14 C:\Users\poorn\SimplicityStudio\v4_workspace\soc-thermometer-client\protocol\bluetooth\lib\EFR32BG13P\GCC\libbluetooth.a(bgbuf.c.obj)
                0x0000c8f4                bgbuf_chain_free
 .text.bgbuf_clone
                0x0000c908       0x72 C:\Users\poorn\SimplicityStudio\v4_workspace\soc-thermometer-client\protocol\bluetooth\lib\EFR32BG13P\GCC\libbluetooth.a(bgbuf.c.obj)
                0x0000c908                bgbuf_clone
 .text.bgbuf_chain_pop_packet
                0x0000c97a       0x26 C:\Users\poorn\SimplicityStudio\v4_workspace\soc-thermometer-client\protocol\bluetooth\lib\EFR32BG13P\GCC\libbluetooth.a(bgbuf.c.obj)
                0x0000c97a                bgbuf_chain_pop_packet
 .text.bgbuf_prepend_no_alloc
                0x0000c9a0       0x40 C:\Users\poorn\SimplicityStudio\v4_workspace\soc-thermometer-client\protocol\bluetooth\lib\EFR32BG13P\GCC\libbluetooth.a(bgbuf.c.obj)
                0x0000c9a0                bgbuf_prepend_no_alloc
 .text.bgbuf_prepend
                0x0000c9e0       0x24 C:\Users\poorn\SimplicityStudio\v4_workspace\soc-thermometer-client\protocol\bluetooth\lib\EFR32BG13P\GCC\libbluetooth.a(bgbuf.c.obj)
                0x0000c9e0                bgbuf_prepend
 .text.bgbuf_split
                0x0000ca04       0x50 C:\Users\poorn\SimplicityStudio\v4_workspace\soc-thermometer-client\protocol\bluetooth\lib\EFR32BG13P\GCC\libbluetooth.a(bgbuf.c.obj)
                0x0000ca04                bgbuf_split
 .text.bgbuf_chain_get
                0x0000ca54       0x46 C:\Users\poorn\SimplicityStudio\v4_workspace\soc-thermometer-client\protocol\bluetooth\lib\EFR32BG13P\GCC\libbluetooth.a(bgbuf.c.obj)
                0x0000ca54                bgbuf_chain_get
 .text.bgbuf_chain_get_head
                0x0000ca9a       0x10 C:\Users\poorn\SimplicityStudio\v4_workspace\soc-thermometer-client\protocol\bluetooth\lib\EFR32BG13P\GCC\libbluetooth.a(bgbuf.c.obj)
                0x0000ca9a                bgbuf_chain_get_head
 .text.bgbuf_chain_len
                0x0000caaa       0x14 C:\Users\poorn\SimplicityStudio\v4_workspace\soc-thermometer-client\protocol\bluetooth\lib\EFR32BG13P\GCC\libbluetooth.a(bgbuf.c.obj)
                0x0000caaa                bgbuf_chain_len
 .text.bgbuf_memcmp
                0x0000cabe       0x44 C:\Users\poorn\SimplicityStudio\v4_workspace\soc-thermometer-client\protocol\bluetooth\lib\EFR32BG13P\GCC\libbluetooth.a(bgbuf.c.obj)
                0x0000cabe                bgbuf_memcmp
 .text.bgbuf_cmp
                0x0000cb02       0xac C:\Users\poorn\SimplicityStudio\v4_workspace\soc-thermometer-client\protocol\bluetooth\lib\EFR32BG13P\GCC\libbluetooth.a(bgbuf.c.obj)
                0x0000cb02                bgbuf_cmp
 .text.bgbuf_chain_add
                0x0000cbae       0x14 C:\Users\poorn\SimplicityStudio\v4_workspace\soc-thermometer-client\protocol\bluetooth\lib\EFR32BG13P\GCC\libbluetooth.a(bgbuf.c.obj)
                0x0000cbae                bgbuf_chain_add
 .text.bgbuf_chain_append_data
                0x0000cbc2       0x64 C:\Users\poorn\SimplicityStudio\v4_workspace\soc-thermometer-client\protocol\bluetooth\lib\EFR32BG13P\GCC\libbluetooth.a(bgbuf.c.obj)
                0x0000cbc2                bgbuf_chain_append_data
 .text.bgbuf_alloc_copy_data
                0x0000cc26       0x2a C:\Users\poorn\SimplicityStudio\v4_workspace\soc-thermometer-client\protocol\bluetooth\lib\EFR32BG13P\GCC\libbluetooth.a(bgbuf.c.obj)
                0x0000cc26                bgbuf_alloc_copy_data
 .text.bgbuf_chain_drop
                0x0000cc50       0x2c C:\Users\poorn\SimplicityStudio\v4_workspace\soc-thermometer-client\protocol\bluetooth\lib\EFR32BG13P\GCC\libbluetooth.a(bgbuf.c.obj)
                0x0000cc50                bgbuf_chain_drop
 .text.bgbuf_chain_drop_end
                0x0000cc7c       0x42 C:\Users\poorn\SimplicityStudio\v4_workspace\soc-thermometer-client\protocol\bluetooth\lib\EFR32BG13P\GCC\libbluetooth.a(bgbuf.c.obj)
                0x0000cc7c                bgbuf_chain_drop_end
 .text.bgbuf_chain_defragment
                0x0000ccbe       0x8c C:\Users\poorn\SimplicityStudio\v4_workspace\soc-thermometer-client\protocol\bluetooth\lib\EFR32BG13P\GCC\libbluetooth.a(bgbuf.c.obj)
                0x0000ccbe                bgbuf_chain_defragment
 *fill*         0x0000cd4a        0x2 
 .text.bgbuf_add_callback
                0x0000cd4c       0x1c C:\Users\poorn\SimplicityStudio\v4_workspace\soc-thermometer-client\protocol\bluetooth\lib\EFR32BG13P\GCC\libbluetooth.a(bgbuf.c.obj)
                0x0000cd4c                bgbuf_add_callback
 .text.gecko_init_alloc
                0x0000cd68       0x38 C:\Users\poorn\SimplicityStudio\v4_workspace\soc-thermometer-client\protocol\bluetooth\lib\EFR32BG13P\GCC\libbluetooth.a(bglib.c.obj)
                0x0000cd68                gecko_init_alloc
 .text.user_signal_message_handler
                0x0000cda0       0x2c C:\Users\poorn\SimplicityStudio\v4_workspace\soc-thermometer-client\protocol\bluetooth\lib\EFR32BG13P\GCC\libbluetooth.a(bglib.c.obj)
 .text.gecko_process_event
                0x0000cdcc       0x5c C:\Users\poorn\SimplicityStudio\v4_workspace\soc-thermometer-client\protocol\bluetooth\lib\EFR32BG13P\GCC\libbluetooth.a(bglib.c.obj)
 .text.check_ctune_override
                0x0000ce28       0x2c C:\Users\poorn\SimplicityStudio\v4_workspace\soc-thermometer-client\protocol\bluetooth\lib\EFR32BG13P\GCC\libbluetooth.a(bglib.c.obj)
                0x0000ce28                check_ctune_override
 .text.gecko_stack_init
                0x0000ce54      0x250 C:\Users\poorn\SimplicityStudio\v4_workspace\soc-thermometer-client\protocol\bluetooth\lib\EFR32BG13P\GCC\libbluetooth.a(bglib.c.obj)
                0x0000ce54                gecko_stack_init
 .text.gecko_wait_event
                0x0000d0a4        0x6 C:\Users\poorn\SimplicityStudio\v4_workspace\soc-thermometer-client\protocol\bluetooth\lib\EFR32BG13P\GCC\libbluetooth.a(bglib.c.obj)
                0x0000d0a4                gecko_wait_event
 *fill*         0x0000d0aa        0x2 
 .text.gecko_stack_update_callback
                0x0000d0ac       0x10 C:\Users\poorn\SimplicityStudio\v4_workspace\soc-thermometer-client\protocol\bluetooth\lib\EFR32BG13P\GCC\libbluetooth.a(bglib.c.obj)
                0x0000d0ac                gecko_stack_update_callback
 .text.gecko_external_signal
                0x0000d0bc       0x1c C:\Users\poorn\SimplicityStudio\v4_workspace\soc-thermometer-client\protocol\bluetooth\lib\EFR32BG13P\GCC\libbluetooth.a(bglib.c.obj)
                0x0000d0bc                gecko_external_signal
 .text.bootloader_getInfo
                0x0000d0d8       0x58 C:\Users\poorn\SimplicityStudio\v4_workspace\soc-thermometer-client\protocol\bluetooth\lib\EFR32BG13P\GCC\libbluetooth.a(btl_interface.c.obj)
                0x0000d0d8                bootloader_getInfo
 .text.bg_hal_get_current_ctune
                0x0000d130       0x14 C:\Users\poorn\SimplicityStudio\v4_workspace\soc-thermometer-client\protocol\bluetooth\lib\EFR32BG13P\GCC\libbluetooth.a(efr32xg1x.c.obj)
                0x0000d130                bg_hal_get_current_ctune
 .text.bg_hal_set_ctune
                0x0000d144       0x64 C:\Users\poorn\SimplicityStudio\v4_workspace\soc-thermometer-client\protocol\bluetooth\lib\EFR32BG13P\GCC\libbluetooth.a(efr32xg1x.c.obj)
                0x0000d144                bg_hal_set_ctune
 .text.bg_hal_get_le_phys
                0x0000d1a8        0x4 C:\Users\poorn\SimplicityStudio\v4_workspace\soc-thermometer-client\protocol\bluetooth\lib\EFR32BG13P\GCC\libbluetooth.a(efr32xg1x.c.obj)
                0x0000d1a8                bg_hal_get_le_phys
 .text.bg_hal_has_high_power_pa
                0x0000d1ac       0x10 C:\Users\poorn\SimplicityStudio\v4_workspace\soc-thermometer-client\protocol\bluetooth\lib\EFR32BG13P\GCC\libbluetooth.a(efr32xg1x.c.obj)
                0x0000d1ac                bg_hal_has_high_power_pa
 .text.bg_hal_init_hfbus_clocks
                0x0000d1bc       0x14 C:\Users\poorn\SimplicityStudio\v4_workspace\soc-thermometer-client\protocol\bluetooth\lib\EFR32BG13P\GCC\libbluetooth.a(efr32xg1x.c.obj)
                0x0000d1bc                bg_hal_init_hfbus_clocks
 .text.gap_is_scanning_or_advertising.part.0
                0x0000d1d0       0x2c C:\Users\poorn\SimplicityStudio\v4_workspace\soc-thermometer-client\protocol\bluetooth\lib\EFR32BG13P\GCC\libbluetooth.a(gap.c.obj)
 .text.gap_is_resolvable
                0x0000d1fc       0x18 C:\Users\poorn\SimplicityStudio\v4_workspace\soc-thermometer-client\protocol\bluetooth\lib\EFR32BG13P\GCC\libbluetooth.a(gap.c.obj)
                0x0000d1fc                gap_is_resolvable
 .text.gap_init
                0x0000d214       0x14 C:\Users\poorn\SimplicityStudio\v4_workspace\soc-thermometer-client\protocol\bluetooth\lib\EFR32BG13P\GCC\libbluetooth.a(gap.c.obj)
                0x0000d214                gap_init
 .text.gap_reset_state
                0x0000d228       0xac C:\Users\poorn\SimplicityStudio\v4_workspace\soc-thermometer-client\protocol\bluetooth\lib\EFR32BG13P\GCC\libbluetooth.a(gap.c.obj)
                0x0000d228                gap_reset_state
 .text.gap_notify_connection_parameters
                0x0000d2d4       0x60 C:\Users\poorn\SimplicityStudio\v4_workspace\soc-thermometer-client\protocol\bluetooth\lib\EFR32BG13P\GCC\libbluetooth.a(gap.c.obj)
                0x0000d2d4                gap_notify_connection_parameters
 .text.gap_connection_complete.part.4
                0x0000d334       0xc8 C:\Users\poorn\SimplicityStudio\v4_workspace\soc-thermometer-client\protocol\bluetooth\lib\EFR32BG13P\GCC\libbluetooth.a(gap.c.obj)
 .text.gap_notify_phy_status
                0x0000d3fc       0x3c C:\Users\poorn\SimplicityStudio\v4_workspace\soc-thermometer-client\protocol\bluetooth\lib\EFR32BG13P\GCC\libbluetooth.a(gap.c.obj)
                0x0000d3fc                gap_notify_phy_status
 .text.gap_resolver_completed
                0x0000d438       0x90 C:\Users\poorn\SimplicityStudio\v4_workspace\soc-thermometer-client\protocol\bluetooth\lib\EFR32BG13P\GCC\libbluetooth.a(gap.c.obj)
                0x0000d438                gap_resolver_completed
 .text.ubt_gap_set_le_connection_parameters
                0x0000d4c8       0xa0 C:\Users\poorn\SimplicityStudio\v4_workspace\soc-thermometer-client\protocol\bluetooth\lib\EFR32BG13P\GCC\libbluetooth.a(gap.c.obj)
                0x0000d4c8                ubt_gap_set_le_connection_parameters
 .text.check_private_address_and_timer
                0x0000d568       0x64 C:\Users\poorn\SimplicityStudio\v4_workspace\soc-thermometer-client\protocol\bluetooth\lib\EFR32BG13P\GCC\libbluetooth.a(gap.c.obj)
                0x0000d568                check_private_address_and_timer
 .text.gap_scan_update
                0x0000d5cc       0xb8 C:\Users\poorn\SimplicityStudio\v4_workspace\soc-thermometer-client\protocol\bluetooth\lib\EFR32BG13P\GCC\libbluetooth.a(gap.c.obj)
                0x0000d5cc                gap_scan_update
 .text.gap_listener
                0x0000d684       0xa0 C:\Users\poorn\SimplicityStudio\v4_workspace\soc-thermometer-client\protocol\bluetooth\lib\EFR32BG13P\GCC\libbluetooth.a(gap.c.obj)
                0x0000d684                gap_listener
 .text.ubt_gap_end_le_procedure
                0x0000d724       0x2c C:\Users\poorn\SimplicityStudio\v4_workspace\soc-thermometer-client\protocol\bluetooth\lib\EFR32BG13P\GCC\libbluetooth.a(gap.c.obj)
                0x0000d724                ubt_gap_end_le_procedure
 .text.gap_disconnect_acl
                0x0000d750       0x12 C:\Users\poorn\SimplicityStudio\v4_workspace\soc-thermometer-client\protocol\bluetooth\lib\EFR32BG13P\GCC\libbluetooth.a(gap.c.obj)
                0x0000d750                gap_disconnect_acl
 *fill*         0x0000d762        0x2 
 .text.gap_connection_disconnected
                0x0000d764       0x34 C:\Users\poorn\SimplicityStudio\v4_workspace\soc-thermometer-client\protocol\bluetooth\lib\EFR32BG13P\GCC\libbluetooth.a(gap.c.obj)
                0x0000d764                gap_connection_disconnected
 .text.gap_connection_complete
                0x0000d798       0x5c C:\Users\poorn\SimplicityStudio\v4_workspace\soc-thermometer-client\protocol\bluetooth\lib\EFR32BG13P\GCC\libbluetooth.a(gap.c.obj)
                0x0000d798                gap_connection_complete
 .text.gap_encryption_changed
                0x0000d7f4       0x50 C:\Users\poorn\SimplicityStudio\v4_workspace\soc-thermometer-client\protocol\bluetooth\lib\EFR32BG13P\GCC\libbluetooth.a(gap.c.obj)
                0x0000d7f4                gap_encryption_changed
 .text.ubt_gap_set_static_address_identity
                0x0000d844       0x50 C:\Users\poorn\SimplicityStudio\v4_workspace\soc-thermometer-client\protocol\bluetooth\lib\EFR32BG13P\GCC\libbluetooth.a(gap.c.obj)
                0x0000d844                ubt_gap_set_static_address_identity
 .text.ubt_gap_get_identity_address
                0x0000d894       0x1c C:\Users\poorn\SimplicityStudio\v4_workspace\soc-thermometer-client\protocol\bluetooth\lib\EFR32BG13P\GCC\libbluetooth.a(gap.c.obj)
                0x0000d894                ubt_gap_get_identity_address
 .text.gap_acl_new
                0x0000d8b0       0x30 C:\Users\poorn\SimplicityStudio\v4_workspace\soc-thermometer-client\protocol\bluetooth\lib\EFR32BG13P\GCC\libbluetooth.a(gap.c.obj)
                0x0000d8b0                gap_acl_new
 .text.gap_open_acl
                0x0000d8e0      0x130 C:\Users\poorn\SimplicityStudio\v4_workspace\soc-thermometer-client\protocol\bluetooth\lib\EFR32BG13P\GCC\libbluetooth.a(gap.c.obj)
                0x0000d8e0                gap_open_acl
 .text.ubt_gap_get_identity_address_type
                0x0000da10       0x10 C:\Users\poorn\SimplicityStudio\v4_workspace\soc-thermometer-client\protocol\bluetooth\lib\EFR32BG13P\GCC\libbluetooth.a(gap.c.obj)
                0x0000da10                ubt_gap_get_identity_address_type
 .text.to_scanning_phy_index
                0x0000da20        0x8 C:\Users\poorn\SimplicityStudio\v4_workspace\soc-thermometer-client\protocol\bluetooth\lib\EFR32BG13P\GCC\libbluetooth.a(gap.c.obj)
                0x0000da20                to_scanning_phy_index
 .text.use_legacy_advertising
                0x0000da28       0x36 C:\Users\poorn\SimplicityStudio\v4_workspace\soc-thermometer-client\protocol\bluetooth\lib\EFR32BG13P\GCC\libbluetooth.a(gap_adv.c.obj)
 *fill*         0x0000da5e        0x2 
 .text.gap_alloc_mem
                0x0000da60       0x2c C:\Users\poorn\SimplicityStudio\v4_workspace\soc-thermometer-client\protocol\bluetooth\lib\EFR32BG13P\GCC\libbluetooth.a(gap_adv.c.obj)
                0x0000da60                gap_alloc_mem
 .text.gap_adv_terminated_callback
                0x0000da8c       0x60 C:\Users\poorn\SimplicityStudio\v4_workspace\soc-thermometer-client\protocol\bluetooth\lib\EFR32BG13P\GCC\libbluetooth.a(gap_adv.c.obj)
                0x0000da8c                gap_adv_terminated_callback
 .text.gap_set_advertising_timeout
                0x0000daec       0x7c C:\Users\poorn\SimplicityStudio\v4_workspace\soc-thermometer-client\protocol\bluetooth\lib\EFR32BG13P\GCC\libbluetooth.a(gap_adv.c.obj)
                0x0000daec                gap_set_advertising_timeout
 .text.gap_get_advertising_scan_report_enable
                0x0000db68       0x24 C:\Users\poorn\SimplicityStudio\v4_workspace\soc-thermometer-client\protocol\bluetooth\lib\EFR32BG13P\GCC\libbluetooth.a(gap_adv.c.obj)
                0x0000db68                gap_get_advertising_scan_report_enable
 .text.gap_adv_update
                0x0000db8c      0x1d0 C:\Users\poorn\SimplicityStudio\v4_workspace\soc-thermometer-client\protocol\bluetooth\lib\EFR32BG13P\GCC\libbluetooth.a(gap_adv.c.obj)
                0x0000db8c                gap_adv_update
 .text.gap_address_resolver_step
                0x0000dd5c       0x94 C:\Users\poorn\SimplicityStudio\v4_workspace\soc-thermometer-client\protocol\bluetooth\lib\EFR32BG13P\GCC\libbluetooth.a(gap_resolver.c.obj)
                0x0000dd5c                gap_address_resolver_step
 .text.gap_resolver_start
                0x0000ddf0       0x40 C:\Users\poorn\SimplicityStudio\v4_workspace\soc-thermometer-client\protocol\bluetooth\lib\EFR32BG13P\GCC\libbluetooth.a(gap_resolver.c.obj)
                0x0000ddf0                gap_resolver_start
 .text.validate_scanning_phymask
                0x0000de30       0x30 C:\Users\poorn\SimplicityStudio\v4_workspace\soc-thermometer-client\protocol\bluetooth\lib\EFR32BG13P\GCC\libbluetooth.a(gap_scan.c.obj)
 .text.gap_status_set_scan_packet
                0x0000de60       0x20 C:\Users\poorn\SimplicityStudio\v4_workspace\soc-thermometer-client\protocol\bluetooth\lib\EFR32BG13P\GCC\libbluetooth.a(gap_scan.c.obj)
                0x0000de60                gap_status_set_scan_packet
 .text.gat_status_get_scan_packet
                0x0000de80        0xc C:\Users\poorn\SimplicityStudio\v4_workspace\soc-thermometer-client\protocol\bluetooth\lib\EFR32BG13P\GCC\libbluetooth.a(gap_scan.c.obj)
                0x0000de80                gat_status_get_scan_packet
 .text.gap_status_set_scan_response
                0x0000de8c       0x20 C:\Users\poorn\SimplicityStudio\v4_workspace\soc-thermometer-client\protocol\bluetooth\lib\EFR32BG13P\GCC\libbluetooth.a(gap_scan.c.obj)
                0x0000de8c                gap_status_set_scan_response
 .text.gat_status_get_scan_response
                0x0000deac        0xc C:\Users\poorn\SimplicityStudio\v4_workspace\soc-thermometer-client\protocol\bluetooth\lib\EFR32BG13P\GCC\libbluetooth.a(gap_scan.c.obj)
                0x0000deac                gat_status_get_scan_response
 .text.handle_scan_response_callback
                0x0000deb8      0x190 C:\Users\poorn\SimplicityStudio\v4_workspace\soc-thermometer-client\protocol\bluetooth\lib\EFR32BG13P\GCC\libbluetooth.a(gap_scan.c.obj)
                0x0000deb8                handle_scan_response_callback
 .text.ubt_gap_set_scan_parameters
                0x0000e048       0x4c C:\Users\poorn\SimplicityStudio\v4_workspace\soc-thermometer-client\protocol\bluetooth\lib\EFR32BG13P\GCC\libbluetooth.a(gap_scan.c.obj)
                0x0000e048                ubt_gap_set_scan_parameters
 .text.ubt_gap_set_scan_type
                0x0000e094       0x30 C:\Users\poorn\SimplicityStudio\v4_workspace\soc-thermometer-client\protocol\bluetooth\lib\EFR32BG13P\GCC\libbluetooth.a(gap_scan.c.obj)
                0x0000e094                ubt_gap_set_scan_type
 .text.ubt_gap_le_discover
                0x0000e0c4       0x68 C:\Users\poorn\SimplicityStudio\v4_workspace\soc-thermometer-client\protocol\bluetooth\lib\EFR32BG13P\GCC\libbluetooth.a(gap_scan.c.obj)
                0x0000e0c4                ubt_gap_le_discover
 .text.gatt_init
                0x0000e12c        0xc C:\Users\poorn\SimplicityStudio\v4_workspace\soc-thermometer-client\protocol\bluetooth\lib\EFR32BG13P\GCC\libbluetooth.a(gatt.c.obj)
                0x0000e12c                gatt_init
 .text.gatt_init_connection
                0x0000e138       0x50 C:\Users\poorn\SimplicityStudio\v4_workspace\soc-thermometer-client\protocol\bluetooth\lib\EFR32BG13P\GCC\libbluetooth.a(gatt.c.obj)
                0x0000e138                gatt_init_connection
 .text.gatt_free_connection
                0x0000e188       0x50 C:\Users\poorn\SimplicityStudio\v4_workspace\soc-thermometer-client\protocol\bluetooth\lib\EFR32BG13P\GCC\libbluetooth.a(gatt.c.obj)
                0x0000e188                gatt_free_connection
 .text.send_gatt_mtu_exchanged_event
                0x0000e1d8       0x2a C:\Users\poorn\SimplicityStudio\v4_workspace\soc-thermometer-client\protocol\bluetooth\lib\EFR32BG13P\GCC\libbluetooth.a(gatt.c.obj)
                0x0000e1d8                send_gatt_mtu_exchanged_event
 .text.gatt_start_procedure_timeout_timer
                0x0000e202       0x16 C:\Users\poorn\SimplicityStudio\v4_workspace\soc-thermometer-client\protocol\bluetooth\lib\EFR32BG13P\GCC\libbluetooth.a(gatt.c.obj)
                0x0000e202                gatt_start_procedure_timeout_timer
 .text.gatt_stop_procedure_timeout_timer
                0x0000e218        0x6 C:\Users\poorn\SimplicityStudio\v4_workspace\soc-thermometer-client\protocol\bluetooth\lib\EFR32BG13P\GCC\libbluetooth.a(gatt.c.obj)
                0x0000e218                gatt_stop_procedure_timeout_timer
 .text.gatt_start_procedure
                0x0000e21e       0x24 C:\Users\poorn\SimplicityStudio\v4_workspace\soc-thermometer-client\protocol\bluetooth\lib\EFR32BG13P\GCC\libbluetooth.a(gatt.c.obj)
                0x0000e21e                gatt_start_procedure
 .text.gatt_procedure_timeout
                0x0000e242       0x2e C:\Users\poorn\SimplicityStudio\v4_workspace\soc-thermometer-client\protocol\bluetooth\lib\EFR32BG13P\GCC\libbluetooth.a(gatt.c.obj)
                0x0000e242                gatt_procedure_timeout
 .text.gatt_listener
                0x0000e270       0x80 C:\Users\poorn\SimplicityStudio\v4_workspace\soc-thermometer-client\protocol\bluetooth\lib\EFR32BG13P\GCC\libbluetooth.a(gatt.c.obj)
 .text.gatt_get_connection
                0x0000e2f0        0xc C:\Users\poorn\SimplicityStudio\v4_workspace\soc-thermometer-client\protocol\bluetooth\lib\EFR32BG13P\GCC\libbluetooth.a(gatt.c.obj)
                0x0000e2f0                gatt_get_connection
 .text.gatt_get_next_connection
                0x0000e2fc       0x1a C:\Users\poorn\SimplicityStudio\v4_workspace\soc-thermometer-client\protocol\bluetooth\lib\EFR32BG13P\GCC\libbluetooth.a(gatt.c.obj)
                0x0000e2fc                gatt_get_next_connection
 .text.validate_gatt_connection_state
                0x0000e316       0x1c C:\Users\poorn\SimplicityStudio\v4_workspace\soc-thermometer-client\protocol\bluetooth\lib\EFR32BG13P\GCC\libbluetooth.a(gatt_client.c.obj)
 .text.free_params_data
                0x0000e332       0x16 C:\Users\poorn\SimplicityStudio\v4_workspace\soc-thermometer-client\protocol\bluetooth\lib\EFR32BG13P\GCC\libbluetooth.a(gatt_client.c.obj)
 .text.alloc_params_data
                0x0000e348       0x2c C:\Users\poorn\SimplicityStudio\v4_workspace\soc-thermometer-client\protocol\bluetooth\lib\EFR32BG13P\GCC\libbluetooth.a(gatt_client.c.obj)
 .text.discover_characteristics
                0x0000e374       0x2c C:\Users\poorn\SimplicityStudio\v4_workspace\soc-thermometer-client\protocol\bluetooth\lib\EFR32BG13P\GCC\libbluetooth.a(gatt_client.c.obj)
 .text.should_start_long_read
                0x0000e3a0       0x36 C:\Users\poorn\SimplicityStudio\v4_workspace\soc-thermometer-client\protocol\bluetooth\lib\EFR32BG13P\GCC\libbluetooth.a(gatt_client.c.obj)
 .text.send_service_event
                0x0000e3d6       0x4a C:\Users\poorn\SimplicityStudio\v4_workspace\soc-thermometer-client\protocol\bluetooth\lib\EFR32BG13P\GCC\libbluetooth.a(gatt_client.c.obj)
 .text.send_descriptor_value_event
                0x0000e420       0x3c C:\Users\poorn\SimplicityStudio\v4_workspace\soc-thermometer-client\protocol\bluetooth\lib\EFR32BG13P\GCC\libbluetooth.a(gatt_client.c.obj)
 .text.end_procedure
                0x0000e45c       0x3c C:\Users\poorn\SimplicityStudio\v4_workspace\soc-thermometer-client\protocol\bluetooth\lib\EFR32BG13P\GCC\libbluetooth.a(gatt_client.c.obj)
 .text.abort_long_write
                0x0000e498       0x20 C:\Users\poorn\SimplicityStudio\v4_workspace\soc-thermometer-client\protocol\bluetooth\lib\EFR32BG13P\GCC\libbluetooth.a(gatt_client.c.obj)
 .text.send_characteristic_value_event
                0x0000e4b8       0x72 C:\Users\poorn\SimplicityStudio\v4_workspace\soc-thermometer-client\protocol\bluetooth\lib\EFR32BG13P\GCC\libbluetooth.a(gatt_client.c.obj)
 .text.write_value
                0x0000e52a       0x4a C:\Users\poorn\SimplicityStudio\v4_workspace\soc-thermometer-client\protocol\bluetooth\lib\EFR32BG13P\GCC\libbluetooth.a(gatt_client.c.obj)
 .text.gatt_discover_primary_services_by_uuid
                0x0000e574       0x54 C:\Users\poorn\SimplicityStudio\v4_workspace\soc-thermometer-client\protocol\bluetooth\lib\EFR32BG13P\GCC\libbluetooth.a(gatt_client.c.obj)
                0x0000e574                gatt_discover_primary_services_by_uuid
 .text.gatt_find_included_services_handler
                0x0000e5c8       0xb0 C:\Users\poorn\SimplicityStudio\v4_workspace\soc-thermometer-client\protocol\bluetooth\lib\EFR32BG13P\GCC\libbluetooth.a(gatt_client.c.obj)
                0x0000e5c8                gatt_find_included_services_handler
 .text.gatt_discover_characteristics_by_uuid
                0x0000e678       0x3e C:\Users\poorn\SimplicityStudio\v4_workspace\soc-thermometer-client\protocol\bluetooth\lib\EFR32BG13P\GCC\libbluetooth.a(gatt_client.c.obj)
                0x0000e678                gatt_discover_characteristics_by_uuid
 .text.gatt_set_characteristic_notification
                0x0000e6b6       0x40 C:\Users\poorn\SimplicityStudio\v4_workspace\soc-thermometer-client\protocol\bluetooth\lib\EFR32BG13P\GCC\libbluetooth.a(gatt_client.c.obj)
                0x0000e6b6                gatt_set_characteristic_notification
 *fill*         0x0000e6f6        0x2 
 .text.gatt_handle_exchange_mtu_rsp
                0x0000e6f8       0x48 C:\Users\poorn\SimplicityStudio\v4_workspace\soc-thermometer-client\protocol\bluetooth\lib\EFR32BG13P\GCC\libbluetooth.a(gatt_client.c.obj)
                0x0000e6f8                gatt_handle_exchange_mtu_rsp
 .text.gatt_handle_find_information_response
                0x0000e740      0x152 C:\Users\poorn\SimplicityStudio\v4_workspace\soc-thermometer-client\protocol\bluetooth\lib\EFR32BG13P\GCC\libbluetooth.a(gatt_client.c.obj)
                0x0000e740                gatt_handle_find_information_response
 .text.gatt_handle_find_by_type_value_response
                0x0000e892       0xa0 C:\Users\poorn\SimplicityStudio\v4_workspace\soc-thermometer-client\protocol\bluetooth\lib\EFR32BG13P\GCC\libbluetooth.a(gatt_client.c.obj)
                0x0000e892                gatt_handle_find_by_type_value_response
 *fill*         0x0000e932        0x2 
 .text.gatt_handle_read_response
                0x0000e934       0xe4 C:\Users\poorn\SimplicityStudio\v4_workspace\soc-thermometer-client\protocol\bluetooth\lib\EFR32BG13P\GCC\libbluetooth.a(gatt_client.c.obj)
                0x0000e934                gatt_handle_read_response
 .text.read_long_value_handler
                0x0000ea18       0x72 C:\Users\poorn\SimplicityStudio\v4_workspace\soc-thermometer-client\protocol\bluetooth\lib\EFR32BG13P\GCC\libbluetooth.a(gatt_client.c.obj)
 .text.gatt_handle_read_blob_response
                0x0000ea8a       0x36 C:\Users\poorn\SimplicityStudio\v4_workspace\soc-thermometer-client\protocol\bluetooth\lib\EFR32BG13P\GCC\libbluetooth.a(gatt_client.c.obj)
                0x0000ea8a                gatt_handle_read_blob_response
 .text.gatt_handle_read_multiple_response
                0x0000eac0       0x3c C:\Users\poorn\SimplicityStudio\v4_workspace\soc-thermometer-client\protocol\bluetooth\lib\EFR32BG13P\GCC\libbluetooth.a(gatt_client.c.obj)
                0x0000eac0                gatt_handle_read_multiple_response
 .text.gatt_handle_read_by_type_response
                0x0000eafc      0x148 C:\Users\poorn\SimplicityStudio\v4_workspace\soc-thermometer-client\protocol\bluetooth\lib\EFR32BG13P\GCC\libbluetooth.a(gatt_client.c.obj)
                0x0000eafc                gatt_handle_read_by_type_response
 .text.gatt_handle_read_by_group_type_response
                0x0000ec44       0xaa C:\Users\poorn\SimplicityStudio\v4_workspace\soc-thermometer-client\protocol\bluetooth\lib\EFR32BG13P\GCC\libbluetooth.a(gatt_client.c.obj)
                0x0000ec44                gatt_handle_read_by_group_type_response
 .text.gatt_handle_write_response
                0x0000ecee       0x14 C:\Users\poorn\SimplicityStudio\v4_workspace\soc-thermometer-client\protocol\bluetooth\lib\EFR32BG13P\GCC\libbluetooth.a(gatt_client.c.obj)
                0x0000ecee                gatt_handle_write_response
 .text.gatt_handle_prepare_write_response
                0x0000ed02       0xb6 C:\Users\poorn\SimplicityStudio\v4_workspace\soc-thermometer-client\protocol\bluetooth\lib\EFR32BG13P\GCC\libbluetooth.a(gatt_client.c.obj)
                0x0000ed02                gatt_handle_prepare_write_response
 .text.gatt_handle_execute_write_response
                0x0000edb8       0x3c C:\Users\poorn\SimplicityStudio\v4_workspace\soc-thermometer-client\protocol\bluetooth\lib\EFR32BG13P\GCC\libbluetooth.a(gatt_client.c.obj)
                0x0000edb8                gatt_handle_execute_write_response
 .text.gatt_client_handle_value_notification
                0x0000edf4       0x12 C:\Users\poorn\SimplicityStudio\v4_workspace\soc-thermometer-client\protocol\bluetooth\lib\EFR32BG13P\GCC\libbluetooth.a(gatt_client.c.obj)
                0x0000edf4                gatt_client_handle_value_notification
 .text.gatt_client_handle_value_indication
                0x0000ee06       0x14 C:\Users\poorn\SimplicityStudio\v4_workspace\soc-thermometer-client\protocol\bluetooth\lib\EFR32BG13P\GCC\libbluetooth.a(gatt_client.c.obj)
                0x0000ee06                gatt_client_handle_value_indication
 .text.gatt_send_characteristic_confirmation
                0x0000ee1a       0x1e C:\Users\poorn\SimplicityStudio\v4_workspace\soc-thermometer-client\protocol\bluetooth\lib\EFR32BG13P\GCC\libbluetooth.a(gatt_client.c.obj)
                0x0000ee1a                gatt_send_characteristic_confirmation
 .text.gatt_client_init
                0x0000ee38        0xc C:\Users\poorn\SimplicityStudio\v4_workspace\soc-thermometer-client\protocol\bluetooth\lib\EFR32BG13P\GCC\libbluetooth.a(gatt_client.c.obj)
                0x0000ee38                gatt_client_init
 .text.get_att_uuid16
                0x0000ee44       0x24 C:\Users\poorn\SimplicityStudio\v4_workspace\soc-thermometer-client\protocol\bluetooth\lib\EFR32BG13P\GCC\libbluetooth.a(gatt_db_minimal.c.obj)
 .text.get_client_conf
                0x0000ee68       0x24 C:\Users\poorn\SimplicityStudio\v4_workspace\soc-thermometer-client\protocol\bluetooth\lib\EFR32BG13P\GCC\libbluetooth.a(gatt_db_minimal.c.obj)
 .text.gatt_db_set_db
                0x0000ee8c       0x14 C:\Users\poorn\SimplicityStudio\v4_workspace\soc-thermometer-client\protocol\bluetooth\lib\EFR32BG13P\GCC\libbluetooth.a(gatt_db_minimal.c.obj)
                0x0000ee8c                gatt_db_set_db
 .text.gatt_db_invalidate_hash
                0x0000eea0       0x10 C:\Users\poorn\SimplicityStudio\v4_workspace\soc-thermometer-client\protocol\bluetooth\lib\EFR32BG13P\GCC\libbluetooth.a(gatt_db_minimal.c.obj)
                0x0000eea0                gatt_db_invalidate_hash
 .text.gatt_db_set_client_features
                0x0000eeb0       0x1c C:\Users\poorn\SimplicityStudio\v4_workspace\soc-thermometer-client\protocol\bluetooth\lib\EFR32BG13P\GCC\libbluetooth.a(gatt_db_minimal.c.obj)
                0x0000eeb0                gatt_db_set_client_features
 .text.gatt_db_handle_inrange
                0x0000eecc       0x18 C:\Users\poorn\SimplicityStudio\v4_workspace\soc-thermometer-client\protocol\bluetooth\lib\EFR32BG13P\GCC\libbluetooth.a(gatt_db_minimal.c.obj)
                0x0000eecc                gatt_db_handle_inrange
 .text.gatt_db_handle_active
                0x0000eee4       0x30 C:\Users\poorn\SimplicityStudio\v4_workspace\soc-thermometer-client\protocol\bluetooth\lib\EFR32BG13P\GCC\libbluetooth.a(gatt_db_minimal.c.obj)
                0x0000eee4                gatt_db_handle_active
 .text.get_client_conf_index
                0x0000ef14       0x44 C:\Users\poorn\SimplicityStudio\v4_workspace\soc-thermometer-client\protocol\bluetooth\lib\EFR32BG13P\GCC\libbluetooth.a(gatt_db_minimal.c.obj)
 .text.gatt_db_get_char_properties
                0x0000ef58       0x44 C:\Users\poorn\SimplicityStudio\v4_workspace\soc-thermometer-client\protocol\bluetooth\lib\EFR32BG13P\GCC\libbluetooth.a(gatt_db_minimal.c.obj)
                0x0000ef58                gatt_db_get_char_properties
 .text.gatt_db_user_value
                0x0000ef9c       0x1c C:\Users\poorn\SimplicityStudio\v4_workspace\soc-thermometer-client\protocol\bluetooth\lib\EFR32BG13P\GCC\libbluetooth.a(gatt_db_minimal.c.obj)
                0x0000ef9c                gatt_db_user_value
 .text.gatt_db_load_client_conf
                0x0000efb8       0x32 C:\Users\poorn\SimplicityStudio\v4_workspace\soc-thermometer-client\protocol\bluetooth\lib\EFR32BG13P\GCC\libbluetooth.a(gatt_db_minimal.c.obj)
                0x0000efb8                gatt_db_load_client_conf
 *fill*         0x0000efea        0x2 
 .text.gatt_db_get_client_conf
                0x0000efec       0x68 C:\Users\poorn\SimplicityStudio\v4_workspace\soc-thermometer-client\protocol\bluetooth\lib\EFR32BG13P\GCC\libbluetooth.a(gatt_db_minimal.c.obj)
                0x0000efec                gatt_db_get_client_conf
 .text.gatt_db_get_att_len
                0x0000f054       0x3c C:\Users\poorn\SimplicityStudio\v4_workspace\soc-thermometer-client\protocol\bluetooth\lib\EFR32BG13P\GCC\libbluetooth.a(gatt_db_minimal.c.obj)
                0x0000f054                gatt_db_get_att_len
 .text.gatt_db_check_permissions
                0x0000f090      0x124 C:\Users\poorn\SimplicityStudio\v4_workspace\soc-thermometer-client\protocol\bluetooth\lib\EFR32BG13P\GCC\libbluetooth.a(gatt_db_minimal.c.obj)
                0x0000f090                gatt_db_check_permissions
 .text.gatt_db_get_data
                0x0000f1b4       0xa0 C:\Users\poorn\SimplicityStudio\v4_workspace\soc-thermometer-client\protocol\bluetooth\lib\EFR32BG13P\GCC\libbluetooth.a(gatt_db_minimal.c.obj)
                0x0000f1b4                gatt_db_get_data
 .text.gatt_db_set_hash
                0x0000f254      0x104 C:\Users\poorn\SimplicityStudio\v4_workspace\soc-thermometer-client\protocol\bluetooth\lib\EFR32BG13P\GCC\libbluetooth.a(gatt_db_minimal.c.obj)
                0x0000f254                gatt_db_set_hash
 .text.gatt_db_find_attribute_by_type
                0x0000f358       0x38 C:\Users\poorn\SimplicityStudio\v4_workspace\soc-thermometer-client\protocol\bluetooth\lib\EFR32BG13P\GCC\libbluetooth.a(gatt_db_minimal.c.obj)
                0x0000f358                gatt_db_find_attribute_by_type
 .text.gatt_db_find_group_end
                0x0000f390       0x48 C:\Users\poorn\SimplicityStudio\v4_workspace\soc-thermometer-client\protocol\bluetooth\lib\EFR32BG13P\GCC\libbluetooth.a(gatt_db_minimal.c.obj)
                0x0000f390                gatt_db_find_group_end
 .text.gatt_db_find_by_type_value
                0x0000f3d8       0x90 C:\Users\poorn\SimplicityStudio\v4_workspace\soc-thermometer-client\protocol\bluetooth\lib\EFR32BG13P\GCC\libbluetooth.a(gatt_db_minimal.c.obj)
                0x0000f3d8                gatt_db_find_by_type_value
 .text.gatt_db_get_attribute_type
                0x0000f468       0x34 C:\Users\poorn\SimplicityStudio\v4_workspace\soc-thermometer-client\protocol\bluetooth\lib\EFR32BG13P\GCC\libbluetooth.a(gatt_db_minimal.c.obj)
                0x0000f468                gatt_db_get_attribute_type
 .text.gatt_db_get_16bit_char_handle
                0x0000f49c       0x26 C:\Users\poorn\SimplicityStudio\v4_workspace\soc-thermometer-client\protocol\bluetooth\lib\EFR32BG13P\GCC\libbluetooth.a(gatt_db_minimal.c.obj)
                0x0000f49c                gatt_db_get_16bit_char_handle
 .text.set_client_conf.part.2
                0x0000f4c2       0x7e C:\Users\poorn\SimplicityStudio\v4_workspace\soc-thermometer-client\protocol\bluetooth\lib\EFR32BG13P\GCC\libbluetooth.a(gatt_db_minimal.c.obj)
 .text.gatt_db_set_data
                0x0000f540      0x160 C:\Users\poorn\SimplicityStudio\v4_workspace\soc-thermometer-client\protocol\bluetooth\lib\EFR32BG13P\GCC\libbluetooth.a(gatt_db_minimal.c.obj)
                0x0000f540                gatt_db_set_data
 .text.gatt_db_reset_client_conf
                0x0000f6a0       0x50 C:\Users\poorn\SimplicityStudio\v4_workspace\soc-thermometer-client\protocol\bluetooth\lib\EFR32BG13P\GCC\libbluetooth.a(gatt_db_minimal.c.obj)
                0x0000f6a0                gatt_db_reset_client_conf
 .text.send_user_read_request_event
                0x0000f6f0       0x32 C:\Users\poorn\SimplicityStudio\v4_workspace\soc-thermometer-client\protocol\bluetooth\lib\EFR32BG13P\GCC\libbluetooth.a(gatt_server.c.obj)
 .text.send_user_write_request_event
                0x0000f722       0x3a C:\Users\poorn\SimplicityStudio\v4_workspace\soc-thermometer-client\protocol\bluetooth\lib\EFR32BG13P\GCC\libbluetooth.a(gatt_server.c.obj)
 .text.send_execute_write_completed_event
                0x0000f75c       0x2a C:\Users\poorn\SimplicityStudio\v4_workspace\soc-thermometer-client\protocol\bluetooth\lib\EFR32BG13P\GCC\libbluetooth.a(gatt_server.c.obj)
 .text.finish_read_req
                0x0000f786       0x96 C:\Users\poorn\SimplicityStudio\v4_workspace\soc-thermometer-client\protocol\bluetooth\lib\EFR32BG13P\GCC\libbluetooth.a(gatt_server.c.obj)
 .text.handle_read_req
                0x0000f81c       0xa4 C:\Users\poorn\SimplicityStudio\v4_workspace\soc-thermometer-client\protocol\bluetooth\lib\EFR32BG13P\GCC\libbluetooth.a(gatt_server.c.obj)
 .text.finish_execute_write_req
                0x0000f8c0       0xa8 C:\Users\poorn\SimplicityStudio\v4_workspace\soc-thermometer-client\protocol\bluetooth\lib\EFR32BG13P\GCC\libbluetooth.a(gatt_server.c.obj)
 .text.send_notification
                0x0000f968       0x7e C:\Users\poorn\SimplicityStudio\v4_workspace\soc-thermometer-client\protocol\bluetooth\lib\EFR32BG13P\GCC\libbluetooth.a(gatt_server.c.obj)
 .text.gatt_server_send_attribute_value_event
                0x0000f9e6       0x3a C:\Users\poorn\SimplicityStudio\v4_workspace\soc-thermometer-client\protocol\bluetooth\lib\EFR32BG13P\GCC\libbluetooth.a(gatt_server.c.obj)
                0x0000f9e6                gatt_server_send_attribute_value_event
 .text.gatt_server_send_characteristic_status_event
                0x0000fa20       0x32 C:\Users\poorn\SimplicityStudio\v4_workspace\soc-thermometer-client\protocol\bluetooth\lib\EFR32BG13P\GCC\libbluetooth.a(gatt_server.c.obj)
                0x0000fa20                gatt_server_send_characteristic_status_event
 *fill*         0x0000fa52        0x2 
 .text.gatt_server_handle_exchange_mtu_req
                0x0000fa54       0x3c C:\Users\poorn\SimplicityStudio\v4_workspace\soc-thermometer-client\protocol\bluetooth\lib\EFR32BG13P\GCC\libbluetooth.a(gatt_server.c.obj)
                0x0000fa54                gatt_server_handle_exchange_mtu_req
 .text.gatt_server_handle_read_by_group_type
                0x0000fa90      0x120 C:\Users\poorn\SimplicityStudio\v4_workspace\soc-thermometer-client\protocol\bluetooth\lib\EFR32BG13P\GCC\libbluetooth.a(gatt_server.c.obj)
                0x0000fa90                gatt_server_handle_read_by_group_type
 .text.gatt_server_handle_read_by_type
                0x0000fbb0      0x184 C:\Users\poorn\SimplicityStudio\v4_workspace\soc-thermometer-client\protocol\bluetooth\lib\EFR32BG13P\GCC\libbluetooth.a(gatt_server.c.obj)
                0x0000fbb0                gatt_server_handle_read_by_type
 .text.gatt_server_handle_find_information
                0x0000fd34       0xe2 C:\Users\poorn\SimplicityStudio\v4_workspace\soc-thermometer-client\protocol\bluetooth\lib\EFR32BG13P\GCC\libbluetooth.a(gatt_server.c.obj)
                0x0000fd34                gatt_server_handle_find_information
 .text.gatt_server_handle_find_by_type_value_req
                0x0000fe16       0xc8 C:\Users\poorn\SimplicityStudio\v4_workspace\soc-thermometer-client\protocol\bluetooth\lib\EFR32BG13P\GCC\libbluetooth.a(gatt_server.c.obj)
                0x0000fe16                gatt_server_handle_find_by_type_value_req
 .text.gatt_server_handle_read_req
                0x0000fede        0xc C:\Users\poorn\SimplicityStudio\v4_workspace\soc-thermometer-client\protocol\bluetooth\lib\EFR32BG13P\GCC\libbluetooth.a(gatt_server.c.obj)
                0x0000fede                gatt_server_handle_read_req
 .text.gatt_server_handle_read_blob_req
                0x0000feea        0xa C:\Users\poorn\SimplicityStudio\v4_workspace\soc-thermometer-client\protocol\bluetooth\lib\EFR32BG13P\GCC\libbluetooth.a(gatt_server.c.obj)
                0x0000feea                gatt_server_handle_read_blob_req
 .text.gatt_server_handle_read_multiple_req
                0x0000fef4       0xee C:\Users\poorn\SimplicityStudio\v4_workspace\soc-thermometer-client\protocol\bluetooth\lib\EFR32BG13P\GCC\libbluetooth.a(gatt_server.c.obj)
                0x0000fef4                gatt_server_handle_read_multiple_req
 .text.gatt_server_handle_write_req
                0x0000ffe2       0x96 C:\Users\poorn\SimplicityStudio\v4_workspace\soc-thermometer-client\protocol\bluetooth\lib\EFR32BG13P\GCC\libbluetooth.a(gatt_server.c.obj)
                0x0000ffe2                gatt_server_handle_write_req
 .text.gatt_server_handle_write_cmd
                0x00010078       0x84 C:\Users\poorn\SimplicityStudio\v4_workspace\soc-thermometer-client\protocol\bluetooth\lib\EFR32BG13P\GCC\libbluetooth.a(gatt_server.c.obj)
                0x00010078                gatt_server_handle_write_cmd
 .text.gatt_server_handle_prepare_write_req
                0x000100fc       0xa4 C:\Users\poorn\SimplicityStudio\v4_workspace\soc-thermometer-client\protocol\bluetooth\lib\EFR32BG13P\GCC\libbluetooth.a(gatt_server.c.obj)
                0x000100fc                gatt_server_handle_prepare_write_req
 .text.gatt_server_handle_execute_write_req
                0x000101a0       0x28 C:\Users\poorn\SimplicityStudio\v4_workspace\soc-thermometer-client\protocol\bluetooth\lib\EFR32BG13P\GCC\libbluetooth.a(gatt_server.c.obj)
                0x000101a0                gatt_server_handle_execute_write_req
 .text.gatt_server_handle_value_cfm
                0x000101c8       0x48 C:\Users\poorn\SimplicityStudio\v4_workspace\soc-thermometer-client\protocol\bluetooth\lib\EFR32BG13P\GCC\libbluetooth.a(gatt_server.c.obj)
                0x000101c8                gatt_server_handle_value_cfm
 .text.gatt_server_send_user_write_response
                0x00010210       0x7c C:\Users\poorn\SimplicityStudio\v4_workspace\soc-thermometer-client\protocol\bluetooth\lib\EFR32BG13P\GCC\libbluetooth.a(gatt_server.c.obj)
                0x00010210                gatt_server_send_user_write_response
 .text.gatt_server_report_gattdb_change
                0x0001028c       0x5c C:\Users\poorn\SimplicityStudio\v4_workspace\soc-thermometer-client\protocol\bluetooth\lib\EFR32BG13P\GCC\libbluetooth.a(gatt_server.c.obj)
                0x0001028c                gatt_server_report_gattdb_change
 .text.gatt_server_report_client_config
                0x000102e8       0xa8 C:\Users\poorn\SimplicityStudio\v4_workspace\soc-thermometer-client\protocol\bluetooth\lib\EFR32BG13P\GCC\libbluetooth.a(gatt_server.c.obj)
                0x000102e8                gatt_server_report_client_config
 .text.handle_database_changed.part.3
                0x00010390       0x70 C:\Users\poorn\SimplicityStudio\v4_workspace\soc-thermometer-client\protocol\bluetooth\lib\EFR32BG13P\GCC\libbluetooth.a(gatt_server.c.obj)
 .text.gatt_server_handle_att
                0x00010400      0x262 C:\Users\poorn\SimplicityStudio\v4_workspace\soc-thermometer-client\protocol\bluetooth\lib\EFR32BG13P\GCC\libbluetooth.a(gatt_server.c.obj)
                0x00010400                gatt_server_handle_att
 .text.gatt_set_gattdb
                0x00010662       0x34 C:\Users\poorn\SimplicityStudio\v4_workspace\soc-thermometer-client\protocol\bluetooth\lib\EFR32BG13P\GCC\libbluetooth.a(gatt_server.c.obj)
                0x00010662                gatt_set_gattdb
 .text.gatt_server_enter_att_handling
                0x00010696        0xa C:\Users\poorn\SimplicityStudio\v4_workspace\soc-thermometer-client\protocol\bluetooth\lib\EFR32BG13P\GCC\libbluetooth.a(gatt_server.c.obj)
                0x00010696                gatt_server_enter_att_handling
 .text.gatt_server_leave_att_handling
                0x000106a0        0xa C:\Users\poorn\SimplicityStudio\v4_workspace\soc-thermometer-client\protocol\bluetooth\lib\EFR32BG13P\GCC\libbluetooth.a(gatt_server.c.obj)
                0x000106a0                gatt_server_leave_att_handling
 .text.gatt_server_att_handling
                0x000106aa        0x8 C:\Users\poorn\SimplicityStudio\v4_workspace\soc-thermometer-client\protocol\bluetooth\lib\EFR32BG13P\GCC\libbluetooth.a(gatt_server.c.obj)
                0x000106aa                gatt_server_att_handling
 .text.gecko_bgapi_class_dfu_init
                0x000106b2       0x12 C:\Users\poorn\SimplicityStudio\v4_workspace\soc-thermometer-client\protocol\bluetooth\lib\EFR32BG13P\GCC\libbluetooth.a(gecko_bgapi_dfu.c.obj)
                0x000106b2                gecko_bgapi_class_dfu_init
 .text.gecko_bgapi_class_endpoint_init
                0x000106c4       0x12 C:\Users\poorn\SimplicityStudio\v4_workspace\soc-thermometer-client\protocol\bluetooth\lib\EFR32BG13P\GCC\libbluetooth.a(gecko_bgapi_endpoint.c.obj)
                0x000106c4                gecko_bgapi_class_endpoint_init
 .text.gecko_bgapi_class_flash_init
                0x000106d6       0x12 C:\Users\poorn\SimplicityStudio\v4_workspace\soc-thermometer-client\protocol\bluetooth\lib\EFR32BG13P\GCC\libbluetooth.a(gecko_bgapi_flash.c.obj)
                0x000106d6                gecko_bgapi_class_flash_init
 .text.gecko_bgapi_class_le_gap_init
                0x000106e8       0x12 C:\Users\poorn\SimplicityStudio\v4_workspace\soc-thermometer-client\protocol\bluetooth\lib\EFR32BG13P\GCC\libbluetooth.a(gecko_bgapi_gap.c.obj)
                0x000106e8                gecko_bgapi_class_le_gap_init
 .text.gecko_bgapi_class_gatt_init
                0x000106fa       0x12 C:\Users\poorn\SimplicityStudio\v4_workspace\soc-thermometer-client\protocol\bluetooth\lib\EFR32BG13P\GCC\libbluetooth.a(gecko_bgapi_gatt.c.obj)
                0x000106fa                gecko_bgapi_class_gatt_init
 .text.gecko_bgapi_class_gatt_server_init
                0x0001070c       0x12 C:\Users\poorn\SimplicityStudio\v4_workspace\soc-thermometer-client\protocol\bluetooth\lib\EFR32BG13P\GCC\libbluetooth.a(gecko_bgapi_gatt_server.c.obj)
                0x0001070c                gecko_bgapi_class_gatt_server_init
 .text.gecko_bgapi_class_hardware_init
                0x0001071e       0x12 C:\Users\poorn\SimplicityStudio\v4_workspace\soc-thermometer-client\protocol\bluetooth\lib\EFR32BG13P\GCC\libbluetooth.a(gecko_bgapi_hardware.c.obj)
                0x0001071e                gecko_bgapi_class_hardware_init
 .text.gecko_bgapi_class_le_connection_init
                0x00010730       0x12 C:\Users\poorn\SimplicityStudio\v4_workspace\soc-thermometer-client\protocol\bluetooth\lib\EFR32BG13P\GCC\libbluetooth.a(gecko_bgapi_le_connection.c.obj)
                0x00010730                gecko_bgapi_class_le_connection_init
 .text.gecko_bgapi_class_sm_init
                0x00010742       0x12 C:\Users\poorn\SimplicityStudio\v4_workspace\soc-thermometer-client\protocol\bluetooth\lib\EFR32BG13P\GCC\libbluetooth.a(gecko_bgapi_sm.c.obj)
                0x00010742                gecko_bgapi_class_sm_init
 .text.gecko_bgapi_class_system_init
                0x00010754       0x12 C:\Users\poorn\SimplicityStudio\v4_workspace\soc-thermometer-client\protocol\bluetooth\lib\EFR32BG13P\GCC\libbluetooth.a(gecko_bgapi_system.c.obj)
                0x00010754                gecko_bgapi_class_system_init
 .text.gecko_bgapi_class_test_init
                0x00010766       0x12 C:\Users\poorn\SimplicityStudio\v4_workspace\soc-thermometer-client\protocol\bluetooth\lib\EFR32BG13P\GCC\libbluetooth.a(gecko_bgapi_test.c.obj)
                0x00010766                gecko_bgapi_class_test_init
 .text.handle_bgapi_output
                0x00010778       0x74 C:\Users\poorn\SimplicityStudio\v4_workspace\soc-thermometer-client\protocol\bluetooth\lib\EFR32BG13P\GCC\libbluetooth.a(gecko_endpoints.c.obj)
 .text.gecko_release_evt
                0x000107ec       0x14 C:\Users\poorn\SimplicityStudio\v4_workspace\soc-thermometer-client\protocol\bluetooth\lib\EFR32BG13P\GCC\libbluetooth.a(gecko_endpoints.c.obj)
                0x000107ec                gecko_release_evt
 .text.gecko_get_evt
                0x00010800       0x10 C:\Users\poorn\SimplicityStudio\v4_workspace\soc-thermometer-client\protocol\bluetooth\lib\EFR32BG13P\GCC\libbluetooth.a(gecko_endpoints.c.obj)
                0x00010800                gecko_get_evt
 .text.gecko_register_bgapi_library
                0x00010810       0x38 C:\Users\poorn\SimplicityStudio\v4_workspace\soc-thermometer-client\protocol\bluetooth\lib\EFR32BG13P\GCC\libbluetooth.a(gecko_endpoints.c.obj)
                0x00010810                gecko_register_bgapi_library
 .text.gecko_handle_library_packet
                0x00010848       0x10 C:\Users\poorn\SimplicityStudio\v4_workspace\soc-thermometer-client\protocol\bluetooth\lib\EFR32BG13P\GCC\libbluetooth.a(gecko_endpoints.c.obj)
                0x00010848                gecko_handle_library_packet
 .text.sli_bt_cmd_handler_delegate
                0x00010858       0x7c C:\Users\poorn\SimplicityStudio\v4_workspace\soc-thermometer-client\protocol\bluetooth\lib\EFR32BG13P\GCC\libbluetooth.a(gecko_endpoints.c.obj)
                0x00010858                sli_bt_cmd_handler_delegate
 .text.hci_increase_token
                0x000108d4       0x12 C:\Users\poorn\SimplicityStudio\v4_workspace\soc-thermometer-client\protocol\bluetooth\lib\EFR32BG13P\GCC\libbluetooth.a(hci.c.obj)
 *fill*         0x000108e6        0x2 
 .text.hci_init
                0x000108e8       0x1c C:\Users\poorn\SimplicityStudio\v4_workspace\soc-thermometer-client\protocol\bluetooth\lib\EFR32BG13P\GCC\libbluetooth.a(hci.c.obj)
                0x000108e8                hci_init
 .text.hci_command_status_handle
                0x00010904       0x40 C:\Users\poorn\SimplicityStudio\v4_workspace\soc-thermometer-client\protocol\bluetooth\lib\EFR32BG13P\GCC\libbluetooth.a(hci.c.obj)
                0x00010904                hci_command_status_handle
 .text.hci_command_complete_handle
                0x00010944      0x148 C:\Users\poorn\SimplicityStudio\v4_workspace\soc-thermometer-client\protocol\bluetooth\lib\EFR32BG13P\GCC\libbluetooth.a(hci.c.obj)
                0x00010944                hci_command_complete_handle
 .text.handle_extended_advertising_report
                0x00010a8c      0x100 C:\Users\poorn\SimplicityStudio\v4_workspace\soc-thermometer-client\protocol\bluetooth\lib\EFR32BG13P\GCC\libbluetooth.a(hci.c.obj)
                0x00010a8c                handle_extended_advertising_report
 .text.hci_inject_acl
                0x00010b8c        0xc C:\Users\poorn\SimplicityStudio\v4_workspace\soc-thermometer-client\protocol\bluetooth\lib\EFR32BG13P\GCC\libbluetooth.a(hci.c.obj)
                0x00010b8c                hci_inject_acl
 .text.hci_packets_waiting
                0x00010b98       0x18 C:\Users\poorn\SimplicityStudio\v4_workspace\soc-thermometer-client\protocol\bluetooth\lib\EFR32BG13P\GCC\libbluetooth.a(hci.c.obj)
                0x00010b98                hci_packets_waiting
 .text.hci_get_acl_packet
                0x00010bb0       0x14 C:\Users\poorn\SimplicityStudio\v4_workspace\soc-thermometer-client\protocol\bluetooth\lib\EFR32BG13P\GCC\libbluetooth.a(hci.c.obj)
                0x00010bb0                hci_get_acl_packet
 .text.hci_send_command
                0x00010bc4       0x12 C:\Users\poorn\SimplicityStudio\v4_workspace\soc-thermometer-client\protocol\bluetooth\lib\EFR32BG13P\GCC\libbluetooth.a(hci.c.obj)
                0x00010bc4                hci_send_command
 .text.hci_read_bdaddr
                0x00010bd6       0x1c C:\Users\poorn\SimplicityStudio\v4_workspace\soc-thermometer-client\protocol\bluetooth\lib\EFR32BG13P\GCC\libbluetooth.a(hci.c.obj)
                0x00010bd6                hci_read_bdaddr
 *fill*         0x00010bf2        0x2 
 .text.hci_state_listener
                0x00010bf4       0x14 C:\Users\poorn\SimplicityStudio\v4_workspace\soc-thermometer-client\protocol\bluetooth\lib\EFR32BG13P\GCC\libbluetooth.a(hci.c.obj)
                0x00010bf4                hci_state_listener
 .text.hci_set_state
                0x00010c08       0x1c C:\Users\poorn\SimplicityStudio\v4_workspace\soc-thermometer-client\protocol\bluetooth\lib\EFR32BG13P\GCC\libbluetooth.a(hci.c.obj)
                0x00010c08                hci_set_state
 .text.hci_state_listener_init
                0x00010c24       0x10 C:\Users\poorn\SimplicityStudio\v4_workspace\soc-thermometer-client\protocol\bluetooth\lib\EFR32BG13P\GCC\libbluetooth.a(hci.c.obj)
                0x00010c24                hci_state_listener_init
 .text.hci_state_listener_init_default_data_length
                0x00010c34       0x6c C:\Users\poorn\SimplicityStudio\v4_workspace\soc-thermometer-client\protocol\bluetooth\lib\EFR32BG13P\GCC\libbluetooth.a(hci.c.obj)
                0x00010c34                hci_state_listener_init_default_data_length
 .text.hci_run  0x00010ca0        0x6 C:\Users\poorn\SimplicityStudio\v4_workspace\soc-thermometer-client\protocol\bluetooth\lib\EFR32BG13P\GCC\libbluetooth.a(hci.c.obj)
                0x00010ca0                hci_run
 .text.hci_start
                0x00010ca6        0x6 C:\Users\poorn\SimplicityStudio\v4_workspace\soc-thermometer-client\protocol\bluetooth\lib\EFR32BG13P\GCC\libbluetooth.a(hci.c.obj)
                0x00010ca6                hci_start
 .text.hci_cleanup_acl
                0x00010cac       0x28 C:\Users\poorn\SimplicityStudio\v4_workspace\soc-thermometer-client\protocol\bluetooth\lib\EFR32BG13P\GCC\libbluetooth.a(hci.c.obj)
                0x00010cac                hci_cleanup_acl
 .text.hci_send_acl
                0x00010cd4       0xac C:\Users\poorn\SimplicityStudio\v4_workspace\soc-thermometer-client\protocol\bluetooth\lib\EFR32BG13P\GCC\libbluetooth.a(hci.c.obj)
                0x00010cd4                hci_send_acl
 .text.hci_le_set_random_address
                0x00010d80       0x2c C:\Users\poorn\SimplicityStudio\v4_workspace\soc-thermometer-client\protocol\bluetooth\lib\EFR32BG13P\GCC\libbluetooth.a(hci.c.obj)
                0x00010d80                hci_le_set_random_address
 .text.hci_le_set_extended_advertising_parameters
                0x00010dac       0x98 C:\Users\poorn\SimplicityStudio\v4_workspace\soc-thermometer-client\protocol\bluetooth\lib\EFR32BG13P\GCC\libbluetooth.a(hci.c.obj)
                0x00010dac                hci_le_set_extended_advertising_parameters
 .text.hci_le_set_advertising_set_random_address
                0x00010e44       0x38 C:\Users\poorn\SimplicityStudio\v4_workspace\soc-thermometer-client\protocol\bluetooth\lib\EFR32BG13P\GCC\libbluetooth.a(hci.c.obj)
                0x00010e44                hci_le_set_advertising_set_random_address
 .text.hci_le_set_extended_advertising_data
                0x00010e7c       0x34 C:\Users\poorn\SimplicityStudio\v4_workspace\soc-thermometer-client\protocol\bluetooth\lib\EFR32BG13P\GCC\libbluetooth.a(hci.c.obj)
                0x00010e7c                hci_le_set_extended_advertising_data
 .text.hci_le_set_extended_scan_response_data
                0x00010eb0       0x34 C:\Users\poorn\SimplicityStudio\v4_workspace\soc-thermometer-client\protocol\bluetooth\lib\EFR32BG13P\GCC\libbluetooth.a(hci.c.obj)
                0x00010eb0                hci_le_set_extended_scan_response_data
 .text.hci_le_set_extended_advertising_enable
                0x00010ee4       0x44 C:\Users\poorn\SimplicityStudio\v4_workspace\soc-thermometer-client\protocol\bluetooth\lib\EFR32BG13P\GCC\libbluetooth.a(hci.c.obj)
                0x00010ee4                hci_le_set_extended_advertising_enable
 .text.hci_le_set_extended_scan_parameters
                0x00010f28       0x4c C:\Users\poorn\SimplicityStudio\v4_workspace\soc-thermometer-client\protocol\bluetooth\lib\EFR32BG13P\GCC\libbluetooth.a(hci.c.obj)
                0x00010f28                hci_le_set_extended_scan_parameters
 .text.hci_le_set_ext_scan_enable
                0x00010f74       0x34 C:\Users\poorn\SimplicityStudio\v4_workspace\soc-thermometer-client\protocol\bluetooth\lib\EFR32BG13P\GCC\libbluetooth.a(hci.c.obj)
                0x00010f74                hci_le_set_ext_scan_enable
 .text.hci_open_le
                0x00010fa8       0x84 C:\Users\poorn\SimplicityStudio\v4_workspace\soc-thermometer-client\protocol\bluetooth\lib\EFR32BG13P\GCC\libbluetooth.a(hci.c.obj)
                0x00010fa8                hci_open_le
 .text.hci_le_create_connection_cancel
                0x0001102c       0x14 C:\Users\poorn\SimplicityStudio\v4_workspace\soc-thermometer-client\protocol\bluetooth\lib\EFR32BG13P\GCC\libbluetooth.a(hci.c.obj)
                0x0001102c                hci_le_create_connection_cancel
 .text.hci_close_acl
                0x00011040       0x42 C:\Users\poorn\SimplicityStudio\v4_workspace\soc-thermometer-client\protocol\bluetooth\lib\EFR32BG13P\GCC\libbluetooth.a(hci.c.obj)
                0x00011040                hci_close_acl
 *fill*         0x00011082        0x2 
 .text.hci_le_connection_update
                0x00011084       0x58 C:\Users\poorn\SimplicityStudio\v4_workspace\soc-thermometer-client\protocol\bluetooth\lib\EFR32BG13P\GCC\libbluetooth.a(hci.c.obj)
                0x00011084                hci_le_connection_update
 .text.hci_le_start_encryption
                0x000110dc       0x50 C:\Users\poorn\SimplicityStudio\v4_workspace\soc-thermometer-client\protocol\bluetooth\lib\EFR32BG13P\GCC\libbluetooth.a(hci.c.obj)
                0x000110dc                hci_le_start_encryption
 .text.hci_le_ltk_reply
                0x0001112c       0x4c C:\Users\poorn\SimplicityStudio\v4_workspace\soc-thermometer-client\protocol\bluetooth\lib\EFR32BG13P\GCC\libbluetooth.a(hci.c.obj)
                0x0001112c                hci_le_ltk_reply
 .text.hci_read_rssi
                0x00011178       0x22 C:\Users\poorn\SimplicityStudio\v4_workspace\soc-thermometer-client\protocol\bluetooth\lib\EFR32BG13P\GCC\libbluetooth.a(hci.c.obj)
                0x00011178                hci_read_rssi
 *fill*         0x0001119a        0x2 
 .text.hci_le_remote_connection_parameter_request_reply
                0x0001119c       0x58 C:\Users\poorn\SimplicityStudio\v4_workspace\soc-thermometer-client\protocol\bluetooth\lib\EFR32BG13P\GCC\libbluetooth.a(hci.c.obj)
                0x0001119c                hci_le_remote_connection_parameter_request_reply
 .text.hci_event_handle
                0x000111f4      0x26a C:\Users\poorn\SimplicityStudio\v4_workspace\soc-thermometer-client\protocol\bluetooth\lib\EFR32BG13P\GCC\libbluetooth.a(hci.c.obj)
                0x000111f4                hci_event_handle
 .text.hci_get_and_handle
                0x0001145e       0x20 C:\Users\poorn\SimplicityStudio\v4_workspace\soc-thermometer-client\protocol\bluetooth\lib\EFR32BG13P\GCC\libbluetooth.a(hci.c.obj)
                0x0001145e                hci_get_and_handle
 *fill*         0x0001147e        0x2 
 .text.hci_state_listener_idle
                0x00011480       0x1c C:\Users\poorn\SimplicityStudio\v4_workspace\soc-thermometer-client\protocol\bluetooth\lib\EFR32BG13P\GCC\libbluetooth.a(hci.c.obj)